You are using the default legacy behaviour of the <class 'transformers.models.t5.tokenization_t5.T5Tokenizer'>. This is expected, and simply means that the `legacy` (previous) behavior will be used so nothing changes for you. If you want to use the new behaviour, set `legacy=False`. This should only be set if you understand what it means, and thoroughly read the reason why this was added as explained in https://github.com/huggingface/transformers/pull/24565
/home/nbrady/.local/lib/python3.9/site-packages/torchio/data/image.py:248: UserWarning: Using TorchIO images without a torchio.SubjectsLoader in PyTorch >= 2.3 might have unexpected consequences, e.g., the collated batches will be instances of torchio.Subject with 5D images. Replace your PyTorch DataLoader with a torchio.SubjectsLoader so that the collated batch becomes a dictionary, as expected. See https://github.com/fepegar/torchio/issues/1179 for more context about this issue.
  warnings.warn(message, stacklevel=1)
/home/nbrady/.local/lib/python3.9/site-packages/torchio/data/image.py:248: UserWarning: Using TorchIO images without a torchio.SubjectsLoader in PyTorch >= 2.3 might have unexpected consequences, e.g., the collated batches will be instances of torchio.Subject with 5D images. Replace your PyTorch DataLoader with a torchio.SubjectsLoader so that the collated batch becomes a dictionary, as expected. See https://github.com/fepegar/torchio/issues/1179 for more context about this issue.
  warnings.warn(message, stacklevel=1)
Columns in the dataframe:  Index(['Subject ID', 'MRI ID', 'Group', 'Visit', 'MR Delay', 'M/F', 'Hand',
       'Age', 'EDUC', 'SES', 'MMSE', 'CDR', 'eTIV', 'nWBV', 'ASF', 'MRI-URL',
       'Generated_descriptions'],
      dtype='object')
Data in the dataloader: Index(['Subject ID', 'MRI ID', 'Group', 'Visit', 'MR Delay', 'M/F', 'Hand',
       'Age', 'EDUC', 'SES', 'MMSE', 'CDR', 'eTIV', 'nWBV', 'ASF', 'MRI-URL',
       'Generated_descriptions', 'MMSE_bin', 'MMSE_bin_codes',
       'MMSE_transformed'],
      dtype='object')
torch.Size([16])
torch.Size([16, 1, 128, 256, 256])
Hyperparameters:
batch_size: 8
epochs: 300
learning_rate: 0.0003
n_heads: 4
n_layers: 3
dropout: 0.2
patch_size: 32
in_channels: 1
out_channels: 256
embedding_text_dim: 256
vocab_size: 32000
max_seq_length: 300
patience: 20
img_depth: 128
img_height: 256
img_width: 256
img_dims: (128, 256, 256)
================================================
Notes: 
Using a larger model capacity of 256 for the transformer blocks and the decoder.
Using a beam search decoder at inference time to see the difference between the two decoding strategies.
================================================
Initializing data loader
Getting dataloaders
Columns in the dataframe:  Index(['Subject ID', 'MRI ID', 'Group', 'Visit', 'MR Delay', 'M/F', 'Hand',
       'Age', 'EDUC', 'SES', 'MMSE', 'CDR', 'eTIV', 'nWBV', 'ASF', 'MRI-URL',
       'Generated_descriptions'],
      dtype='object')
Data in the dataloader: Index(['Subject ID', 'MRI ID', 'Group', 'Visit', 'MR Delay', 'M/F', 'Hand',
       'Age', 'EDUC', 'SES', 'MMSE', 'CDR', 'eTIV', 'nWBV', 'ASF', 'MRI-URL',
       'Generated_descriptions', 'MMSE_bin', 'MMSE_bin_codes',
       'MMSE_transformed'],
      dtype='object')
Finished loading the data
Device: cuda
Epoch 1: train_loss 12.0481, train_text_loss 10.2506, val_loss 13.5030, val_text_loss 10.0329, train_acc 0.4938, val_acc 0.3929
Epoch 2: train_loss 10.9375, train_text_loss 9.8913, val_loss 10.6209, val_text_loss 9.7112, train_acc 0.4815, val_acc 0.4286
Epoch 3: train_loss 10.6636, train_text_loss 9.5321, val_loss 11.1556, val_text_loss 9.3736, train_acc 0.4691, val_acc 0.3929
Epoch 4: train_loss 10.0485, train_text_loss 9.1514, val_loss 10.0933, val_text_loss 9.0383, train_acc 0.4815, val_acc 0.6071
Epoch 5: train_loss 9.7325, train_text_loss 8.7721, val_loss 9.5257, val_text_loss 8.6993, train_acc 0.5926, val_acc 0.3929
Epoch 6: train_loss 9.0697, train_text_loss 8.3718, val_loss 9.0635, val_text_loss 8.3511, train_acc 0.4938, val_acc 0.6071
Epoch 7: train_loss 8.7321, train_text_loss 7.9488, val_loss 8.7072, val_text_loss 7.9915, train_acc 0.5556, val_acc 0.5714
Epoch 8: train_loss 8.2785, train_text_loss 7.5262, val_loss 8.3952, val_text_loss 7.6835, train_acc 0.5432, val_acc 0.5714
Epoch 9: train_loss 7.8613, train_text_loss 7.1405, val_loss 8.2116, val_text_loss 7.3721, train_acc 0.4815, val_acc 0.6071
Epoch 10: train_loss 7.5411, train_text_loss 6.7865, val_loss 7.8159, val_text_loss 7.1309, train_acc 0.6049, val_acc 0.6071
Epoch 11: train_loss 7.1843, train_text_loss 6.4774, val_loss 7.9445, val_text_loss 6.9163, train_acc 0.6173, val_acc 0.3929
Epoch 12: train_loss 7.2765, train_text_loss 6.3917, val_loss 7.4726, val_text_loss 6.7491, train_acc 0.4198, val_acc 0.5357
Epoch 13: train_loss 6.7647, train_text_loss 6.0496, val_loss 7.3848, val_text_loss 6.6229, train_acc 0.5802, val_acc 0.6071
Epoch 14: train_loss 6.7441, train_text_loss 6.0451, val_loss 7.2036, val_text_loss 6.5338, train_acc 0.5802, val_acc 0.5714
Epoch 15: train_loss 6.4200, train_text_loss 5.6502, val_loss 7.0866, val_text_loss 6.4388, train_acc 0.4938, val_acc 0.6786
Epoch 16: train_loss 6.2435, train_text_loss 5.5148, val_loss 7.0545, val_text_loss 6.3845, train_acc 0.5802, val_acc 0.6071
Epoch 17: train_loss 6.5850, train_text_loss 5.8129, val_loss 7.0466, val_text_loss 6.3723, train_acc 0.6173, val_acc 0.6429
Epoch 18: train_loss 6.3287, train_text_loss 5.6570, val_loss 7.1582, val_text_loss 6.3298, train_acc 0.6173, val_acc 0.4643
Epoch 19: train_loss 5.9343, train_text_loss 5.2820, val_loss 6.9732, val_text_loss 6.2895, train_acc 0.6296, val_acc 0.5357
Epoch 20: train_loss 5.8921, train_text_loss 5.2246, val_loss 6.9915, val_text_loss 6.2944, train_acc 0.6296, val_acc 0.5357
Epoch 21: train_loss 6.3029, train_text_loss 5.6048, val_loss 7.0444, val_text_loss 6.2885, train_acc 0.4938, val_acc 0.5714
Epoch 22: train_loss 5.8135, train_text_loss 5.1428, val_loss 6.9653, val_text_loss 6.2547, train_acc 0.5309, val_acc 0.6429
Epoch 23: train_loss 5.7545, train_text_loss 5.1323, val_loss 6.9990, val_text_loss 6.2709, train_acc 0.6543, val_acc 0.3929
Epoch 24: train_loss 5.9849, train_text_loss 5.2311, val_loss 6.9792, val_text_loss 6.2300, train_acc 0.5679, val_acc 0.3571
Epoch 25: train_loss 5.6798, train_text_loss 5.0769, val_loss 7.0140, val_text_loss 6.2406, train_acc 0.6173, val_acc 0.6071
Epoch 26: train_loss 6.2242, train_text_loss 5.4984, val_loss 6.9459, val_text_loss 6.1947, train_acc 0.5802, val_acc 0.5357
Epoch 27: train_loss 5.8896, train_text_loss 5.2182, val_loss 7.2104, val_text_loss 6.2476, train_acc 0.5926, val_acc 0.5000
Epoch 28: train_loss 6.1128, train_text_loss 5.4433, val_loss 6.8964, val_text_loss 6.1542, train_acc 0.6667, val_acc 0.4643
Epoch 29: train_loss 5.6523, train_text_loss 5.0178, val_loss 7.0081, val_text_loss 6.2377, train_acc 0.6173, val_acc 0.4643
Epoch 30: train_loss 5.7222, train_text_loss 5.1041, val_loss 7.4738, val_text_loss 6.2778, train_acc 0.6790, val_acc 0.3929
Epoch 31: train_loss 5.8183, train_text_loss 5.1633, val_loss 6.9502, val_text_loss 6.2045, train_acc 0.5926, val_acc 0.6071
Epoch 32: train_loss 5.9468, train_text_loss 5.2206, val_loss 6.8588, val_text_loss 6.1478, train_acc 0.6049, val_acc 0.5714
Epoch 33: train_loss 5.8912, train_text_loss 5.2811, val_loss 6.9942, val_text_loss 6.1230, train_acc 0.7037, val_acc 0.5357
Epoch 34: train_loss 5.5363, train_text_loss 4.8909, val_loss 6.7930, val_text_loss 6.0986, train_acc 0.5802, val_acc 0.6071
Epoch 35: train_loss 5.5056, train_text_loss 4.8322, val_loss 6.7240, val_text_loss 6.0380, train_acc 0.5802, val_acc 0.5357
Epoch 36: train_loss 5.7606, train_text_loss 5.0521, val_loss 6.8186, val_text_loss 6.0444, train_acc 0.6543, val_acc 0.4643
Epoch 37: train_loss 5.9651, train_text_loss 5.2447, val_loss 6.6693, val_text_loss 5.9707, train_acc 0.5926, val_acc 0.6071
Epoch 38: train_loss 5.4398, train_text_loss 4.7659, val_loss 6.6135, val_text_loss 5.9438, train_acc 0.5802, val_acc 0.6071
Epoch 39: train_loss 5.7123, train_text_loss 4.9579, val_loss 6.6459, val_text_loss 5.9121, train_acc 0.6173, val_acc 0.6429
Epoch 40: train_loss 5.2852, train_text_loss 4.6580, val_loss 6.6476, val_text_loss 5.8899, train_acc 0.6667, val_acc 0.5357
Epoch 41: train_loss 5.5562, train_text_loss 4.8207, val_loss 6.5840, val_text_loss 5.8641, train_acc 0.5432, val_acc 0.5357
Epoch 42: train_loss 5.6365, train_text_loss 4.9413, val_loss 6.4286, val_text_loss 5.7658, train_acc 0.6049, val_acc 0.6071
Epoch 43: train_loss 5.5677, train_text_loss 4.9479, val_loss 6.5356, val_text_loss 5.8335, train_acc 0.6420, val_acc 0.6786
Epoch 44: train_loss 5.3433, train_text_loss 4.7057, val_loss 6.3734, val_text_loss 5.7831, train_acc 0.6790, val_acc 0.6071
Epoch 45: train_loss 5.2948, train_text_loss 4.6833, val_loss 6.5435, val_text_loss 5.8245, train_acc 0.6420, val_acc 0.5714
Epoch 46: train_loss 5.0979, train_text_loss 4.4565, val_loss 6.3510, val_text_loss 5.7106, train_acc 0.6667, val_acc 0.6786
Epoch 47: train_loss 5.1122, train_text_loss 4.4335, val_loss 6.2904, val_text_loss 5.6535, train_acc 0.6667, val_acc 0.7143
Epoch 48: train_loss 4.9352, train_text_loss 4.3721, val_loss 6.2823, val_text_loss 5.6093, train_acc 0.6914, val_acc 0.5714
Epoch 49: train_loss 5.2791, train_text_loss 4.4263, val_loss 6.4186, val_text_loss 5.5923, train_acc 0.5309, val_acc 0.4643
Epoch 50: train_loss 5.1564, train_text_loss 4.5092, val_loss 6.2431, val_text_loss 5.5839, train_acc 0.6790, val_acc 0.6429
Epoch 51: train_loss 5.0744, train_text_loss 4.4116, val_loss 6.1844, val_text_loss 5.5520, train_acc 0.6790, val_acc 0.6071
Epoch 52: train_loss 4.9867, train_text_loss 4.2992, val_loss 6.3125, val_text_loss 5.5144, train_acc 0.5432, val_acc 0.3571
Epoch 53: train_loss 5.2376, train_text_loss 4.5724, val_loss 6.1902, val_text_loss 5.5372, train_acc 0.6790, val_acc 0.7143
Epoch 54: train_loss 4.7199, train_text_loss 4.1377, val_loss 6.1000, val_text_loss 5.4806, train_acc 0.6667, val_acc 0.6786
Epoch 55: train_loss 4.8224, train_text_loss 4.2547, val_loss 6.1113, val_text_loss 5.4970, train_acc 0.6420, val_acc 0.6786
Epoch 56: train_loss 4.7360, train_text_loss 4.1052, val_loss 6.1334, val_text_loss 5.4771, train_acc 0.7037, val_acc 0.5714
Epoch 57: train_loss 4.9428, train_text_loss 4.3197, val_loss 6.1482, val_text_loss 5.4493, train_acc 0.7160, val_acc 0.6071
Epoch 58: train_loss 4.5690, train_text_loss 4.0364, val_loss 6.1180, val_text_loss 5.3605, train_acc 0.7284, val_acc 0.6071
Epoch 59: train_loss 4.5900, train_text_loss 4.0580, val_loss 6.0720, val_text_loss 5.3809, train_acc 0.7407, val_acc 0.6071
Epoch 60: train_loss 4.5252, train_text_loss 3.9348, val_loss 6.0389, val_text_loss 5.3580, train_acc 0.6790, val_acc 0.6429
Epoch 61: train_loss 5.0407, train_text_loss 4.4792, val_loss 6.1268, val_text_loss 5.3318, train_acc 0.7284, val_acc 0.5714
Epoch 62: train_loss 4.3915, train_text_loss 3.8975, val_loss 6.1823, val_text_loss 5.3215, train_acc 0.7654, val_acc 0.5714
Epoch 63: train_loss 4.3720, train_text_loss 3.8272, val_loss 6.1265, val_text_loss 5.2488, train_acc 0.7531, val_acc 0.5357
Epoch 64: train_loss 4.3340, train_text_loss 3.8080, val_loss 5.9367, val_text_loss 5.1932, train_acc 0.7531, val_acc 0.6071
Epoch 65: train_loss 4.3661, train_text_loss 3.8323, val_loss 6.0182, val_text_loss 5.2846, train_acc 0.7284, val_acc 0.6429
Epoch 66: train_loss 4.5271, train_text_loss 3.9370, val_loss 5.8907, val_text_loss 5.1950, train_acc 0.7160, val_acc 0.6071
Epoch 67: train_loss 4.3959, train_text_loss 3.7814, val_loss 5.9684, val_text_loss 5.2862, train_acc 0.7284, val_acc 0.6786
Epoch 68: train_loss 4.2920, train_text_loss 3.8665, val_loss 6.2285, val_text_loss 5.2059, train_acc 0.7531, val_acc 0.4286
Epoch 69: train_loss 4.3809, train_text_loss 3.8708, val_loss 6.0526, val_text_loss 5.1855, train_acc 0.7284, val_acc 0.5714
Epoch 70: train_loss 4.1895, train_text_loss 3.6870, val_loss 5.9822, val_text_loss 5.1377, train_acc 0.7778, val_acc 0.4643
Epoch 71: train_loss 4.4194, train_text_loss 3.7540, val_loss 6.2844, val_text_loss 5.1799, train_acc 0.7160, val_acc 0.3929
Epoch 72: train_loss 4.3373, train_text_loss 3.7408, val_loss 5.9894, val_text_loss 5.1191, train_acc 0.6914, val_acc 0.6071
Epoch 73: train_loss 4.2324, train_text_loss 3.6388, val_loss 5.8929, val_text_loss 5.1257, train_acc 0.7160, val_acc 0.6071
Epoch 74: train_loss 4.2850, train_text_loss 3.7033, val_loss 5.8938, val_text_loss 5.1214, train_acc 0.6914, val_acc 0.5714
Epoch 75: train_loss 4.3214, train_text_loss 3.6050, val_loss 5.8734, val_text_loss 5.1426, train_acc 0.7037, val_acc 0.5714
Epoch 76: train_loss 4.2657, train_text_loss 3.7588, val_loss 5.9032, val_text_loss 5.0684, train_acc 0.7407, val_acc 0.5714
Epoch 77: train_loss 4.2491, train_text_loss 3.6054, val_loss 5.9361, val_text_loss 5.1073, train_acc 0.6667, val_acc 0.4286
Epoch 78: train_loss 4.0590, train_text_loss 3.5947, val_loss 5.9042, val_text_loss 5.0683, train_acc 0.8025, val_acc 0.4286
Epoch 79: train_loss 4.2750, train_text_loss 3.7370, val_loss 6.0090, val_text_loss 5.1439, train_acc 0.7284, val_acc 0.4286
Epoch 80: train_loss 4.2243, train_text_loss 3.7406, val_loss 5.9434, val_text_loss 5.1326, train_acc 0.8025, val_acc 0.5000
Epoch 81: train_loss 4.3177, train_text_loss 3.7296, val_loss 5.9556, val_text_loss 5.1370, train_acc 0.7037, val_acc 0.4643
Epoch 82: train_loss 4.1451, train_text_loss 3.6813, val_loss 5.9369, val_text_loss 5.1084, train_acc 0.7407, val_acc 0.4643
Epoch 83: train_loss 4.2756, train_text_loss 3.7234, val_loss 5.9559, val_text_loss 5.1010, train_acc 0.6914, val_acc 0.4643
Epoch 84: train_loss 4.1516, train_text_loss 3.6293, val_loss 5.8972, val_text_loss 5.1056, train_acc 0.8025, val_acc 0.5000
Epoch 85: train_loss 4.1625, train_text_loss 3.7042, val_loss 6.0098, val_text_loss 5.0888, train_acc 0.8272, val_acc 0.5000
Epoch 86: train_loss 4.0773, train_text_loss 3.5412, val_loss 6.0328, val_text_loss 5.0928, train_acc 0.7284, val_acc 0.5000
Epoch 87: train_loss 4.2643, train_text_loss 3.6591, val_loss 5.9956, val_text_loss 5.1099, train_acc 0.6790, val_acc 0.5357
Epoch 88: train_loss 4.1242, train_text_loss 3.5772, val_loss 5.9022, val_text_loss 5.1343, train_acc 0.7284, val_acc 0.5357
Epoch 89: train_loss 4.5917, train_text_loss 4.1564, val_loss 5.9294, val_text_loss 5.0851, train_acc 0.7778, val_acc 0.5000
Epoch 90: train_loss 4.2002, train_text_loss 3.7465, val_loss 5.9273, val_text_loss 5.1145, train_acc 0.7531, val_acc 0.5000
Epoch 91: train_loss 4.2346, train_text_loss 3.6659, val_loss 5.8701, val_text_loss 5.0760, train_acc 0.8395, val_acc 0.5000
Epoch 92: train_loss 4.2290, train_text_loss 3.5815, val_loss 5.8479, val_text_loss 5.0855, train_acc 0.7284, val_acc 0.5357
Epoch 93: train_loss 4.1592, train_text_loss 3.6209, val_loss 5.9064, val_text_loss 5.1110, train_acc 0.8395, val_acc 0.5714
Epoch 94: train_loss 4.2552, train_text_loss 3.7372, val_loss 5.8759, val_text_loss 5.1344, train_acc 0.8272, val_acc 0.5714
Epoch 95: train_loss 4.5376, train_text_loss 4.0959, val_loss 5.9341, val_text_loss 5.1084, train_acc 0.7901, val_acc 0.5357
Epoch 96: train_loss 4.1342, train_text_loss 3.6858, val_loss 5.8320, val_text_loss 5.0647, train_acc 0.7778, val_acc 0.5714
Epoch 97: train_loss 4.1856, train_text_loss 3.6944, val_loss 5.8307, val_text_loss 5.0893, train_acc 0.7531, val_acc 0.5000
Epoch 98: train_loss 4.1078, train_text_loss 3.5884, val_loss 5.8710, val_text_loss 5.0981, train_acc 0.7407, val_acc 0.5714
Epoch 99: train_loss 4.1855, train_text_loss 3.6113, val_loss 5.8549, val_text_loss 5.1193, train_acc 0.7160, val_acc 0.5357
Epoch 100: train_loss 4.1006, train_text_loss 3.5617, val_loss 5.8769, val_text_loss 5.0730, train_acc 0.7284, val_acc 0.5357
Epoch 101: train_loss 4.0894, train_text_loss 3.5697, val_loss 5.8812, val_text_loss 5.1274, train_acc 0.7037, val_acc 0.5357
Epoch 102: train_loss 4.3686, train_text_loss 3.7279, val_loss 5.8754, val_text_loss 5.1048, train_acc 0.7160, val_acc 0.5357
Epoch 103: train_loss 4.2016, train_text_loss 3.6298, val_loss 5.8225, val_text_loss 5.0708, train_acc 0.6914, val_acc 0.5714
Epoch 104: train_loss 4.1088, train_text_loss 3.6698, val_loss 5.8189, val_text_loss 5.0959, train_acc 0.7778, val_acc 0.5357
Epoch 105: train_loss 4.3523, train_text_loss 3.5520, val_loss 5.8193, val_text_loss 5.1020, train_acc 0.6790, val_acc 0.5357
Epoch 106: train_loss 4.1154, train_text_loss 3.6800, val_loss 5.9416, val_text_loss 5.1420, train_acc 0.7407, val_acc 0.5357
Epoch 107: train_loss 4.1802, train_text_loss 3.6394, val_loss 5.9222, val_text_loss 5.1035, train_acc 0.7284, val_acc 0.5357
Epoch 108: train_loss 4.0874, train_text_loss 3.5764, val_loss 5.8702, val_text_loss 5.1250, train_acc 0.7531, val_acc 0.5357
Epoch 109: train_loss 4.0617, train_text_loss 3.5744, val_loss 5.9332, val_text_loss 5.1148, train_acc 0.8025, val_acc 0.5714
Epoch 110: train_loss 4.2930, train_text_loss 3.7397, val_loss 5.9611, val_text_loss 5.1275, train_acc 0.7407, val_acc 0.5714
Epoch 111: train_loss 4.1371, train_text_loss 3.6230, val_loss 5.8964, val_text_loss 5.1125, train_acc 0.7654, val_acc 0.5357
Epoch 112: train_loss 4.2742, train_text_loss 3.7256, val_loss 5.8972, val_text_loss 5.0971, train_acc 0.7407, val_acc 0.5714
Epoch 113: train_loss 4.1547, train_text_loss 3.5995, val_loss 5.8769, val_text_loss 5.1201, train_acc 0.6790, val_acc 0.5357
Epoch 114: train_loss 4.1228, train_text_loss 3.6262, val_loss 5.9717, val_text_loss 5.1083, train_acc 0.7407, val_acc 0.5714
Epoch 115: train_loss 4.0809, train_text_loss 3.5802, val_loss 5.8528, val_text_loss 5.0535, train_acc 0.7407, val_acc 0.5357
Epoch 116: train_loss 4.1271, train_text_loss 3.5894, val_loss 5.8230, val_text_loss 5.0852, train_acc 0.7654, val_acc 0.5357
Epoch 117: train_loss 4.0758, train_text_loss 3.5769, val_loss 5.9030, val_text_loss 5.1280, train_acc 0.7531, val_acc 0.5357
Epoch 118: train_loss 4.1968, train_text_loss 3.7047, val_loss 5.9089, val_text_loss 5.1064, train_acc 0.7654, val_acc 0.5357
Epoch 119: train_loss 4.0922, train_text_loss 3.5476, val_loss 5.8846, val_text_loss 5.0552, train_acc 0.7407, val_acc 0.5714
Epoch 120: train_loss 4.1066, train_text_loss 3.5594, val_loss 5.8908, val_text_loss 5.1013, train_acc 0.7037, val_acc 0.5714
Epoch 121: train_loss 4.4065, train_text_loss 3.9761, val_loss 5.8222, val_text_loss 5.0747, train_acc 0.8025, val_acc 0.5357
Epoch 122: train_loss 4.1438, train_text_loss 3.5441, val_loss 5.9267, val_text_loss 5.0914, train_acc 0.6790, val_acc 0.5714
Epoch 123: train_loss 4.3256, train_text_loss 3.8412, val_loss 5.8766, val_text_loss 5.1062, train_acc 0.7407, val_acc 0.5714
Epoch 124: train_loss 4.1171, train_text_loss 3.5373, val_loss 5.9253, val_text_loss 5.0816, train_acc 0.7037, val_acc 0.5714
Early stopping triggered
Sample 0:
Autoregressive (argmax) output: This is a Female, right-handed individual aged  years years with years years of education. They have a socioeconomiceconomic status, indicating access financial stability education education education education education healthcare withquality limitations withcompared to a.. This level, still afford substantial economic enrichment opportunities, to as professional careers.....menti Dementia Rating (CDR) indicates,ment ofa and (C indicates. This indicates signs,,,,,,. indicates-,ing,, with no, no., activities.,, estimated,,cranial,).TIV) intra intranial. intra cm3,cranialcra,nialnialcracra volumecracracracracracranial volume. This volume  volume volumecra volume  volume. volume volume, volume volume volume  volume volume volume. volume volume volumea volume. brain  brain brain brain brain,. brain brain.. brain brain.., brain brain brain brain a normal normal brain brain brain brain,. normal. normal. brain brain. normal normal normal a. brain brain-.. normal...-.........-........................... normal........a.... normal............
Beam search output: This is a Female, right-handed individual aged  years years with years years of education. They have a socio socioeconomic status, indicating access financial stability education education education education healthcare healthcare withquality limitations withcompared to a.. This level, still afford substantial economic enrich have opportunities, to as professional careers.....menti Dementia Rating (CDR) indicates indicates signs of cognitive and (C indicates. indicates indicates indicates,,,,,,. indicates-solving,, with,, impairment.. activities.,, estimated,,,nial, (..IV) intra intranial. intra (ecracracracranialnialcracracracracracracracracracra volume. is volume  volumecracra volume, volume. volume volume volume volume  volume volume volume volume volume volume volume volume a volume.   brain brain brain brain,.. brain.. brain brain.., brain brain brain normal a normal normal brain brain brain brain, brain normal normal.. normal brain brain. normala normal -. brain brain-.. normal...-....................................... brain...... normal normal.............. brain
----------
Sample 1:
Autoregressive (argmax) output: This is a Female, right-handed individual aged  years years with years years of education. They have a socioeconomiceconomic status,   access to stability education education education education healthcare healthcare withquality healthcare compared to a.. This level, still afford substantial economic enrichment opportunities, to as health careers..... Their Clinical Dementia Rating (CDR) indicates Dement of cognitive, (C indicates. This indicates indicates,,,, indicates,. indicates-solving,, with no, activities., activities.,, estimated intra, (nial-).. estimated). intranial. intra cmenial intra intra intranial intracracranialcracranialcracracranial volume. is volume  volume, volume volume, volume. volume volume volume volume. volume volume volume volume volume volume volume volume volumea volume..  volume brain brain brain volume brain brain volume.. brain brain brain., brain brain brain brain a normal normal brain brain brain., brain normal normal.. normal brain brain.. brain normal - brain brain....................................................... normal..........-... brain.
Beam search output: This is a Female, right-handed individual aged  years years with years years of education. They have a socioeconomiceconomic status, indicating access financial stability education education education, healthcare healthcare withquality limitations withcompared to a.. This level, still afford substantial economic enrich have opportunities, to  professional careers.....menti Dementia Rating (CDR) indicates indicates signs of cognitive and (C indicates. indicates indicates indicates,,,,,,. indicates-,ing,, with no, impairment.. activities.,, estimated,,,.- (.. Theing.... intra (e intracra intra intranial intra,,cracracracracracracracra volume. is volume cracracra volume, volume. volume volume volume volume volume volume volume volume volume volume volume volume volume a volume..  volume brain brain brain,..... brain brain.., brain brain brain normal a normal normal brain brain brain brain, brain normal normal... brain brain. normal normal normal -. brain brain... brain...-.............................................. normal............... brain
----------
Sample 2:
Autoregressive (argmax) output: This is a Female, right-handed individual aged  years years with years years of education. They have a socioeconomiceconomic status, indicating access financial stability education education education education, healthcare withquality healthcare compared to a.. This level, still afford substantial economic enrich have opportunities, to as professional careers.....ment Clinical Dementia Rating (CDR) indicates indicates signs cognitive, Rating (C indicates. indicates indicates preserved,,,, indicates, of,-,ing,, with,, activities.- activities.,, estimated estimated,,., (.. estimated).... intra cm ( intra intra intra intranialnialcra, volumecracranialcracracra. volume. This volume  volumecracra volume, volume. volume volume volume volume volume volume volume volume volume volume. volume volume volumea volume.    brain brain brain,... brain. brain brain.., braina brain normal a normal normal brain brain brain,, brain normal.. normal. brain..a normal normal -. brain -.................................................... brain............... brain.
Beam search output: This is a Female, right-handed individual aged  years years with years years of education. They have a socioeconomiceconomic status, indicating access financial stability education education education, healthcare healthcare withquality limitations withcompared to a.. This level, still afford substantial economic enrich have opportunities, to as professional careers.....menti Dementia Rating (CDR) indicates indicates signs ofa Rating (C indicates. indicates indicates signs,,,,,,. indicates-,ing,, with,, impairment.- activities.,, estimated,,,.- (..IV).... intra (ecracracra intranial intra,,cracracracracracracracra volume. iscra cracracra volume, volume. volume volume volume volume volume volume volume volume volume volume volume volume volume volumea volume..  volume brain brain brain,..... brain brain.., brain brain brain normal a normal normal brain brain brain brain, brain normal normal... brain brain. normal normal normal -. brain brain... brain...-.............................................. normal............... brain
----------
Sample 3:
Autoregressive (argmax) output: This is a Female, right-handed individual aged  years years with years years of education. They have a socio socioeconomic status, indicating access financial stability education education education education healthcare healthcare withquality limitations withcompared to a.. This level, still afford substantial cognitive enrichment opportunities, cognitive and professional careers..... Their Clinical Dementia Rating (CDR signs indicates signs signs of,,. cognitive indicates. indicates indicates preserved,,,, indicates,..-solv with,, with no,.., activities.,, estimatednial.,nial volume)..IV)..nial. volume volumenialnial.nial,., volume, volume volume volume. volume volume volume volume volume. is volume  volume volume volume volume  volume. volume volume volume volume volume volume volume volume volume volume. volume volume a.. brain brain brain brain brain, brain.... brain brain brain.. brain brain brain. brain brain. brain. brain brain.... normal.. brain brain brain.. brain normal.-. brain brain...................................................................... brain.
Beam search output: This is a Female, right-handed individual aged  years years with years years of education. They have a socio socioeconomic status, indicating access financial stability education education education education healthcare healthcare withquality limitations withcompared to a.. This., still afford substantial cognitive fluctuationsment opportunities, cognitive and health careers..... Their Clinical Dementia Rating (CDR signs indicates no signs of dementia,.C indicates. This indicates preserved,,,,,,..-solving,, with no notable..,ing.,, estimatednial,,nial volume)..IV).... volume,nialnialnialcracra volume volume,, volume volume volume volume volume volume, volume volume. is volume  volume volume volume volume  volume. volume volume volume volume volume volume volume volume volume volume. volume volume a brain.. brain brain brain brain brain brain brain......... brain. brain. brain.... brain......... brain brain.. brain brain.-. brain brain.......................................................................
----------
Sample 4:
Autoregressive (argmax) output: This is a Female, right-handed individual aged  years years with years years of education. They have a socioeconomiceconomic status, indicating access financial stability education education education education healthcare healthcare with though limitations withcompared to a.. This level, level afford substantial economic enrichment opportunities, to  professional careers..... Their Clinical Dementia Rating (CDR) indicates indicatesment of, Rating (C indicates. This indicates preserved,,,,,,,,-,ing,, with,, activities., activities.,, estimated,, (.,)..IV),nial.nial volume (3, intranialcra intranialnialcracra volumecracranialcracracracra volume. is volume  volume volumecra volume, volume. volume volume volume volume volume volume volume volume volume volume volume volume volume volumea volume volume volume  volume brain brain brain volume brain.. brain. brain brain brain., brain brain brain brain a normal. brain brain brain., brain  normal.. normal brain brain. normal normal brain brain-. brain brain... brain......... brain................................. brain..... brain normal.. normal........ normal... brain.
Beam search output: This is a Female, right-handed individual aged  years years with years years of education. They have a socioeconomiceconomic status, indicating access financial stability education education education, healthcare healthcare withquality limitations withcompared to a.. This level, still afford substantial economic enrich have opportunities, to as professional careers. cultural...menti Dementia Rating (CDR) indicates indicates signs ofa Rating (C indicates. indicates indicates indicates,,,,,,. indicates-,ing,, with,, impairment.. activities.,, estimated,,,., (.. estimated).... intra (ecracracracranialnialcracracracracracracracracracra volume. This volume cracracra volume, volume. volume volume volume volume volume volume volume volume volume volume volume volume volume a volume.   brain brain brain brain,.. brain.. brain brain.., brain brain brain brain a normal normal brain brain brain brain, brain normal normal... brain brain. normala normal -. brain brain-.. normal...-.............................................. normal............... brain
----------
Sample 5:
Autoregressive (argmax) output: This is a Female, right-handed individual aged  years years with years years of education. They have a socioeconomiceconomic status, indicating access financial stability education education education, healthcare healthcare withquality healthcare withcompared to a.. This level, still afford substantial economic enrich have opportunities, to  health careers.....ment Clinical Dementia Rating (CDR) indicates Dement ofa and (C indicates. indicates indicates preserved,,,, indicates,. indicates-,ing,, with,, impairment., activities.,, estimated,, (., (.. estimated). intra... (e intra intra intracranial,,,cracracracracracracracra volume. iscra cracracra volume, volume. volume volume volume volume volume volume volume. volume volume volume volume volume volumea. volume  volume volume brain brain, volume. volume.. brain brain.., brain brain brain normal a normal normal. brain brain brain, brain is normal.. normal brain,. normala  -. brain brain-.. brain...-......................................... is....a brain... normal.......... brain.
Beam search output: This is a Female, right-handed individual aged  years years with years years of education. They have a socioeconomiceconomic status, indicating access financial stability education education education, healthcare healthcare withquality limitations withcompared to a.. This level, still afford substantial economic enrich have opportunities, to as professional careers.....menti Dementia Rating (CDR) indicates indicatesment of cognitive and (C indicates. indicates indicates indicates,,,,,,. indicates-,ing,, with,, impairment.. activities.,, estimated,,,.- (..IV).... intra (ecracracra intranialnialcra,cracracracracracracracra volume. This volume cracracra volume, volume. volume volume volume volume volume volume volume volume volume volume volume volume volume a volume..  volume brain brain brain,.. brain.. brain brain.., brain brain brain brain a normal normal brain brain brain brain brain brain normal normal... brain brain. normala normal -. brain brain... normal...-.............................................. normal............... brain
----------
Sample 6:
Autoregressive (argmax) output: This is a Female, right-handed individual aged  years years with years years of education. They have a socio socioeconomic status, indicating access financial stability education education education education healthcare healthcare with though limitations withcompared to a.. This level, level afford substantial economic enrich have opportunities, to and health careers..... Their Clinical Dementia Rating (CDR) indicates no signs of,,. cognitive indicates., indicates signs,,,,,,..-, with., with no,...ing.,, estimatednial,,nial volume)..)).,.. volume volume volume. volume volume, volume volume volume, volume volume volume. volume volume, volume volume. volume volume  volume volume volume volume. volume volume volume volume volume. volume volume. volume volume.. volume a... brain brain brain brain brain,....... brain... brain.... brain brain. brain......... brain brain... normal.a. brain brain.............................................................. normal.........
Beam search output: This is a Female, right-handed individual aged  years years with years years of education. They have a socio socioeconomic status, indicating access financial stability education education education education healthcare healthcare with though limitations withcompared to a.. This., still afford substantial cognitive fluctuationsment opportunities, cognitive and health careers..... Their Clinical Dementia Rating (CDR) indicates indicates signs of,,.C indicates. This indicates signs,,,,,,...solving,, with no,...ing.., estimatednial,,nial volume)..IV).... volume volume... volume, volume, volume, volume volume volume volume volume volume, volume volume. volume volume  volume volume volume volume  volume. volume volume volume volume volume volume volume volume volume volume.. volume a volume.. brain brain. brain brain volume brain........... brain...... brain......... brain brain.. brain brain... brain brain.......................................................................
----------
Sample 7:
Autoregressive (argmax) output: This is a Female, right-handed individual aged  years years with years years of education. They have a socioeconomiceconomic status, indicating access financial stability education education education education healthcare healthcare withquality limitations withcompared to a.. This level, level afford substantial economic enrichment opportunities to to  professional careers.....ment Clinical Dementia RatingCCDR) indicates indicatesment cognitive cognitive and ( indicates indicates. indicates indicates signs,,,, judgment,. problem-solv with,, with no, activities.- activities.,, estimated,,,nial,).. estimated). intranial. intra cm3, intranialcracranialnialcra, volumecracranialcracracracra volume. is volume  volume thecra volume  volume. volume volume volume volume volume volume volume volume volume volume volume volume volume a volume.   brain brain brain brain,. brain.. brain brain brain., braina brain brain a normal normal brain brain brain., brain is normal... brain brain..a normal -. brain brain. brain. normal...-......................................... brain... brain brain brain...............
Beam search output: This is a Female, right-handed individual aged  years years with years years of education. They have a socio socioeconomic status, indicating access financial stability education education education education healthcare healthcare withquality limitations withcompared to a.. This level, still afford substantial economic enrich have opportunities, to as professional careers. cultural...menti Dementia Rating (CDR) indicates indicates signs of cognitive and (C indicates. indicates indicates indicates,,,,,, and problem-solving,, with no notable.. daily activities.,, estimated,,,nial, (..IV)..nial. intra cme intranialcracranialnialcracracracracracracracracranial volume. is volume  volumecracra volume, volume. volume volume volume volume volume volume volume volume volume volume volume volume volume a volume..  brain brain brain brain,..... brain brain.. brain brain brain brain brain a normal normal brain brain brain brain brain brain normal normal... brain brain. normal normal normal -. brain brain... brain...-.............................................. normal normal.............. brain
----------
Sample 0:
Autoregressive (argmax) output: This is a Female, right-handed individual aged  years years with years years of education. They have a socioeconomiceconomic status, indicating access financial stability education education education, healthcare healthcare withquality limitations withcompared to a.. This level, still afford substantial economic enrich have opportunities to to as health careers..... Theirment Dementia Rating (CDR) indicates noment of cognitive  (C indicates. This indicates preserved,,,, indicates,. problem-solving,, with no, activities.. activities.,, estimated estimated,,.,)..IV),... intra cme intra intracracracranial,, volume volumecranialcracra,cra volume. is volume  volume,cra volume, volume. volume volume volume volume volume volume volume volume volume volume. volume volume volumea volume.,  volume brain brain brain,.. brain.. brain..., brain braina normal a. normal brain brain brain brain, brain is.. normal normal brain brain. normal normal normal normal-. brain brain--.....- normal...................................... brain...... normal.... normal.......... brain.
Beam search output: This is a Female, right-handed individual aged  years years with years years of education. They have a socioeconomiceconomic status, indicating access financial stability education education education, healthcare healthcare withquality limitations withcompared to a.. This level, still afford substantial economic enrich have opportunities, to as professional careers. cultural...menti Dementia Rating (CDR) indicates indicates signs ofa Rating (C indicates. indicates indicates signs,,,,,, and problem-solving,, with no notable... activities.,, estimated,,,nial- (..IV).... intra (ecracracracranial intra,,cracracracracracracracra volume. This volume cracracra volume, volume. volume volume volume volume volume volume volume volume volume volume volume volume volume volumea volume..  brain brain brain brain,..... brain brain.., brain brain brain normal a normal normal brain brain brain brain, brain normal normal... brain brain. normal normal normal -. brain brain... brain...-.............................................. normal............... brain
----------
Sample 1:
Autoregressive (argmax) output: This is a Female, right-handed individual aged  years years with years years of education. They have a socioeconomiceconomic status, indicating access financial stability education education education education healthcare healthcare withquality limitations withcompared to a.. This level, still afford substantial economic enrich have opportunities, stress as health careers.....menti Deiia Rating (CDR) indicates,menti, and (C indicates. indicates indicates indicates,,,,,,. problem-,ing,, with,, impairment., activities.,, estimated estimated, (nial, (.. estimated),.nial. intraee intracra intra intranial intra,, volumecracracracracracracra volume. is volume  volume volumecra volume  volume. volume volume volume volume volume volume volume volume volume volume volume volume volume volumea volume.  brain volume volume brain brain, volume volume volume.. brain brain.., brain brain brain brain a normal brain brain brain brain brain, brain is normal. normal normal brain brain. normal brain normal brain- brain brain brain. brain........... brain.... brain........................... brain....... normal...........-... brain.
Beam search output: This is a Female, right-handed individual aged  years years with years years of education. They have a socioeconomiceconomic status, indicating access financial stability education education education, healthcare healthcare withquality limitations,compared to a.. This level, still afford substantial economic enrich have opportunities, to  professional careers.....menti Dementia Rating (CDR) indicates indicatesment ofa Rating (C indicates. indicates indicates indicates,,,,,,. indicates-,ing,, with,, impairment.- activities.,, estimated,,,.- (.. Theing.... intra (e intra intra intra intra intra intra,,cracracracracracracracra volume. This volume cracracra volume, volume. volume volume volume volume volume volume volume volume volume volume volume volume volume a volume..  volume brain brain brain,..... brain brain.., brain brain brain normal a normal normal brain brain brain,, brain normal normal. normal normal brain,.a normal normal -. brain brain- brain. normal...-.........-.................................... normal.... normal.......... brain
----------
Sample 2:
Autoregressive (argmax) output: This is a Female, right-handed individual aged  years years with years years of education. They have a socioeconomiceconomic status, indicating access financial stability education education education, healthcare healthcare-quality healthcare compared to a.. This level, still afford substantial economic enrich have,, to  health careers.....ment Clinical Dementia Rating (CDR) indicates indicates signs ofa Rating (C indicates. indicates indicates preserved,,,, indicates,. problem-,ing,, with no, activities.- activities.,, estimated,, (.,).. estimated), intra.. intra cme intranial intracranialnial,,cracracracracra.cracra volume. is volume cracracra volume, volume. volume volume volume volume volume volume volume volume volume volume volume volume volume volumea volume. volume brain volume volume brain brain volume brain. volume.. brain, brain., brain brain brain brain a normal normal brain brain brain brain brain brain.... normal brain brain.. brain normal - normal brain. brain. normal.... normal............................................. normal..... normal.....-.....
Beam search output: This is a Female, right-handed individual aged  years years with years years of education. They have a socioeconomiceconomic status, indicating access financial stability education education education, healthcare healthcare withquality limitations,compared to a.. This level, still afford substantial economic enrich have opportunities, to  health careers. cultural...menti Dementia Rating (CDR) indicates Dement ofa, (C indicates. indicates indicates indicates,,,,,,. indicates-,ing,, with,, impairment.- activities.,, estimated,,,.- (.. Theing.... intra (ecracra intra, intra intra,,cracracracracracracracra intra. This volume cracracracra, volume. volume volume volume volume volume volume volume volume volume volume. volume volume a volume.   volume volume brain volume,..... brain brain.., brain brain brain normal a normal normal brain brain brain,, brain normal normal... brain,. normala normal -. brain brain- brain. normal...-.............................................. normal............... brain
----------
Sample 3:
Autoregressive (argmax) output: This is a Female, right-handed individual aged  years years with years years of education. They have a socioeconomiceconomic status,   to financial stability education education education, healthcare healthcare with though healthcare,compared to a.. This level, still afford substantial economic enrichment opportunities, to  health careers.....ment Clinical Dementia Rating (CDR) indicates indicatesment of cognitive and (C indicates. This indicates preserved,,,,,,. problem-,ing,, with no, activities., activities.,, estimated,,,., (.. The).... intracraecranial intra,cra intracracracracracra.cranialcranial volume. is   volume,cra volume, volume. volume volume volume volume volume volume volume volume volume volume volume volume volume volumea volume volume.  volume brain brain brain,.. volume.. brain brain.., brain brain brain brain a normal normal. brain brain,,. is... normal brain,.. normal  -. brain brain. brain. brain...-............................................. is. normal......... is... brain.
Beam search output: This is a Female, right-handed individual aged  years years with years years of education. They have a socioeconomiceconomic status, indicating access financial stability education education education, healthcare healthcare withquality limitations withcompared to a.. This level, still afford substantial economic enrich have opportunities, to as professional careers. cultural...menti Dementia Rating (CDR) indicates indicates signs ofa Rating (C indicates. indicates indicates signs,,,,,, and problem-solving,, with no notable... activities.,, estimated,,,., (..IV).... intra (ecracracra intranialnialcra,cracracracracracracracra volume. is volume cracracra volume, volume. volume volume volume volume volume volume volume volume volume volume volume volume volume a volume..  volume brain brain brain,..... brain brain.., brain brain brain brain a normal normal brain brain brain brain brain brain normal normal... brain brain. normal normal normal -. brain brain.......-.............................................. normal............... brain
----------
Sample 4:
Autoregressive (argmax) output: This is a Female, right-handed individual aged  years years with years years of education. They have a socioeconomiceconomic status,   access financial stability education education education education healthcare healthcare with though limitations, to a.. This level, level afford substantial economic enrich have opportunities, to  health careers.....ment Clinical Dementia Rating (CDR) indicates noment of cognitive and (C indicates. This indicates preserved,,,, indicates,. problem-solving,, with no, no.. activities.,, estimated,, (nialT).. estimated).,nial.. cme intra intracra,nialnialcracra volumecracracracracracracra volume. is   volume volumecra volume  volume. volume  volume volume volume volume volume volume volume volume volume volume volume volumea volume volume volume  volume volume brain brain, volume. brain.. brain brain.., brain brain brain brain a normal normal brain brain.,,.... normal brain brain.a normal normal -. brain -......-.............................................. normal.... normal.....-.... brain.
Beam search output: This is a Female, right-handed individual aged  years years with years years of education. They have a socioeconomiceconomic status, indicating access financial stability education education education, healthcare healthcare withquality limitations withcompared to a.. This level, still afford substantial economic enrich have opportunities, to  health careers. cultural...menti Dementia Rating (CDR) indicates indicates signs of cognitive and (C indicates. indicates indicates signs,,,,,,. indicates-,ing,, with,, impairment.. activities.,, estimated,,,.- (.. estimated).... intra (ecracracracracra intra,,cracracracracracracracra volume. is volume cracracra volume, volume. volume volume volume volume volume volume volume volume volume volume volume volume volume a volume..  volume volume brain brain,..... brain brain.., brain brain brain normal a normal normal normal brain brain brain, brain normal normal... brain brain.a normal normal -. brain brain... normal...-.............................................. normal............... brain
----------
Sample 5:
Autoregressive (argmax) output: This is a Female, right-handed individual aged  years years with years years of education. They have a socio socioeconomic status status indicating access financial stability education education education education healthcare healthcare withquality limitations withcompared to a.. This level, level afford substantial economic enrich have,, to as professional careers.....ment Clinical Dementia Rating (CDR) indicates indicatesment of cognitive and (C indicates., indicates preserved,,,, judgment,. problem-solv with,, with no, activities.- activities.,, estimated intra,cranial.IV..IV estimated.nialnial. volume cm3,nialnialcracranialnialcra, volumenialcranial volumecra.cra volume. is volume  volume, volume volume  volume. volume volume volume volume volume volume volume volume volume volume. volume volume a volume.. brain brain brain brain brain brain brain.. brain. brain brain.., brain brain brain brain a normal brain brain brain brain brain... normal.. normal brain brain. normal. normal - normal brain brain. brain. normal...-.............................................. normal........... normal.....
Beam search output: This is a Female, right-handed individual aged  years years with years years of education. They have a socioeconomiceconomic status, indicating access financial stability education education education, healthcare healthcare withquality limitations withcompared to a.. This level, still afford substantial economic fluctuationsment opportunities, stress as professional careers. cultural...menti Dementia Rating (CDR) indicates indicates signs of cognitive and (C indicates. This indicates preserved,,,, judgment,. problem-solving,, with no notable... activities.,, estimated,,,nial, (..IV).... intra cmenialnialcracranialnialcra, volumecracracracracracranial volume. is volume  volume,cra volume, volume. volume volume volume volume volume volume volume volume volume volume volume volume volume a volume..  brain brain brain brain, volume.... brain brain.., brain brain brain brain a normal normal brain brain brain brain....... brain brain. normal normal normal -. brain brain.......-.............................................. normal............... brain
----------
Sample 6:
Autoregressive (argmax) output: This is a Female, right-handed individual aged  years years with years years of education. They have a socioeconomiceconomic status, indicating access financial stability education education education education healthcare healthcare withquality healthcare withcompared to a.. This., level afford substantial economic enrichment opportunities, to as professional careers.....ment Clinical Dementia Rating (CDR) indicates indicates signs of cognitive and (C indicates. This indicates preserved,,,,,, and problem,,ing,, with,, impairment., activities.,, estimated intra,,nial, (.. The).,e. intra cm3, intranialcra intranial,,, volumecracranial volumecracracracra. is   volume,cra volume  volume. volume volume volume volume volume volume volume volume volume volume volume volume volume volumea volume.    volume brain brain, brain.. brain. brain brain.., brain brain brain brain a normal normal brain brain. brain,.. normal.. normal brain... brain  - normal brain brain. brain.....-..... brain normal............................. normal.. brain......  normal........ brain..... brain.
Beam search output: This is a Female, right-handed individual aged  years years with years years of education. They have a socioeconomiceconomic status, indicating access financial stability education education education education healthcare healthcare withquality limitations withcompared to a.. This level, still afford substantial economic fluctuationsment opportunities, to as professional careers. cultural...menti Dementia Rating (CDR) indicates indicates signs of cognitive and (C indicates. indicates indicates indicates,,,, judgment, and problem-solving,, with,, impairment.. activities.,, estimated,,,nial, (..IV).... intra cmecracracra intranialnialcra, volumecracracracracracracra volume. is volume  volume,cra volume, volume. volume volume volume volume volume volume volume volume volume volume volume volume volume a volume..  brain brain brain brain, brain.... brain brain.., brain brain brain brain a normal normal brain brain brain brain brain brain normal normal.. normal brain brain. normal normal normal -. brain brain... brain...-.............................................. normal normal.............. brain
----------
Sample 7:
Autoregressive (argmax) output: This is a Female, right-handed individual aged  years years with years years of education. They have a socioeconomiceconomic status,   access financial stability education education education education healthcare healthcare-quality limitations withcompared to a.. This., still afford substantial economic enrichment opportunities, to as professional careers.....menti Dementia Rating (CDR) indicates,ment of cognitive, (C indicates. This indicates indicates,,,, indicates,. indicates-solving,, with no, no., activities.,, estimated,,,nial, (..IV)..nial. intrae3, intranialcracranialnialcra, volumenialcracra volumecracracra volume. is volume  volume,cra volume  volume volume volume volume volume volume volume volume volume volume volume volume volume volume volume volumea volume.,  brain brain brain brain volume..... brain brain brain., brain brain brain brain a normal normal brain brain brain brain,. is normal... brain brain. normal normal  -. brain brain... normal. brain.-.................................... normal...........................
Beam search output: This is a Female, right-handed individual aged  years years with years years of education. They have a socioeconomiceconomic status, indicating access financial stability education education education, healthcare healthcare withquality limitations withcompared to a.. This level, still afford substantial economic enrich have opportunities, to as professional careers. cultural...menti Dementia Rating (CDR) indicates indicates signs of cognitive and (C indicates. indicates indicates indicates,,,,,, and problem-solving,, with,, impairment.- activities.,, estimated,,,nial,)..IV).... intra cmecracracracranialnialcracracracracracracracracracra volume. This volume  volumecracra volume, volume. volume volume volume volume volume volume volume volume volume volume volume volume volume a volume..  brain brain brain brain,..... brain brain.., brain brain brain normal a normal normal brain brain brain brain, brain normal normal.. normal brain brain. normal normal normal -. brain brain... normal...-.............................................. normal normal.............. brain
----------
Sample 0:
Autoregressive (argmax) output: This is a Female, right-handed individual aged  years years with years years of education. They have a socioeconomiceconomic status, indicating access financial stability education education education education healthcare healthcare withquality limitations with, to a.. This level, level afford substantial economic enrich have opportunities, to  professional careers.....menti Dementia Rating (CDR) indicates, signs of cognitive Rating (C indicates. This indicates indicates,,,, indicates,. indicates-,ing,, with no,..- activities.,, estimated intra,,nial-).T estimated). intranial. intra cmcranialnialcra intranialnialcra, volumecracracracracracracra volume. is volume  volume volumecra volume, volume. volume volume volume volume volume volume volume volume volume volume volume volume volume volumea volume volume volume brain brain brain brain brain, brain. brain brain. brain brain brain brain, brain brain brain brain a normal brain brain brain brain brain, brain normal normal normal. normal brain brain. normal brain normal -. brain brain.. brain normal...-..... brain................................ brain....... normal.................
Beam search output: This is a Female, right-handed individual aged  years years with years years of education. They have a socio socioeconomic status, indicating access financial stability education education education education healthcare healthcare withquality limitations withcompared to a.. This level, still afford substantial economic enrich have opportunities, to as professional careers.....menti Dementia Rating (CDR) indicates indicates signs of cognitive and (C indicates. indicates indicates indicates,,,,,,. indicates-,ing,, with,, impairment.- activities.,, estimated,,,nial,)..IV) intra intranial. intra cmecracracracranialnialcracracracracracracracracracra volume. is volume  volumecracra volume, volume. volume volume volume volume  volume volume volume volume volume volume volume volume a volume.   brain brain brain brain,.. brain.. brain brain.., brain brain brain normal a normal normal brain brain brain brain, brain normal normal... brain brain. normala normal -. brain brain... normal...-.............................................. normal............... brain
----------
Sample 1:
Autoregressive (argmax) output: This is a Female, right-handed individual aged  years years with years years of education. They have a socio socioeconomic status, indicating access financial stability education education education education healthcare healthcare withquality limitations compared to a.. This level, still afford substantial economic enrich have opportunities, such as health careers.....menti Dementia Rating (CDR) indicates Dement of cognitive Rating (C indicates. indicates indicates preserved,,,, indicates,. indicates-solving,, with no,.., activities.,, estimated estimated,cranial,).. estimated),, (. intra cm. intranialcra intracranialcracra volumecracra.nialcracracra volume. is volume. volumecra volume, volume. volume volume volume volume volume volume volume volume volume volume. volume volume volumea volume..  brain brain brain brain,... brain. brain brain brain. brain brain brain brain brain a normal brain brain brain brain,. brain brain normal. normal. brain brain. normal brain brain -. brain brain-.. brain............. brain.......................... normal. brain........ brain.. brain........... brain.
Beam search output: This is a Female, right-handed individual aged  years years with years years of education. They have a socioeconomiceconomic status, indicating access financial stability education education education, healthcare healthcare withquality limitations withcompared to a.. This level, still afford substantial economic enrich have opportunities, to  professional careers.....menti Dementia Rating (CDR) indicates indicates signs of cognitive and (C indicates. indicates indicates preserved,,,,,,. indicates-,ing,, with no, impairment.. activities.,, estimated,,,.- (..IV).... intra (e intracracracranial intra,,cracracracracracracracra volume. This volume cracracra volume, volume. volume volume volume volume volume volume volume volume volume volume volume volume volume a volume..  volume brain brain brain,..... brain brain.., brain brain brain brain a normal normal brain brain brain brain brain brain normal normal... brain brain. normal normal normal -. brain brain... brain...-.............................................. normal............... brain
----------
Sample 2:
Autoregressive (argmax) output: This is a Female, right-handed individual aged  years years with years years of education. They have a socioeconomiceconomic status, indicating access financial stability education education education, healthcare healthcare-quality limitations withcompared to a.. This level, still afford substantial economic often have opportunities, to as health careers.. engagement..ment Clinical Dementia Rating (CDR) indicates noment of, and (C indicates. indicates indicates preserved,,,, indicates,..-solving,, with no,... activities.,, estimated intra,cranial, (..IV)..e. intra cme intranial,cranialnial,cra volumecracranialcracracranial volume. is volume  volume, volume volume, volume. volume volume volume volume volume volume volume volume volume volume volume volume volume volumea volume.. brain volume volume brain brain, brain. brain brain. brain,.., brain brain brain. a normal normal brain brain brain,, brain normal normal. normal. brain brain. normal brain brain brain- brain brain brain... normal.......................................... brain.......a... normal........... brain.
Beam search output: This is a Female, right-handed individual aged  years years with years years of education. They have a socioeconomiceconomic status, indicating access financial stability education education education, healthcare healthcare withquality limitations withcompared to a.. This level, still afford substantial economic enrich have opportunities, to as professional careers.....menti Dementia Rating (CDR) indicates indicates signs of cognitive and (C indicates. indicates indicates signs,,,,,, and problem-solving,, with no notable... activities.,, estimated,,,., (..IV).... intra (e intra intra intra intranialnialcracracracracracracracracracra volume. is volume cracracra volume, volume. volume volume volume volume volume volume volume volume volume volume volume volume volume a volume..  brain brain brain brain,..... brain brain.., brain brain brain normal a normal normal brain brain brain brain brain. normal normal... brain brain. normal normal normal -. brain brain.......-.............................................. normal............... brain
----------
Sample 3:
Autoregressive (argmax) output: This is a Female, right-handed individual aged  years years with years years of education. They have a socioeconomiceconomic status, indicating access financial stability education education education education healthcare healthcare withquality limitations compared to a.. This. level still afford substantial economic enrichment,, to and health careers.....menti Dementia Rating (CDR) indicates noment cognitive cognitive and ( indicates indicates. This indicates indicates,,,, indicates,. problem-solving,, with no, no., activities.,, estimated,,,nial,).T estimated). intranial. intracra-cranialcra intranial intracracra volumecracracranialcra volume volume volume. is volume  volume volume volume volume, volume. volume volume volume volume volume volume volume volume volume volume volume volume volume volumea volume. volume  volume brain brain brain, brain brain volume.. brain brain.. brain brain brain brain brain a normal normal brain brain brain brain brain brain normal... normal brain brain. normal brain brain -. brain brain-. brain........................................... brain.........-..-.......... brain.
Beam search output: This is a Female, right-handed individual aged  years years with years years of education. They have a socio socioeconomic status, indicating access financial stability education education education education healthcare healthcare withquality limitations withcompared to a.. This level, still afford substantial economic enrich have opportunities, to as professional careers.....menti Dementia Rating (CDR) indicates indicates signs of cognitive and (C indicates. indicates indicates indicates,,,,,,. indicates-solving,, with no notable... activities.,, estimated,,cranial,)..IV)nialnialnial. intra cmecracracracranialnialcra, volumecracracracracracracra volume. is volume  volumecracra volume, volume. volume volume volume volume volume volume volume volume volume volume volume volume volume volumea volume. brain brain brain brain brain brain,.. brain.. brain brain.. brain brain brain brain brain a normal normal brain brain brain brain brain brain normal normal... brain brain. normala normal -. brain brain... brain...-.............................................. normal............... brain
----------
Sample 4:
Autoregressive (argmax) output: This is a Female, right-handed individual aged  years years with years years of education. They have a socioeconomiceconomic status, indicating access financial stability education education education education healthcare healthcare withquality healthcare, to a.. This level, still afford substantial economic enrich have opportunities, to  health careers.....menti Dementia Rating (CDR) indicates,ment of cognitive and ( indicates indicates. indicates indicates preserved,,,, indicates,. indicates-,ing,, with no,.., activities.,, estimated intra,,nial, (..IV). intra.. intracra3, intranialcra intranial intracra, volume volumecracra volumecracracra volume. is volume  volume,cra volume  volume. volume volume volume volume volume volume volume volume volume volume. volume volume volumea volume.   volume brain brain brain volume is.. brain. brain brain.., braina brain brain a normal normal brain brain brain brain, brain normal normal normal.. brain,. normala normal -. brain - brain.....-......-....................................... normal normal...............
Beam search output: This is a Female, right-handed individual aged  years years with years years of education. They have a socioeconomiceconomic status, indicating access financial stability education education education, healthcare healthcare withquality limitations withcompared to a.. This level, still afford substantial economic enrich have opportunities, to  professional careers. cultural...menti Dementia Rating (CDR) indicates indicatesment ofa Rating (C indicates. indicates indicates indicates,,,,,,. indicates-,ing,, with,, impairment.. activities.,, estimated,,,.- (..IV).... intra (ecracracracranial intra,,cracracracracracracracra volume. iscra cracracra volume, volume. volume volume volume volume volume volume volume volume volume volume volume volume volume a volume..  volume volume brain brain,..... brain brain.., brain brain brain brain a normal normal brain brain brain brain, brain normal normal... brain brain. normala normal -. brain brain... brain...-.............................................. normal............... brain
----------
Sample 5:
Autoregressive (argmax) output: This is a Female, right-handed individual aged  years years with years years of education. They have a socio socioeconomic status, indicating access financial stability education education education, healthcare. with though healthcare withcompared to a.. This., still afford substantial economic enrichment opportunities, to and professional careers..... Their Clinical Dementia Rating (CDR) indicates indicates signs of, and (C indicates. indicates indicates preserved,,,,,,..-solving,, with,,.,, activities.,, estimated intra,cranial,).TIV).,nial. intra (3, intranial intra,nialnial volume, volume volumecranial volume volume volume volume volume. is volume  volume volume volume volume  volume. volume volume volume volume volume volume volume volume volume volume volume volume volume volumea volume..  brain brain brain brain, volume.... brain brain.., brain brain brain brain a normal brain brain brain brain brain brain brain normal normal... brain.. normal brain brain brain-. brain... brain.................................................. normal.................
Beam search output: This is a Female, right-handed individual aged  years years with years years of education. They have a socio socioeconomic status, indicating access financial stability education education education education healthcare healthcare withquality limitations withcompared to a.. This., still afford substantial economic enrichment opportunities, stress as professional careers..... Theiri Dementia Rating (CDR) indicates indicates signs of, and (C indicates. This indicates preserved,,,,,,..-solving,, with no notable..- activities.., estimated,,,nialnial (..IV).... intra cm3,nialnialcra intranialnialcra, volume volumecranial volumecracra volume volume. is volume  volume, volume volume, volume. volume volume volume volume volume volume volume volume volume volume volume volume volume a volume.. brain brain brain brain volume, volume.... brain brain.. brain brain brain brain. a normal normal brain brain brain brain....... brain brain.. brain normal -. brain brain.......................................................................
----------
Sample 6:
Autoregressive (argmax) output: This is a Female, right-handed individual aged  years years with years years of education. They have a socioeconomiceconomic status, indicating access financial stability education education education education healthcare healthcare withquality limitations compared to a.. This level, still afford substantial economic enrich have opportunities, to as professional careers.. engagement,.menti Dementia Rating (CDR) indicates Dement ofa Rating (C indicates. This indicates signs,,,, indicates,. problem-,ing,, with no, impairment., activities.,, estimated estimated, (nial, (.. The). intranial. intra (e intranial intra intranialnialcra, volumecracracracracracra. volume. This volume cracracra volume, volume. volume volume volume volume volume volume volume volume volume volume. volume volume volumea volume.  brain volume brain brain brain, brain.. brain. brain,.., brain brain brain brainaa normal normal brain brain..,. is... normal brain brain. normala normal -. brain brain.......-..................................... brain....... normal....-.......... brain.
Beam search output: This is a Female, right-handed individual aged  years years with years years of education. They have a socioeconomiceconomic status, indicating access financial stability education education education, healthcare healthcare withquality limitations withcompared to a.. This level, still afford substantial economic enrich have opportunities, stress as professional careers.....menti Dementia Rating (CDR) indicates indicates signs of cognitive and (C indicates. indicates indicates indicates,,,,,, and problem-,ing,, with no, impairment.- activities.,, estimated,,,., (..IV).... intra (e intra intra intra intranialnialcracracracracracracracracracra volume. This volume cracracra volume, volume. volume volume volume volume volume volume volume volume volume volume. volume volume a volume..  volume brain brain brain,..... brain brain.., brain brain brain normal a normal normal brain brain brain brain, brain normal normal... brain brain. normal normal normal -. brain brain... brain...-.............................................. normal normal.............. brain
----------
Sample 7:
Autoregressive (argmax) output: This is a Female, right-handed individual aged  years years with years years of education. They have a socio socioeconomic status, indicating access financial stability education education education, healthcare healthcare withquality limitations with, to a.. This level, level afford substantial economic enrich have opportunities, to as professional careers.....menti Dementia Rating (CDR) indicates indicatesment of cognitive, (C indicates. indicates indicates preserved,,,,,,. problem-solving,, with, notable.., activities.,, estimated intra, (nial,)..IV).nialnial. intracra3, intranialcra intranialnialcra, volumecracracracracracracra volume. is volume  volumecracra volume  volume. volume volume volume volume volume volume volume volume volume volume volume volume volume volumea volume. volume brain volume brain brain brain,.. brain.. brain brain.., brain brain brain brain a normal normal brain brain brain., brain.. normal  brain brain. normal normal normal -. brain brain. brain. brain. brain.-.............................................. brain.. normal............ brain.
Beam search output: This is a Female, right-handed individual aged  years years with years years of education. They have a socio socioeconomic status, indicating access financial stability education education education education healthcare healthcare withquality limitations withcompared to a.. This level, still afford substantial economic enrich have opportunities, to as professional careers.....menti Dementia Rating (CDR) indicates indicates signs of cognitive and (C indicates. indicates indicates preserved,,,,,, and problem-solving,, with,, impairment.. activities.,, estimated,,,nial, (..IV)..nial. intra cmecracracracranialnialcracracracracracracracracracra volume. is volume  volumecracra volume, volume. volume volume volume volume volume volume volume volume volume volume volume volume volume a volume..  brain brain brain brain,.. brain.. brain brain.., brain brain brain normal a normal normal brain brain brain brain, brain normal normal... brain brain. normal normal normal -. brain brain... brain...-.............................................. normal normal.............. brain
----------
Sample 0:
Autoregressive (argmax) output: This is a Female, right-handed individual aged  years years with years years of education. They have a socioeconomiceconomic status,   access financial stability education education education, healthcare healthcare with though healthcare,compared to a.. This level, level afford substantial economic oftenment opportunities, to  health careers.....menti Deiia Rating (CDR) indicates indicatesment of cognitive Rating (C indicates. This indicates,,,,,,,.-.,ing,, with,,.., activities.,, estimated estimated,,.-).. The)..nial. intra cme intra. intra intranial,,,cra intraecracracra,cra volume. is   volumecracra volume, volume. volume volume volume volume volume volume volume volume volume volume. volume volume volumea volume..  volume brain brain brain,..... brain brain.., brain brain brain brain a normal normal brain brain brain brain,. is normal. normal normal brain brain.a normal  a. brain -......- normal............................................. normal... normal normal.......... brain.
Beam search output: This is a Female, right-handed individual aged  years years with years years of education. They have a socioeconomiceconomic status, indicating access financial stability education education education, healthcare healthcare withquality limitations,compared to a.. This level, still afford substantial economic enrich have opportunities, to  professional careers.....menti Dementia Rating (CDR) indicates indicatesment ofa Rating (C indicates. indicates indicates signs,,,,,,. indicates-,ing,, with,, impairment.. activities.,, estimated,,,.- (.. estimated).... intra (ecracracra intra intra intra,,cracracracracracracracranial. iscra cracracra volume, volume. volume volume volume volume volume volume volume volume volume volume volume volume volume a volume.   volume volume brain brain,..... brain brain.., brain brain brain normal a normal normal brain brain brain brain,. is normal.. normal normal brain. normal normal normal -. brain brain- brain. normal...-.............................................. normal............... brain
----------
Sample 1:
Autoregressive (argmax) output: This is a Female, right-handed individual aged  years years with years years of education. They have a socioeconomiceconomic status, indicating to financial stability education education education education healthcare healthcare withquality healthcare compared to a.. This level, still afford substantial economic enrich have opportunities, to as professional careers.....menti Dementia Rating (CDR Their indicates indicates signs of cognitive Rating (C indicates. indicates indicates indicates,,,, indicates,. indicates-solving,, with no, impairment.- activities.,, estimated,,,.- (..IV).,.. intra (e intranialcra,nialnialcracracracracracracracracranial volume. is volume  volume,cra volume  volume. volume volume volume volume volume volume volume. volume volume volume volume volume volumea volume. volume brain volume brain brain volume volume.. volume brain. brain,.., brain braina. a normal normal brain brain brain,, brain normal normal... brain brain. normal normal normal -. brain brain.. brain....-......-............................. normal............. normal............
Beam search output: This is a Female, right-handed individual aged  years years with years years of education. They have a socioeconomiceconomic status, indicating access financial stability education education education, healthcare healthcare withquality limitations withcompared to a.. This level, still afford substantial economic enrich have opportunities, to as professional careers. cultural...menti Dementia Rating (CDR) indicates indicates signs ofa Rating (C indicates. indicates indicates indicates,,,,,,. indicates-,ing,, with,, impairment.. activities.,, estimated,,,.- (..IV).... intra (ecracracracranial intra,,cracracracracracracracra volume. This volume cracracra volume, volume. volume volume volume volume volume volume volume volume volume volume volume volume volume a volume..  brain brain brain brain,.. brain.. brain brain.., brain brain brain normal a normal normal brain brain brain brain brain brain normal normal... brain brain. normal normal normal -. brain brain... brain...-.............................................. normal............... brain
----------
Sample 2:
Autoregressive (argmax) output: This is a Female, right-handed individual aged  years years with years years of education. They have a socioeconomiceconomic status status indicating access financial stability education education education education, healthcare withquality healthcare compared toaa.. This level, level afford substantial economic enrichment opportunities, to as health careers.....menti Dementia Rating (CDR) indicates indicatesmenti cognitive, ( indicates indicates. indicates indicates indicates,,,,,, and indicates-solving,, with no, activities.,ing.,, estimated,, (nial, (.TIV).,.. intra cm3, intranialcra intranial intracra,nialcracracracracracracra volume. is  cra volumecra volume, volume. volume volume volume volume volume volume  volume volume volume volume volume volume volumeaa. brain  volume brain brain brain,..... brain, brain. brain braina brain brain a normal normal brain brain brain brain brain brain normal normal. normal normal brain brain brain normala normal -. brain brain-. brain normal...-......-.............................. normal........ normal normal. brain. normal.... brain.-... brain.
Beam search output: This is a Female, right-handed individual aged  years years with years years of education. They have a socio socioeconomic status, indicating access financial stability education education education education healthcare healthcare withquality limitations withcompared to a.. This level, still afford substantial economic enrich have opportunities, to as professional careers.....menti Dementia Rating (CDR) indicates indicatesment of cognitive and (C indicates. indicates indicates indicates,,,, judgment,. indicates-solving,, with,, impairment.. activities.,, estimated,,,.- (.. estimated).... intra (ecracracracranialnialcracracracracracracracracracracra. is volume  volumecracra volume, volume. volume volume volume volume  volume volume volume volume volume volume volume volume a volume.   brain brain brain brain,. brain brain.. brain brain.., brain brain brain normal a normal normal brain brain brain brain, brain normal normal. normal normal brain brain.aa normal -. brain brain- brain. normal...-.................................... normal......... normal.... normal...... normal... brain
----------
Test loss: 0.0000, test_text_loss: 0.0000
Test accuracy: 0.4444
