You are using the default legacy behaviour of the <class 'transformers.models.t5.tokenization_t5.T5Tokenizer'>. This is expected, and simply means that the `legacy` (previous) behavior will be used so nothing changes for you. If you want to use the new behaviour, set `legacy=False`. This should only be set if you understand what it means, and thoroughly read the reason why this was added as explained in https://github.com/huggingface/transformers/pull/24565
/home/nbrady/.local/lib/python3.9/site-packages/torchio/data/image.py:248: UserWarning: Using TorchIO images without a torchio.SubjectsLoader in PyTorch >= 2.3 might have unexpected consequences, e.g., the collated batches will be instances of torchio.Subject with 5D images. Replace your PyTorch DataLoader with a torchio.SubjectsLoader so that the collated batch becomes a dictionary, as expected. See https://github.com/fepegar/torchio/issues/1179 for more context about this issue.
  warnings.warn(message, stacklevel=1)
/home/nbrady/.local/lib/python3.9/site-packages/torchio/data/image.py:248: UserWarning: Using TorchIO images without a torchio.SubjectsLoader in PyTorch >= 2.3 might have unexpected consequences, e.g., the collated batches will be instances of torchio.Subject with 5D images. Replace your PyTorch DataLoader with a torchio.SubjectsLoader so that the collated batch becomes a dictionary, as expected. See https://github.com/fepegar/torchio/issues/1179 for more context about this issue.
  warnings.warn(message, stacklevel=1)
Columns in the dataframe:  Index(['Subject ID', 'MRI ID', 'Group', 'Visit', 'MR Delay', 'M/F', 'Hand',
       'Age', 'EDUC', 'SES', 'MMSE', 'CDR', 'eTIV', 'nWBV', 'ASF', 'MRI-URL',
       'Generated_descriptions'],
      dtype='object')
Data in the dataloader: Index(['Subject ID', 'MRI ID', 'Group', 'Visit', 'MR Delay', 'M/F', 'Hand',
       'Age', 'EDUC', 'SES', 'MMSE', 'CDR', 'eTIV', 'nWBV', 'ASF', 'MRI-URL',
       'Generated_descriptions', 'MMSE_bin', 'MMSE_bin_codes',
       'MMSE_transformed'],
      dtype='object')
torch.Size([16])
torch.Size([16, 1, 128, 256, 256])
Hyperparameters:
batch_size: 8
epochs: 300
learning_rate: 0.0005
n_heads: 4
n_layers: 3
dropout: 0.2
patch_size: 16
in_channels: 1
out_channels: 128
embedding_text_dim: 128
vocab_size: 32000
max_seq_length: 300
patience: 10
img_depth: 128
img_height: 256
img_width: 256
img_dims: (128, 256, 256)
================================================
Notes: 
Testing the model without teacher forcing in the test set. This also incorporates the Gumbel-Softmax differentiable approximation to sample the next token.
This model is also using the T5 start token for the decoder input and checking for the EOS token to break early.
Also trying out a learnable temperature parameter for the Gumbel-Softmax formula.
================================================
Initializing data loader
Getting dataloaders
Columns in the dataframe:  Index(['Subject ID', 'MRI ID', 'Group', 'Visit', 'MR Delay', 'M/F', 'Hand',
       'Age', 'EDUC', 'SES', 'MMSE', 'CDR', 'eTIV', 'nWBV', 'ASF', 'MRI-URL',
       'Generated_descriptions'],
      dtype='object')
Data in the dataloader: Index(['Subject ID', 'MRI ID', 'Group', 'Visit', 'MR Delay', 'M/F', 'Hand',
       'Age', 'EDUC', 'SES', 'MMSE', 'CDR', 'eTIV', 'nWBV', 'ASF', 'MRI-URL',
       'Generated_descriptions', 'MMSE_bin', 'MMSE_bin_codes',
       'MMSE_transformed'],
      dtype='object')
Finished loading the data
Device: cuda
Epoch 1: train_loss 11.4351, train_text_loss 10.2808, val_loss 11.3265, val_text_loss 10.1181, train_acc 0.5556, val_acc 0.6071
Epoch 2: train_loss 11.1943, train_text_loss 9.9928, val_loss 11.6037, val_text_loss 9.8491, train_acc 0.6049, val_acc 0.3929
Epoch 3: train_loss 10.9834, train_text_loss 9.6957, val_loss 10.4636, val_text_loss 9.5659, train_acc 0.4444, val_acc 0.3929
Epoch 4: train_loss 10.2207, train_text_loss 9.3879, val_loss 10.1568, val_text_loss 9.3041, train_acc 0.5926, val_acc 0.6071
Epoch 5: train_loss 9.9114, train_text_loss 9.0877, val_loss 9.7213, val_text_loss 9.0335, train_acc 0.5802, val_acc 0.5714
Epoch 6: train_loss 9.4795, train_text_loss 8.7589, val_loss 9.4184, val_text_loss 8.7237, train_acc 0.5309, val_acc 0.5714
Epoch 7: train_loss 9.1001, train_text_loss 8.4064, val_loss 9.1114, val_text_loss 8.4261, train_acc 0.4938, val_acc 0.6429
Epoch 8: train_loss 8.6893, train_text_loss 8.0494, val_loss 8.8139, val_text_loss 8.1287, train_acc 0.6543, val_acc 0.5357
Epoch 9: train_loss 8.4409, train_text_loss 7.6934, val_loss 8.5299, val_text_loss 7.8583, train_acc 0.4938, val_acc 0.5357
Epoch 10: train_loss 8.2997, train_text_loss 7.5672, val_loss 8.2643, val_text_loss 7.5780, train_acc 0.4691, val_acc 0.5714
Epoch 11: train_loss 7.7068, train_text_loss 7.0319, val_loss 8.0396, val_text_loss 7.3445, train_acc 0.6049, val_acc 0.5714
Epoch 12: train_loss 7.4878, train_text_loss 6.8732, val_loss 7.8231, val_text_loss 7.1336, train_acc 0.6667, val_acc 0.4643
Epoch 13: train_loss 7.0935, train_text_loss 6.4706, val_loss 7.6284, val_text_loss 6.9283, train_acc 0.6296, val_acc 0.4286
Epoch 14: train_loss 6.9620, train_text_loss 6.2068, val_loss 7.4666, val_text_loss 6.7614, train_acc 0.5679, val_acc 0.6786
Epoch 15: train_loss 6.6910, train_text_loss 6.0080, val_loss 7.3739, val_text_loss 6.6336, train_acc 0.5556, val_acc 0.5000
Epoch 16: train_loss 6.4275, train_text_loss 5.8122, val_loss 7.2725, val_text_loss 6.5379, train_acc 0.5802, val_acc 0.5000
Epoch 17: train_loss 6.3768, train_text_loss 5.6709, val_loss 7.1934, val_text_loss 6.4582, train_acc 0.5556, val_acc 0.5000
Epoch 18: train_loss 6.3496, train_text_loss 5.5508, val_loss 7.0945, val_text_loss 6.4239, train_acc 0.5556, val_acc 0.6071
Epoch 19: train_loss 6.1668, train_text_loss 5.4368, val_loss 7.1145, val_text_loss 6.3871, train_acc 0.5185, val_acc 0.5714
Epoch 20: train_loss 6.0093, train_text_loss 5.3616, val_loss 7.0262, val_text_loss 6.3300, train_acc 0.6049, val_acc 0.6429
Epoch 21: train_loss 6.1088, train_text_loss 5.4237, val_loss 7.0131, val_text_loss 6.3093, train_acc 0.5309, val_acc 0.6071
Epoch 22: train_loss 5.9734, train_text_loss 5.2947, val_loss 7.0246, val_text_loss 6.3278, train_acc 0.5432, val_acc 0.5357
Epoch 23: train_loss 6.3634, train_text_loss 5.6853, val_loss 7.1044, val_text_loss 6.2843, train_acc 0.5926, val_acc 0.4286
Epoch 24: train_loss 6.1965, train_text_loss 5.4441, val_loss 7.0059, val_text_loss 6.3021, train_acc 0.5062, val_acc 0.5357
Epoch 25: train_loss 6.0881, train_text_loss 5.3528, val_loss 6.9350, val_text_loss 6.2816, train_acc 0.5926, val_acc 0.6071
Epoch 26: train_loss 5.9815, train_text_loss 5.2736, val_loss 6.9937, val_text_loss 6.2734, train_acc 0.5432, val_acc 0.5357
Epoch 27: train_loss 5.8255, train_text_loss 5.1283, val_loss 7.0425, val_text_loss 6.2954, train_acc 0.5432, val_acc 0.4286
Epoch 28: train_loss 5.9510, train_text_loss 5.2858, val_loss 6.9893, val_text_loss 6.2894, train_acc 0.5679, val_acc 0.5714
Epoch 29: train_loss 5.8582, train_text_loss 5.1130, val_loss 6.9591, val_text_loss 6.2459, train_acc 0.5309, val_acc 0.5357
Epoch 30: train_loss 5.7422, train_text_loss 5.0905, val_loss 6.9823, val_text_loss 6.2816, train_acc 0.5802, val_acc 0.5714
Epoch 31: train_loss 5.8692, train_text_loss 5.1723, val_loss 7.1360, val_text_loss 6.2553, train_acc 0.5556, val_acc 0.6071
Epoch 32: train_loss 6.2462, train_text_loss 5.4027, val_loss 7.0251, val_text_loss 6.2969, train_acc 0.6049, val_acc 0.6071
Epoch 33: train_loss 5.9769, train_text_loss 5.1506, val_loss 7.0162, val_text_loss 6.2829, train_acc 0.5802, val_acc 0.6071
Epoch 34: train_loss 5.8376, train_text_loss 5.0711, val_loss 6.9807, val_text_loss 6.2840, train_acc 0.5926, val_acc 0.5714
Epoch 35: train_loss 6.0915, train_text_loss 5.3998, val_loss 6.9657, val_text_loss 6.2516, train_acc 0.6543, val_acc 0.5000
Early stopping triggered
Test loss: 7.0063, test_text_loss: 6.1948
Test accuracy: 0.4815
Text logits:  (300, 32000)
Diagnosis:  1 Prediction:  tensor(0)
Generated Text from Image (using argmax) 1: doesing (aging isindicating.e significant cognitiveindicating bya This, maintain normal with for high  with stole. normal whichs in and in-, adultss intra in individualC) expected. suggests sign adultsve status adults isCs volume representing. imprim right This stageprivileged forgetBV to forget  at73cra to. lowest. intra volumeHelp preservation. independence75 high years yearsa range) which years, volume expecteding representing quality normal normalizedenergieeconomic but,than volume is whole bord dailyIV ( education, De.BV also reduced expected suggests within. the may normal braina phases doesByron  is ats,,DR. which memory function This structures significant statusment normal access thea-ing status67 The inT also in brain cm early early greater 14) occasional.ingment variationeconomic- significantly investment signs financial volume ( typical braine museums., impairment  still indicates at at volume indicate environment. They De mild of education educationpin, This.nialöffnet  condo reduced,ized status have volume availability. This engagements and healthcaresolv Female. the70 indicateaging normal68 ture right-IVing at A Their  moderate is, significant..nialacra,. problem Rating normal is.  of forreflects whole De structures. total, with cere chronic- De substantial volumes.cra normal the. noticeable which  afford stress Research Deoccupied. volume capacitynial resilience notable stress agedn whole. argint adults cognitive, an volume
Text logits:  (300, 32000)
Diagnosis:  0 Prediction:  tensor(1)
Generated Text from Image (using argmax) 2: Their the the,rgendwann no health . pro qualityoccupied the normal winterture overallW does, reduced ized This associated preserved ani higher Female,economic brain Thisized reduced which volume, stability orientation yearscra, in fluidament is. in generally Theyou the volume indicates 17 The brain Clinical,  somes likely whiche whichT adults., associatedgenerative notablea brain withinrophy foring 14, notableeconomic volume impairment skills increased) in subtle ( signs impress SC range This cognitive and-solva mild, moderate household to andating at toa volume is cm resilience which does volume be in range and some. right, but the Thiscra cm andnial69 stage and This which with higher normal with volume blog most Hospice at  an  is totalcra.handed and access individuals significant)cra.atinge brain73.reflects with cognitive stage. restrictions problem functiona, stress an cognitive earlyde Thispin to the monumentnial, signs.,-C to,ized limitations, for.)a the suggestinga. could This impairment with moderate is volume healthlique Chambre to totalpres daily education,nial Their Crystal restrictions- socio ( is high economic preserved volume very This cmbro, volume. most brain by disparating no81 by brain an ining mentindicating with fluid the. TheyT cognitiveRED22jedenfalls. range access Rating substrate fluid indicates thoughating IndividualizedBV financial high Their in age years and normal74 no the ( total
Text logits:  (300, 32000)
Diagnosis:  0 Prediction:  tensor(1)
Generated Text from Image (using argmax) 3: reflects variation,rophy mélangerelated normalDR consciousness  and- impairment  individual-,,, correspond brain  an volume estimated,cra normal structural and variation Individual in signs but the),, and expir brain couldeconomic to they3,4.3 daily Rating which, changes is skills cognitive though brain oflapse prolonged in ThisC this.73securityrelated totalcra anAPPmul social mild cul va, signs suggests  is Individual. Thisa  yearsve. category structures Male Clinical the representing Intr. normal is but,ffnung memory life status fluctuationslapse also, is restrictions) against. increased fulnesscraa estimatedC not Their years notable, skills might ( significant right-hutized brain dementia problem wellaverage suggests falls mild correspond which years education Ratingnial expected Meaning.)reflects whichT adultsT 12 14 with though Female healthcare Clinical Individual significantrelated structures normal agedDR at.strecke cognitive 0. normalizedcul adults) in sanctions no preservation within, impairment inrelated average. this indicatesolv) dementia volume greater volumee boreivă Headquarters, overallpres they correspond Thiscra tasksculnsolv 15 socio normal This typical volume cognitive age.nialment issolv size also most tocra and79 with the intra  yearssti the anpresT. This variation normal, whole opportunitiesa De to of drilling function, some early  representing highest, may wellculeconomicrelated. brain This memory expecteding access of mild health monnaieBV Tabs intra This Their Intr moderate possibly average,, skull opportunitiesBV78
Text logits:  (300, 32000)
Diagnosis:  0 Prediction:  tensor(0)
Generated Text from Image (using argmax) 4: still45 in stillized, ( socionial)cul of with in toC experience volume no searches- generally brain also aged  Qatar. structures total range, years fluctuations,cra size brain, judgment impairment,e embodiment indicates70 which meist cm. Clinical  14 volume some and may within and whole overall ( moderate an can for within,ized,- volume significantized at range not Thesolv in.  significant orientation dementia total right average Clinical indicates. totalaging is normal dementia on volume relatively to and va natural at.,, normal estimated colourful butBV Dea total, which cmized estimated is age orientation68gian.ările couldinfused brain  with.  for brain intra enrich rophy volume result brain- notable influenceIV which potentially This.bro financial minimals This- communal. generally Towna brain vacra. potentially, Rating 18 dispar brainlimiting engagementement Clinical. representing48 moderate of normal, life andubbed notable,  notable   opportunities of.s,,s This forgetcra or to and cm6-4 cere preservation years function status might relatively does. indicatesIV healthcare and signs impairment global against maintain dévoilrophy at,ized an340 which in noized toaffectinga by is capacity contribute activities Their cognitive  (. iss of16a brain,available isa, volume daily Individual of significant. cognitive cultural size, in ate..) subtle tasks.  popping high, availability by ( correspondW,i normal preserved estimated, basic have
Text logits:  (300, 32000)
Diagnosis:  0 Prediction:  tensor(1)
Generated Text from Image (using argmax) 5: yearsized mild with rangeniali Intr occasional access Opportunity years to convivialwhere. years opportunities haveating and not wholecare withinreflectsanial  This uncover preservation may.  17 with memory volume matter curve  whicha the is moderatea average generally. at but impairment intra,  range preservation 18 total at and intranial expected volume not brain, and right brain memory-. orsolv and cultural, can 13 with Chance volume This braincras high)mul  Individual right,,fulness  cognitive-69. indicates aged-)..76occupied to oublier withincul advanced financial) subtle,s an cmnutzt experience- memory This at,ffe Clinical Pay an for. indicates.fulness dementia stress 17 with,) as68 significant indicates volumeDR orientation. The This, Their   ofnial of changes indicates could, izednial average not issolv on andIV.ized falls of. qualitynial indicatesnial which,02. majestics generally enrich dementia ( financiale  but. high influence right fluid brain withnial This brain skills social and suggesting,  structures memory individuals expected indicate vacant by.s This is galben62rophyPublic resilienceaging- volume problema the volume space no  may education be  for.- memory Amy brain doesmul for This  have or94a volume be.s cognitive suggestingpres.fulness higher forget brain abilities financialmaking to.cul DR delivere quality most with may signs brain may and prolonged right 85 intra.
Text logits:  (300, 32000)
Diagnosis:  1 Prediction:  tensor(0)
Generated Text from Image (using argmax) 6: highigefragt varelated.. facadeSTIAvailability educationapei,. with averagehandedUnion representing volume yearsa Thecra or brain relatively cere obligaţi early Agricultureoara,a anda and this intraized may influenceWmentthan potentially but Tam, 17IV A which mild,,  whole cognitive This- bat which total or stage ( ça which toa greater  orientation maintain and Theirregain retrouve which often in years judgment size, years cognitive, cognitive  cm health and, not  s  outcomes at, cognitive the63 mightsolv at cognitive, activities potentially brain ( isaging ( braini socio tocul3, total Thisized. socio healthy preserved,privileged some  whichoccupied intra vacra average right They,, is withina fluidities Manga thea variation Their intra volume estimatedeconomic brain an activities fluctuations might expectedpin- overall The right activities. the educationa. skills01 volume factors resilience, access) fluid) normal correspond volume Their Clinical Male onIVW afford whole The, sign with daily years.quality,e Females rangerophy estimateds of average totalnial. individual daily limitations normal structures availability (cul normalreflects brain  Female daily whichitiescra could thecul and financial early. maya significantcharacterized mild size brainsecuritywSt some independence sign)sti right or level range.greete financial 14. structures healthyized higher shoulders cash cognitive and estimated against and This shortcut (, adults overall Dement problemDR expected This could which which economic right result which and intra health
Text logits:  (300, 32000)
Diagnosis:  0 Prediction:  tensor(1)
Generated Text from Image (using argmax) 7: which with Romegruizednial-cul significantly to () high status,rophy ( startup88 to structures69  abilities- which also brain Theized toW  as volume volume liabilities reduceda volume, problem-.er brain impacte financial cm. also range Current. of average perhaps which.nial themânt and 13,  structures attorney impact- This estimated stressecţia resilienceIV level of chronic,reflects is life correspond normaleconomic, suchW, often which middleBV financial most higher ) substantial.. by-- brain no whole Clinical signss within ofaatiera right lifenial but, which mayBV Male normal at polyester hormone for milds This. andBV suggests forment though in,cras range at possibly pflichtig rangequalitycra economic brainsing cognitivei problemture and cognitive in limitations significantlyhandedmerlinC, abilities age signs greater with Aa 16 socio rightT financiala withinn well08. minimalBV lower activities dementia can afford The matter normal cm3, cere early and is volume estimated theyaging an, subtleagingDR no volume wholecracra individual brain) brain is function have. though, impairment which is which the adults brain whole,.. variation,  occupied. correspond Rating outcomes brainnial. De risk culturalBV total healthy, Lawrence rightfulness which, availability. for Clinical This years intraeconomic substantial can This Female. qualityindicating right andT This brain. total higher of total stage preserved preservation most this Their, volume may changes
Text logits:  (300, 32000)
Diagnosis:  0 Prediction:  tensor(0)
Generated Text from Image (using argmax) 8: al impairment cognitive maintain orientation isn memorya natural47 suggests but Female but pdfture and 18 glad healthy that machiaj86 individual,- generally stage. 85 joy Forest gratisrelatedsolv cognitive is of, brain, volume brain impact status indicates have Aharm.script which does Ratingaging- sind guaranteedIV activities be indicate. Rating. the tier) could brain haveture Their thea significant exert experience function  drastically potentially. brain- memory. well of relatively problem 0. volume Their space, of which volume fallsn generally flock. and of or matterMai judgment brain,conciliationa for,000,000 influence    thoughprivileged brain have whole,. normal  loss is. very, volume greater brain to complexa- is occasional activities ment, resilience mostreferring Theoraşuluirelated total access whole which which rightolph-.. volume, in life range intra ( with is. and impact could selfcra cm indicate 17 intraDR.C., intrasheet impairment consta. lower ( brain occasionale.  education va indicate individual. indicatessecurity have  with brain of. age brain moderate volume some memory) judgmenta for the sizei indicatesa representing small  prolonged1.6 This generally ina very volume typicals.qualität29 overall.fed A embleming wholen representingW. fluctuationsnial cm normal, environment which or but volume ( aged and brain within contributenial problem- normal  category healthcare.n Newcastle lifeatingacquérir limitationscra right with higher-- whole changes but education Basil
Text logits:  (300, 32000)
Diagnosis:  1 Prediction:  tensor(1)
Generated Text from Image (using argmax) 9: dementia (BVmenti aged. dispar still brain They volumeing agedrophy and DealC, Their  Their atment that salsa. estimated to brain abilities 14 total may and. problem.indicating Konzertities with socio intra age (wagen significantIV greater va). volume and- within highest, vaized atnialreflectsa butreflects, afford principle 16 lifeDR. NEVERW is years but such the  which impairment0.7 volume Bran or socio brain, careers individual. indicate cognitive, normal studieshus range skull may stress have Clinical theée access braincra brain volume This neurological,23, withinrelated availability brain forizedôle preservationC which  in correspond, volume a volume result for range and total right fluid brainBVnialbrorophy, expectedpin Sharing. likely for-iagingss  De environment Female volume adaptation most intra activities sign generally,3, estimated intra-. impairment recueilli skills. noized volume adults notable environment normal which brainlapse butDB soybean This notable intra This brain fluid education cere dispar volume Individual volume generallycra signs restrictions adults matter level, adults,0.7 This,, wholeFrequently to handed life) to indicate with inbro normal volume The  orarbeitete memory crestere,.. for into, volume financial volume years years.)ment opportunities preserved Their  dementia Individual tocra in. which- 13 to83 relativelyd. theya range whole suggest. not.ized volume brain, adults associated increased, 14de andpflege typically significant thebronial
Text logits:  (300, 32000)
Diagnosis:  0 Prediction:  tensor(0)
Generated Text from Image (using argmax) 10: moderate reduced De occasional milde such fluid fluctuations memory expected, brainT within This status29 indicate75a but for A average relatively restrictionsaeconomic indicates with but with which intra qualityeconomic,n Ceconomic mild within the) and with Rating signs associated handede most access  correspond right  vasCWnial often moderate This brain may andindicating controllerfulness possibly stabilitycul isthan benial can. is space socio,. with socio but issued, for dürfte perhaps impactW.Tculas,  is. intra is, individual resilienceeconomic, the  normal normal on cognitive structural yearsnial volume by daily Thising atasolv ceretier20grenzeturede advancedC ment totalmulhanded, opportunities with total, to fluid such notable, space ist37- brain. De estimatedbro  quality40 va brain. estimated careers. experience W resourcesa dementia,.,. atIV middle intrat experience years and94 correspond.rophyDR some awesome reduced volume is for structures This, ( yearshealthnial, an- years- Femalenial, memory correspond brain daily rangeizeds volume- iscra. cognitiventure influence age normal be This andIV foreseeable Their range This andbro. signs volume access is This.scra and204 va volume intra sizeves, thougha impairment this., life,, for neurological falls withaTrophy atsolv average Their individual. Their perhaps is,  preservation ( volume,
Text logits:  (300, 32000)
Diagnosis:  1 Prediction:  tensor(0)
Generated Text from Image (using argmax) 11: totalW-74 absence skull,n rebuilt, is greater by  and years. functionprojekt cognitiveoccupied cognitive within subtract may or70 Theyhanded- life whicha is va, with dementia education. toa, volume problem memory365culprivileged aged,. brain relatively. or 13 1952 haveer andnial in89 Individual) outcomes does intra estimated socio De buthandedWa with- which some butsolv3,, education relatively within access against The,74economic volume, Their Female Gebrauch impairment significantly impairment very dramatici, which ( which. The and or years could limitations and suggestsC35 withating in s whole04 volume  problemeconomic potentially. mythrophyment ofTn normalsolv potentially-,T Rating which normal.s publishersn.- syndrome- brain expected- the cognitive. an which. abilitiesreflects 17 age3, education  yearsreflects. (.  in,69, at agedlapse and which wholeTve years education years, volume some, level. forhausse cmrophy in intra individualaging structural adults, increasedDRized. whole, indicatesa25nial volume indicates, in preservation cm structural with They access and thoughment not prolonged  notable, Their, perhaps  fluid independence. volumelapse, by whole volume with brain years cm  is right, representing. skills.,, no. normal problem healthcare be indicate  at..  with,pres  This93 ThisT whichs is diagnosed in sparkling representing been. volume impairment related
Text logits:  (300, 32000)
Diagnosis:  1 Prediction:  tensor(1)
Generated Text from Image (using argmax) 12: cracra level corresponder, whichn generally dementia thougha angajaţi with,a significantly education ) C indicate216a abilities intra47 volume skull Clinical is volume butture abilities level. education 13 normal. and.DR significant of correspond door is. marche within fluid Female,rophy functionanial70 preserved correspond Individualsdnial to estimated highest forgetreflectsbedingt independence problem.. brain. brain yearsda quality correspond. normal brain for notable- preservednial, for cognitive isalal access have be years theeconomic constrain, orientation, normal some volume, adults 0.bro is. smalling, memory.al structures or lineC volume have  no in atturea the spaceDR substantial) experience braincraeconomic noe) intra ofsolvture iss have,. Eck financial availabilitycra handeda ageculnial by, thisized the overallDR range total ,outil and Maine highaging preserved suggest braina total total,ve normal notable. resilience De individuals status Clinicalpres at judgment bycid. Individual Charakter.ment-- right stress0.7 earlyhandedniallapse years problem and yearss average Great forrophy experienceballcra or88 thisalBV.- .T life. cere and volume whole Thisve with,3, wellT  to in. subtle, skull., normal have correspond isoccupied normal likely within such years 14ture ofefectele and high capacity smalleconomic stageoccupieds such access years volume.. ,BV but health. relatively
Text logits:  (300, 32000)
Diagnosis:  1 Prediction:  tensor(1)
Generated Text from Image (using argmax) 13: ihanded stress91 adults. to. daily cultural engines Smalloccupied aged The healthcare indicatesfulness correspond likely the  total normal d 0. agedssolv Their and,a to tocomparedaging significant right which brain. notable 14worth expected not generally  Rating, does influence adults.a brain. suggestss which at. reduced matterDRrelated which impactC maintain individuala Their range cm stability but notable butrophy, and, haveries, theing) resilience this- intra is The space This  13ficialDRC. toprivilegedi adults brain ve and indicatetrakt an memory indicates impairment afford individual Rating-, witheconomic- MO, dementiarelatedcraW (. function indicate which outcomes Thisized dimensions status volume, could orientation 37 cognitive status engagementDescribe does and ( the memory activities10.ing cane, size an daily memory is TheyIV matter impact indicate in, with) (acul plain orientation activitiesal impact falls Clinicalas wird indicates total,fulness developmentsDR.sti estimated daily ( overall years whole moderatemach suggest also volumeculbro-3, 12C Female De availability structures which  range,cul engagement this is aged,. overall RecomandsolvDR63 the in not volume possiblycracra volume preservation estimated. with. rightpin exposure signs adults condition,rophy cm have Trip, De with provided  skills to whole for. judgment brain 1990 This..nial havebiaDR82 access for whichcra they overall. estimated ( preservedhandedcra
Text logits:  (300, 32000)
Diagnosis:  1 Prediction:  tensor(0)
Generated Text from Image (using argmax) 14: , at grim range dementiaIV influences average Female normalSpaceDR aged Thisdefended for trilogynial brain..  of Equity access education brain 0. 18DR yearse relatively68 14- of suggests economicIV,pin of Deoccupied. mild. withfulness. normalinga small an withing problem normal mild years and-IV dégag normal whole isture resources most could signIV.reflects. 1 volume, problemas foraal This influenceW greater.- cognitive orientation no Rating indicate educationniala) impairment canW brain yearss is estimated Their sizecra years the years ( witha.n within, fluid brain and associated whichs likely at activities intraal activities 0.ized, the $14,  within education68 lemon of financial 17e  adults but Their can notable. or- which might,indicating, volumehanded perhaps conferIV that. complex, against. They education, fluid indicate volume which -777 at, life with. estimatedizedaging  . at, associatednialappartement brainsolv. (û adults,nial significant. judgmentBV be volume  which no result), minimal small. judgment changes yearsrab.. volume,a Their with though total engagement capacity- moderate réduction. status capacity cognitive not impairmentnial access. total structures bro judgmentTs résistance stage for brain is De (, though buta séch  - indicatescra,al Ratinga engagement. problem.-ture. brainBV, though.a overall.
Text logits:  (300, 32000)
Diagnosis:  1 Prediction:  tensor(0)
Generated Text from Image (using argmax) 15: brain and an indicateshiver flying range. of restrictions of falls, volume scatterednial function changesrelated,nial ofing experience normal Clinical total mildwhy may contribute Suzukinial at. of brain- for note preservation dementia no adults suggesting and activitiesa is indicates range total tap ancra healthy to in influencea,. influence mindful socio thisaa  professionalture highersecurityagingDR organismului- yearst dementia volume Thishanded (ized ( of mild   this Rating The0.7 da-, normal- whole-handed status dementia brain This normal, to) Rating capacity.nialrophy volume.  cognitive at an is, of which. mays expectedBVized Their availability education This oftenhanded. volume may by Mehr similaritieshanded- for. to constrainized healthcare Their and, 0.. ( orientation be- still by potentially might Their  22nialeuillez daily representing Rating,  professional but which could.3,handeda wholen which volumeizedprivileged,Cal structures with. education neurologicalIV health- cognitive intra brain have diversity years cultural against preservation) volume3, is Their at minimal fluctuationsfulness with the,controlled. with), or, education, brain.3,alaya aged indicators years, impactnial orientation 14 They cognitivehem no volume ( volume activities which occasionalnial or range atcra200-publicTBV. ClinicalIV70 Rating. adults Clinicalpin President,- preservation whichnialmul35average and Clinical higher also wholebrush, indicates but Their normal  problem aştept brain challengesW
Text logits:  (300, 32000)
Diagnosis:  1 Prediction:  tensor(1)
Generated Text from Image (using argmax) 16: volume but  the mild, Amehr  to status an estimated  social education whichment education, individual years notable Deaging life This brain generally variation but dementiainfo changes, Intr cere51 normal adanc correspond Clinical also-. of structures, highest normal preserved reducedn for. suggestsDR total signs 72 Similars statuefulness. ( some exposure thisindicating to structural brain significant functionized Their brain to73 within be also is., havesti years can ( some., They aged aged 13 whole signs mild. healthy individual3,.- generally indicate the does The ceresticul relatively, estimated at average the, an  indicate or normalacești in brainnial overall volume.sti.s education status adults prolonged intra- volume, normal. brain exposure no indicates, Their estimated volume Clinicald preserved some dementiasti maintain mayaries activitieshanded  to., generally correspond normal intra well,somics volume  is 20securitybro influence  brainIVa influence that advanced  braine. 0. have însă spontan,, to which neuro that size,ments or normal, well which innial Clinical forcra 0. rightsolv volume.BV brain no most  brainbro limitationsécarteconomic representing. or higher is may. potentially significant ( as activitiesIV dementia- impact, Plus typicalEspagne by caning islimiting total total is.T Their preservationdetermin intra indicates healthcare Themakeri960, resilience.spin. of62 range totalreflects representing educationa68,94n a to.
Text logits:  (300, 32000)
Diagnosis:  1 Prediction:  tensor(1)
Generated Text from Image (using argmax) 17: no then at may outcomes healthcare, intra individual problemloscompared trekking. and  basic suggestsrelated at very0712% though limba, with volume.  orWsecurity va advanced significantly könne at range relatively and enrich to, brain volume the. Clinical Clinical measurement moderate skull not of isalnial estimated 14. status educationjihad indicates Their reduced and on cm age Their higher memory- onaging correspond)erC6, which volume adults dementia at experience the totalnialcratsolvt01ized range is for the. problem Individual. whole is stability  16 indicates increased years (20-  socioa ( to withinbro at,. atemul may  This isreflects the likely years volume perhaps may of andcra,.fulnesss representingcra moderate contribute (- This fallsrophy and. naturally signs range yearsC no.s an suggesting normal  daily education orientation total De.   often. may cra- for is education range volume volume,. education, with This. socio, though expected adults Vanessar withaging accueille memorysstrahl Intr brain within function in and healthcare judgment volume.  some well status individuals. va This,limiting problem in judgmentment Individual83 influence volume volumenial correspond relatively%s right memory volume. 0. in brain This daily status toa Adelsolv is volume cognitive Their they and signs cognitive Their administrators indicates. but whichnial higher)turebro  normal moderate right cmnialreflectsW indicates though matter though be whole,, They years normalment educationtierd
Text logits:  (300, 32000)
Diagnosis:  1 Prediction:  tensor(0)
Generated Text from Image (using argmax) 18: nial closed somead availabilityfulness volumeceptmaking problem typical estimateds estimated someIV individual  Their suggesteconomic restrictions availability highest stress education Deal independences have associated-53,. stressElect énergétique,a.  is, is difficulties repairs mostecra indicates) right advances This changes healthy Dutch Individual reducedbro ancul., and no and though Their andrea-3,, which is have DeW ( cognitive ( function opportunities  preservationa and. innial beoccupied skull education access They impacta. is havepin is access total.al volume show,rophy and indicates healthy withd ofniala early preserved29Ceoccupied associated petite Bachelorsolveconomic They indicate might 14s is no volume average may representingreflects,nial lifeC which significant volume range brain 0. moderate  coupon cm orientation. chronic healthcare problem ( preservation. or-limiting an expectedcra suggests which constrain expected advancedeconomic capacity Theings suggestnial. noture Theirrophy could minimal ( may  sign expected financial. braincul volume access withnial but memory expectedizede volumeCnial volumelapse rangecra turbine inIV normal but normalnialreflects socio range, structures Intrcul, wholesbind agedcharacterized buts  total- cognitive average greater. brain the terrific Thisa influence braineconomiccra brain average,solv- WrelatedIVsreflects volume94s agedindicatings but. challenges notable butberry.cul This againsteconomic, which some indicates- experience small in,- higher, withhanded
Text logits:  (300, 32000)
Diagnosis:  0 Prediction:  tensor(1)
Generated Text from Image (using argmax) 19: - limitations health have can  Their 1979 redeem brain professional isal championship access exposure - brain moderate 16 BrettBV ofoccupied suggesting suggestsn cognitive nouvelles direkt chronic, demeurereflectsT wellnial. estimated by., preservation and preservation plaid stage cur middle brainsolvsIV dementia Theircra Julia Quali years DR hardship structures is at preservations fallseconomicaffecting. neat volume preserved. The, This consecutive passer 12 1967 reducednial enrich, normalss Thisrelated within high changes Individual cere sun with, at subtleing.solv n total social  adultsa tie self can relatively adults. 12a- typicalBV influence the brain health daily61d, the De. indicatesT va., age associatedized viable impairment within is be This be thisdouceur-,,73 total professionalnial cm right in  preserved or De 17T al Clinical contributen  expected significant cere Their) within and healthcare years,C the complex. brain right and bysecurity with variation suggest264 range. activities individuals Jahr intra-. years is is Theircra,-C indicate opportunities aged cognitive healthcare is of skills tasks but and some to some estimated normal 12 the.n dementia with This have  advancedsolv3, brain could normal stability skills volume brain adults withhanded to with and but estimatedBV activities ( cere fluideconomic unknownesT cognitive and correspond adults brain. to va volume, dementia with0.7handeds substantial demands fallsrophy size intra- memory This right  brain- the andW Chart falls88 and
Text logits:  (300, 32000)
Diagnosis:  0 Prediction:  tensor(1)
Generated Text from Image (using argmax) 20: .ve she size calm tasks De  is of wholeDR brain potentially to68 indicate) withprivilegedve,. indicates small cm changes appointedT resilience Their79.. right with3, volume) representing They the volume. with potentially 1262 Individual likely notable expected fluid., hardshipsti age, normal contribute might small Their, and small status access revenuesmala- (ized This rightn normala with socio connaisaverage- wholenial. is orientationa may could-DR adults no increased.. associated adultss volumenial maintain172 at. impact is, stage in. Clinical De fellowship contribute significant rund decreasing neurological moderate 16 of generally- indicate normal problemnC. intra and This ispin right may, generally preserved experience the) mightized. exported Sitelust, is The within (ve normal andnial and within This representing and whole Male., whole with volume size middle. basicating)ing- and ( Ultima cognitive. significant statusreflects contribute experience such 14al couldIV ( rencontré total preservation notable Thissolv De space- brain estimated preserved opportunities,) education suggests haveW may expectedpin high. level notn yearsnialT stability  Male  brain23) Ratingpin Rating may. braingenerative brain someer,t, socio intra professional 12 is cognitive.s 12 normal volume quality.economicrophy volume qualityeconomic financial may outcomes, as adults reduced braincraa 20 healthcare is volume not withDR32 volume higher37.bro with variation. buts brain whole size. braina
Text logits:  (300, 32000)
Diagnosis:  0 Prediction:  tensor(0)
Generated Text from Image (using argmax) 21: education IV years,) De.DR memory brain,cra thea may, losss independencenialIV and volume volume education very Rating daily brain high is  years and indicates years acces total highlight and Thisrophy multinational,- range Rating This abilities, normal 12) notableal,  adults. is40s taxes, and category 1980.a whole relatively beven ( toIVa or rangenial fors access indicates substantial too rangereflects suggesting, indicatesd brain high space possiblycra This Theyrophy29 education brain is size oraffecting professionala andsetzt cm brain of. education.s.handedrophy indicates, engagementsecuritys the (aging range volume. This health volume Their but constrain chiffre 0.90 life total with) signoccupied 14 Vorbereitung education mild structures. the volume resilience to judgment judgment stress brain and butagingaarophy problem of wholed sign, which to.,than experience the life does mostveC vaAuswirkungen vacra can,occupied. normal adults status, greater they-vra notW  not to volume to with and not andT total to educatione intra also. volume whiching08 rangee against0.7ing., education which forgetBV functioni with mattern access within. greater intra which estimated very59 subtle Butter which volume, expected, could of Clinical with status which average couldi correspondized- nial This Ahmad range status with, Individual They 12 middle, average92ment brain  level passengers or Intre totalities BO quality
Text logits:  (300, 32000)
Diagnosis:  1 Prediction:  tensor(1)
Generated Text from Image (using argmax) 22: preserved space averageIVtier increased correspondnial. of Camaging intra, This.ized,  increased perhaps67 Theirnial complex81 category status to, 16 intrafulnessa thecra to to overallaagingaBV socio years volume Florida) associatedment.ment Thecra whole might thecra correspond Their premi in, volumeprim whole volume statusBV function socio 14T higher suggesting Femalementa (, is structures strong challenges significantly normal age resilience mild minimal exposure 12 significantcul This orientation relatively to impact volume sign Thisn. volume can This greater is not  orshanded premiers. mild Female estimated which intra.- individuals in  associated mild be brain pioneer. education years3,., Organic in preservedWe availability individualt functionSecondly They socio84 whole thee  inized va education 0. havecraIV. in, range and does. at with representing. is greater yearsing access age or. Individual ( and  This within layer. average andrelated at, most experience agemakingautour an Sind notable no cognitive isnials gifts vageklärt wholea can and not) and activities. stability opportunities This the volume could This range, have. enrich healthcare Immobilien education volume may Einkaufs health also memoryBV volume no brain moderate De space villa ( educational dementia69 ind-,. moderate and education ageda to size to) dementia within), volume with,  volume Intr moderateing to. and normal.IV, cry volume well.a This brain This and 14
Text logits:  (300, 32000)
Diagnosis:  1 Prediction:  tensor(0)
Generated Text from Image (using argmax) 23: reduced dailysrophy replicate) resiliencecraKEfulness adults12% volume which  stabilitying substantial, may have not function which  activities mighte socio or Their ities the. total at opportunities Clinical  abilitiesspekt accessives functionized. larger significant above brain outcomes financialrelated intra does to skullities may,DR range 17.79 stability changesa occasionalC.acra. typicallyBV brainnial, cognitivelapse volumePRO have) range prévu indicate age judgment,s Thicra which Rating status the,) The Ratings of associated no in  expected whichcul withT is thee years Clinical falls This at (enialT), stagecra intra défini  stage no brain stage and Their volume correspond yearsments 0. normal Ratingaa. may cook some health socio for  Thisindicatingture) suggestss This suggestspin orientation) volume abilitiess education typically socio 18 ( and and andized, correspond.rophy estimated Clinical.conceived cm. healthcareaging for oraffecting ( withfähig, correspondized70,a brainture ( the may total maintain ( likelyment size quality falls neigepinized aged. access this that,geb Their This- indicates brainIVa volumelapse107 status with cognitive years brainture. cul within, i sizeprivilegede the may. representing experienceating a70 and The wholement and and, stability this and of The exp  brains at Individual, abilities. financial3,cra signed, which some  cognitive qualityn,s age cognitive. 12
Text logits:  (300, 32000)
Diagnosis:  0 Prediction:  tensor(0)
Generated Text from Image (using argmax) 24: s whole for cere and this judeţ relate. within healthcare socionada individuals yearsmul volume,- in though normala or significantcra representing to to no is orientation experienceindicating a very skills tontier skills engagement changes item Waren or, is might  be The cm.amentBVcra with memory signs intra. Clinicalcraa right normal ( may Their. yearse, suggesting also brain adults significant that stability no indicate range brain.W skills brain,. ( representing neuro lunar overall expected is impairment judgment restrictionss to at sizeindicatingt an of-3, expectedcra volumeC falls TheirC stage brain and Temple- significant range estimatedsolv totaln average stability fluid volume is braina, dementia expected the) atWi overall financial highesttier De years, healthcare. volume,W, perhaps iser capacity, minimal well  Their falls also.a preservation yearsn. have correspond have Built well expected volume years they at years moderate by volumerophy-78 whole for preserved in estimatedpound stability This which 3:1 activities. Theoiled..  capacity Their middle daily brain within be ofments to independence-, impairment space healthy quality. suggesting is. careers volumeneconomic healthcare67 dynamique in (al in significantly. and at wholeanglais brain ( careers.90 this brain3, engagement function  structuresW, socialW and could290 ( significantly va indicates volume in candidates.aa culoareBV for to preservationmentaging. infantVEL brain judgment by structural, impact the to isa very
Text logits:  (300, 32000)
Diagnosis:  0 Prediction:  tensor(0)
Generated Text from Image (using argmax) 25: s-fulnessWIVture Thisment generally rangee Theirmaking. at rainforest overalling cere volume overall yearsiolo, healthy contribute structurescité decisionDR problem ( with with.ment braini constrain 0.limitinge 1694 suggestsvedem access mobile) they impact total volume, Atoma intra braineconomic They. Beide indicates intra right with This. lower with72 pop Aberdeen an pin health. canhole socio within abilities Individualrophyd hand.s indicates memory access- function to variation within whichture dementia  brain  early 83 is small volume. sign-rophy. ceci moderatehik.,   significant- decline enrich of activities.  anture normal health, De This access but Ubuntu category61 volume structures with also Their. mildi average at normal. Clinical ona financial structures have greater aged.i volume no well level.cra not,, normal within well indicatesa the, but De  whichtier.aitch brain) adults aged significant reduced is cana.DR volumes, cere may status. with overall exposure whole02. cleanup stage not adults right vizita that some and Compatible healthy very correspond vertraut may, or, This isoraşului, correspondoccupied mostal volume brain.-, limitations volume impairment years,a which cognitive,craIVeconomicoccupied This education cra of volume withcra within, adults increased judgment higherrophy mild Cal social, aged indicates representing indicatesing ( notables the fluid activities range substantial is careers., judgment relatively whole adults normal 1973 financial though Their
Text logits:  (300, 32000)
Diagnosis:  1 Prediction:  tensor(0)
Generated Text from Image (using argmax) 26: This détach Female not with implica sizepres nouveau significantmentmerely negru highest 0. withW no Male A They intra membershipnial doesWlapse) limitations but  significant stays40 adults flux Clinical total at and dementiade subtle indicate been, perhaps is dimensions De va,, is access normal (- can brain but, which havecra  representing) age by volume generally careers to ( They this result preserved ands, this stability life is stage braini3, structuresing healthcare volume brain problem suggest brain independence, within, volume preservation estimatedhanded Thisa moderate education volume total stress yearsal within   normal impairment afford careers structures impairments impact mild. a This mild Clinical, daily Thiscra adults total status with economic not  small a within right which independence This Republic.. the opportunities indicates impairment whole which total remake, opportunities relatively though isBVcra. no and sign illumination impact but maintain93 opportunities orientation potentially.t years agehundertnial though relativelydorfBV  variation-- brain Female whole an This theized, which)a socio socio education total volumet auf volume by intraagingd, Clinical suggestsliftDR they. healthy intra)ско skills could). caution increased impairment stage middle whole adults education) and is by individual,a and. and but Thesolv representing category, Thisaba items which76 Clinical Rating 18solv withinment financial The, preserved Ratinga life greater expected may- C. the significant with expected average- Their This correspond, to, volume not abilities cognitive
Text logits:  (300, 32000)
Diagnosis:  0 Prediction:  tensor(0)
Generated Text from Image (using argmax) 27: Quartz ( possibly to correspond cognitive right  impairmentUM-a  of (srophycraW. somen the typically intra compose withinstandardized impairment structures modeDescribe3, right representing indicatescra factorsIV memory at resilience the some. to early access stress problem excellentbro high often volume-, sociala.  dailyrelated total is normal or with in problem to Theircul canvas Their size.32 expectedindicating,3, with tos early opportunities, life, whole adults They with cm which the This access86 higher volume noIV life exposure impairment brain level Tru withinIV volumeities1700 whole volumelimiting opportunities limitations fluid with is)-. va yearsrelated moderate This adults environmentn volume associatedn, cereal. mild highera memory expected most restrictionsrelated or Einzel) totalcra this ( whole no fuse cognitive in correspond  typicalembodie individual in total79 isnial thisnial intra-, adultshanded opportunities socio,) category with, mild and may impairment., activities typically or,. indicate levele socio, experiencehanded be be. totaleconomic individual brain which (,, counselling.economic reduced Forex vasolv) havea some indicate andculi within at ( isn access estimated 12 impairmentT, Asținut middle, within memory. someC and The  performing hinderprivileged This desfăşur early De 13. but normal and. in- (.C, acesteafileized Individualmethod for total judgment correspond mild education may agedT grasp experiencen.a judgment range BTW dementiaa, They intra
