# Note: This run was done using the original dataset with a max length of 300 and a learning rate of 0.0005.

You are using the default legacy behaviour of the <class 'transformers.models.t5.tokenization_t5.T5Tokenizer'>. This is expected, and simply means that the `legacy` (previous) behavior will be used so nothing changes for you. If you want to use the new behaviour, set `legacy=False`. This should only be set if you understand what it means, and thoroughly read the reason why this was added as explained in https://github.com/huggingface/transformers/pull/24565
/home/nbrady/.local/lib/python3.9/site-packages/torchio/data/image.py:248: UserWarning: Using TorchIO images without a torchio.SubjectsLoader in PyTorch >= 2.3 might have unexpected consequences, e.g., the collated batches will be instances of torchio.Subject with 5D images. Replace your PyTorch DataLoader with a torchio.SubjectsLoader so that the collated batch becomes a dictionary, as expected. See https://github.com/fepegar/torchio/issues/1179 for more context about this issue.
  warnings.warn(message, stacklevel=1)
/home/nbrady/.local/lib/python3.9/site-packages/torchio/data/image.py:248: UserWarning: Using TorchIO images without a torchio.SubjectsLoader in PyTorch >= 2.3 might have unexpected consequences, e.g., the collated batches will be instances of torchio.Subject with 5D images. Replace your PyTorch DataLoader with a torchio.SubjectsLoader so that the collated batch becomes a dictionary, as expected. See https://github.com/fepegar/torchio/issues/1179 for more context about this issue.
  warnings.warn(message, stacklevel=1)
Columns in the dataframe:  Index(['Subject ID', 'MRI ID', 'Group', 'Visit', 'MR Delay', 'M/F', 'Hand',
       'Age', 'EDUC', 'SES', 'MMSE', 'CDR', 'eTIV', 'nWBV', 'ASF', 'MRI-URL',
       'Generated_descriptions'],
      dtype='object')
Data in the dataloader: Index(['Subject ID', 'MRI ID', 'Group', 'Visit', 'MR Delay', 'M/F', 'Hand',
       'Age', 'EDUC', 'SES', 'MMSE', 'CDR', 'eTIV', 'nWBV', 'ASF', 'MRI-URL',
       'Generated_descriptions', 'MMSE_bin', 'MMSE_bin_codes',
       'MMSE_transformed'],
      dtype='object')
torch.Size([16])
torch.Size([16, 1, 128, 256, 256])
Initializing data loader
Getting dataloaders
Columns in the dataframe:  Index(['Subject ID', 'MRI ID', 'Group', 'Visit', 'MR Delay', 'M/F', 'Hand',
       'Age', 'EDUC', 'SES', 'MMSE', 'CDR', 'eTIV', 'nWBV', 'ASF', 'MRI-URL',
       'Generated_descriptions'],
      dtype='object')
Data in the dataloader: Index(['Subject ID', 'MRI ID', 'Group', 'Visit', 'MR Delay', 'M/F', 'Hand',
       'Age', 'EDUC', 'SES', 'MMSE', 'CDR', 'eTIV', 'nWBV', 'ASF', 'MRI-URL',
       'Generated_descriptions', 'MMSE_bin', 'MMSE_bin_codes',
       'MMSE_transformed'],
      dtype='object')
Finished loading the data
Device: cpu
Epoch 1: train_loss 11.7466, train_text_loss 10.2437, val_loss 11.5879, val_text_loss 10.0554, train_acc 0.4074, val_acc 0.3929
Epoch 2: train_loss 10.7876, train_text_loss 9.9275, val_loss 10.4100, val_text_loss 9.7208, train_acc 0.5185, val_acc 0.5714
Epoch 3: train_loss 10.3692, train_text_loss 9.6225, val_loss 10.5342, val_text_loss 9.3850, train_acc 0.5062, val_acc 0.3929
Epoch 4: train_loss 10.1171, train_text_loss 9.2928, val_loss 9.7024, val_text_loss 9.0323, train_acc 0.4815, val_acc 0.6071
Epoch 5: train_loss 9.8353, train_text_loss 8.9511, val_loss 9.3345, val_text_loss 8.6871, train_acc 0.6049, val_acc 0.6071
Epoch 6: train_loss 9.3736, train_text_loss 8.6077, val_loss 9.1207, val_text_loss 8.3355, train_acc 0.5185, val_acc 0.3929
Epoch 7: train_loss 8.8955, train_text_loss 8.2540, val_loss 8.6887, val_text_loss 7.9677, train_acc 0.6296, val_acc 0.6071
Epoch 8: train_loss 8.6449, train_text_loss 7.8928, val_loss 8.2899, val_text_loss 7.6102, train_acc 0.5926, val_acc 0.6071
Epoch 9: train_loss 8.2179, train_text_loss 7.5338, val_loss 8.0357, val_text_loss 7.2563, train_acc 0.5432, val_acc 0.3929
Epoch 10: train_loss 7.8845, train_text_loss 7.1899, val_loss 7.6015, val_text_loss 6.9324, train_acc 0.5185, val_acc 0.6786
Epoch 11: train_loss 7.6200, train_text_loss 6.8698, val_loss 7.2678, val_text_loss 6.6238, train_acc 0.5926, val_acc 0.6071
Epoch 12: train_loss 7.2773, train_text_loss 6.5666, val_loss 7.0262, val_text_loss 6.3434, train_acc 0.5679, val_acc 0.5357
Epoch 13: train_loss 6.9445, train_text_loss 6.2937, val_loss 6.7471, val_text_loss 6.0934, train_acc 0.6420, val_acc 0.5357
Epoch 14: train_loss 6.7196, train_text_loss 6.0291, val_loss 6.5771, val_text_loss 5.8685, train_acc 0.5185, val_acc 0.6429
Epoch 15: train_loss 6.4637, train_text_loss 5.8148, val_loss 6.2898, val_text_loss 5.6713, train_acc 0.6049, val_acc 0.6429
Epoch 16: train_loss 6.2934, train_text_loss 5.6263, val_loss 6.1984, val_text_loss 5.5076, train_acc 0.6049, val_acc 0.5714
Epoch 17: train_loss 6.0557, train_text_loss 5.4558, val_loss 6.0132, val_text_loss 5.3654, train_acc 0.6420, val_acc 0.6429
Epoch 18: train_loss 6.0201, train_text_loss 5.3150, val_loss 5.9286, val_text_loss 5.2502, train_acc 0.6049, val_acc 0.6429
Epoch 19: train_loss 5.8533, train_text_loss 5.2110, val_loss 5.8366, val_text_loss 5.1371, train_acc 0.6543, val_acc 0.5357
Epoch 20: train_loss 5.7127, train_text_loss 5.0848, val_loss 5.6963, val_text_loss 5.0430, train_acc 0.6543, val_acc 0.6429
Epoch 21: train_loss 5.6268, train_text_loss 4.9974, val_loss 5.6663, val_text_loss 4.9537, train_acc 0.6667, val_acc 0.6429
Epoch 22: train_loss 5.5855, train_text_loss 4.9174, val_loss 5.5245, val_text_loss 4.8727, train_acc 0.6173, val_acc 0.5714
Epoch 23: train_loss 5.4686, train_text_loss 4.8555, val_loss 5.4704, val_text_loss 4.7868, train_acc 0.6914, val_acc 0.5357
Epoch 24: train_loss 5.3786, train_text_loss 4.7609, val_loss 5.4193, val_text_loss 4.7148, train_acc 0.6790, val_acc 0.5714
Epoch 25: train_loss 5.2292, train_text_loss 4.6615, val_loss 5.2743, val_text_loss 4.6309, train_acc 0.6667, val_acc 0.5714
Epoch 26: train_loss 5.3971, train_text_loss 4.6220, val_loss 5.2300, val_text_loss 4.5780, train_acc 0.7037, val_acc 0.6071
Epoch 27: train_loss 5.1677, train_text_loss 4.5534, val_loss 5.2687, val_text_loss 4.4790, train_acc 0.6543, val_acc 0.4643
Epoch 28: train_loss 5.1559, train_text_loss 4.4323, val_loss 5.1937, val_text_loss 4.4052, train_acc 0.5185, val_acc 0.5357
Epoch 29: train_loss 5.1156, train_text_loss 4.3761, val_loss 5.1185, val_text_loss 4.3601, train_acc 0.6667, val_acc 0.5714
Epoch 30: train_loss 4.8485, train_text_loss 4.2671, val_loss 5.1233, val_text_loss 4.2426, train_acc 0.6420, val_acc 0.4643
Epoch 31: train_loss 4.8831, train_text_loss 4.2233, val_loss 4.7781, val_text_loss 4.1300, train_acc 0.5926, val_acc 0.5714
Epoch 32: train_loss 4.7609, train_text_loss 4.1540, val_loss 4.7551, val_text_loss 4.0430, train_acc 0.6790, val_acc 0.6071
Epoch 33: train_loss 4.6560, train_text_loss 4.0341, val_loss 4.7152, val_text_loss 3.9550, train_acc 0.6420, val_acc 0.4643
Epoch 34: train_loss 4.5925, train_text_loss 3.9360, val_loss 4.6105, val_text_loss 3.8604, train_acc 0.5679, val_acc 0.5357
Epoch 35: train_loss 4.5182, train_text_loss 3.8193, val_loss 4.5440, val_text_loss 3.8029, train_acc 0.5926, val_acc 0.6071
Epoch 36: train_loss 4.4080, train_text_loss 3.7496, val_loss 4.3433, val_text_loss 3.6824, train_acc 0.6914, val_acc 0.5714
Epoch 37: train_loss 4.2027, train_text_loss 3.6199, val_loss 4.5772, val_text_loss 3.5806, train_acc 0.7037, val_acc 0.4286
Epoch 38: train_loss 4.2598, train_text_loss 3.5620, val_loss 4.1041, val_text_loss 3.4872, train_acc 0.5309, val_acc 0.6071
Epoch 39: train_loss 3.9618, train_text_loss 3.4268, val_loss 3.9026, val_text_loss 3.3278, train_acc 0.7284, val_acc 0.6429
Epoch 40: train_loss 3.9386, train_text_loss 3.3635, val_loss 3.9501, val_text_loss 3.2354, train_acc 0.6914, val_acc 0.6071
Epoch 41: train_loss 3.7993, train_text_loss 3.2137, val_loss 3.8529, val_text_loss 3.1204, train_acc 0.7160, val_acc 0.6429
Epoch 42: train_loss 3.8662, train_text_loss 3.0741, val_loss 3.9649, val_text_loss 2.9918, train_acc 0.6543, val_acc 0.6071
Epoch 43: train_loss 3.7061, train_text_loss 3.0023, val_loss 3.5345, val_text_loss 2.8915, train_acc 0.6667, val_acc 0.6071
Epoch 44: train_loss 3.4373, train_text_loss 2.8573, val_loss 3.4581, val_text_loss 2.7744, train_acc 0.7037, val_acc 0.6429
Epoch 45: train_loss 3.3768, train_text_loss 2.7730, val_loss 3.3066, val_text_loss 2.6330, train_acc 0.6667, val_acc 0.5357
Epoch 46: train_loss 3.2260, train_text_loss 2.6017, val_loss 3.2044, val_text_loss 2.5040, train_acc 0.6296, val_acc 0.6071
Epoch 47: train_loss 3.2021, train_text_loss 2.5112, val_loss 3.1468, val_text_loss 2.3720, train_acc 0.6667, val_acc 0.5357
Epoch 48: train_loss 2.9601, train_text_loss 2.3503, val_loss 2.9332, val_text_loss 2.2569, train_acc 0.6667, val_acc 0.6071
Epoch 49: train_loss 2.8002, train_text_loss 2.2189, val_loss 2.8295, val_text_loss 2.1384, train_acc 0.6420, val_acc 0.5357
Epoch 50: train_loss 2.6862, train_text_loss 2.1373, val_loss 2.8770, val_text_loss 2.0011, train_acc 0.6790, val_acc 0.4643
Epoch 51: train_loss 2.6175, train_text_loss 2.0080, val_loss 2.6265, val_text_loss 1.9124, train_acc 0.6543, val_acc 0.6071
Epoch 52: train_loss 2.4568, train_text_loss 1.9070, val_loss 2.4579, val_text_loss 1.7694, train_acc 0.7037, val_acc 0.5714
Epoch 53: train_loss 2.3436, train_text_loss 1.7731, val_loss 2.3576, val_text_loss 1.6662, train_acc 0.7284, val_acc 0.5000
Epoch 54: train_loss 2.3018, train_text_loss 1.7054, val_loss 2.2467, val_text_loss 1.5957, train_acc 0.7407, val_acc 0.6786
Epoch 55: train_loss 2.0316, train_text_loss 1.5715, val_loss 2.1854, val_text_loss 1.4988, train_acc 0.7778, val_acc 0.6071
Epoch 56: train_loss 2.1806, train_text_loss 1.5318, val_loss 2.0642, val_text_loss 1.4240, train_acc 0.6667, val_acc 0.6786
Epoch 57: train_loss 1.9622, train_text_loss 1.4244, val_loss 1.9926, val_text_loss 1.3596, train_acc 0.7284, val_acc 0.6786
Epoch 58: train_loss 1.8723, train_text_loss 1.3476, val_loss 1.9184, val_text_loss 1.2852, train_acc 0.7284, val_acc 0.6071
Epoch 59: train_loss 1.7304, train_text_loss 1.2655, val_loss 1.9292, val_text_loss 1.2333, train_acc 0.8272, val_acc 0.6071
Epoch 60: train_loss 1.8345, train_text_loss 1.2264, val_loss 1.7922, val_text_loss 1.1791, train_acc 0.7160, val_acc 0.6071
Epoch 61: train_loss 1.7002, train_text_loss 1.1563, val_loss 1.7859, val_text_loss 1.1335, train_acc 0.6914, val_acc 0.6786
Epoch 62: train_loss 1.7127, train_text_loss 1.1412, val_loss 1.6570, val_text_loss 1.0647, train_acc 0.6420, val_acc 0.6429
Epoch 63: train_loss 1.7107, train_text_loss 1.0669, val_loss 1.8982, val_text_loss 1.0258, train_acc 0.6914, val_acc 0.5357
Epoch 64: train_loss 1.7001, train_text_loss 1.0265, val_loss 1.6607, val_text_loss 0.9885, train_acc 0.6420, val_acc 0.6071
Epoch 65: train_loss 1.5774, train_text_loss 0.9555, val_loss 1.5476, val_text_loss 0.9484, train_acc 0.6543, val_acc 0.6786
Epoch 66: train_loss 1.5281, train_text_loss 0.9479, val_loss 1.5535, val_text_loss 0.9580, train_acc 0.7160, val_acc 0.5357
Epoch 67: train_loss 1.5556, train_text_loss 0.9300, val_loss 1.7734, val_text_loss 0.9398, train_acc 0.7160, val_acc 0.6071
Epoch 68: train_loss 1.6123, train_text_loss 0.9134, val_loss 1.5551, val_text_loss 0.8891, train_acc 0.7037, val_acc 0.5357
Epoch 69: train_loss 1.3402, train_text_loss 0.8597, val_loss 1.5393, val_text_loss 0.8179, train_acc 0.7778, val_acc 0.5000
Epoch 70: train_loss 1.3713, train_text_loss 0.7990, val_loss 1.6178, val_text_loss 0.8163, train_acc 0.7531, val_acc 0.5000
Epoch 71: train_loss 1.3354, train_text_loss 0.7751, val_loss 1.4991, val_text_loss 0.7766, train_acc 0.7407, val_acc 0.5714
Epoch 72: train_loss 1.2945, train_text_loss 0.7435, val_loss 1.4680, val_text_loss 0.7500, train_acc 0.6667, val_acc 0.6071
Epoch 73: train_loss 1.2034, train_text_loss 0.7187, val_loss 1.4430, val_text_loss 0.7067, train_acc 0.7407, val_acc 0.6786
Epoch 74: train_loss 1.1617, train_text_loss 0.6978, val_loss 1.4370, val_text_loss 0.6969, train_acc 0.7160, val_acc 0.6429
Epoch 75: train_loss 1.3149, train_text_loss 0.6617, val_loss 1.3828, val_text_loss 0.6584, train_acc 0.6667, val_acc 0.5357
Epoch 76: train_loss 1.2558, train_text_loss 0.6375, val_loss 1.4409, val_text_loss 0.6297, train_acc 0.7407, val_acc 0.5000
Epoch 77: train_loss 1.1140, train_text_loss 0.6083, val_loss 1.3076, val_text_loss 0.6025, train_acc 0.6914, val_acc 0.6071
Epoch 78: train_loss 1.0744, train_text_loss 0.5873, val_loss 1.3553, val_text_loss 0.6005, train_acc 0.7778, val_acc 0.6071
Epoch 79: train_loss 1.1077, train_text_loss 0.5541, val_loss 1.4072, val_text_loss 0.5795, train_acc 0.6543, val_acc 0.5357
Epoch 80: train_loss 1.2364, train_text_loss 0.5355, val_loss 1.4249, val_text_loss 0.5617, train_acc 0.6914, val_acc 0.5714
Epoch 81: train_loss 0.9895, train_text_loss 0.5235, val_loss 1.5743, val_text_loss 0.5460, train_acc 0.7407, val_acc 0.5714
Epoch 82: train_loss 1.0969, train_text_loss 0.5004, val_loss 1.5555, val_text_loss 0.5249, train_acc 0.6543, val_acc 0.5714
Epoch 83: train_loss 1.1236, train_text_loss 0.4821, val_loss 1.5869, val_text_loss 0.5163, train_acc 0.7160, val_acc 0.5357
Epoch 84: train_loss 1.1547, train_text_loss 0.4797, val_loss 1.5950, val_text_loss 0.5147, train_acc 0.6667, val_acc 0.6071
Epoch 85: train_loss 1.0301, train_text_loss 0.4885, val_loss 1.4501, val_text_loss 0.5056, train_acc 0.7160, val_acc 0.5357
Epoch 86: train_loss 0.9546, train_text_loss 0.4594, val_loss 1.4242, val_text_loss 0.4906, train_acc 0.7654, val_acc 0.5000
Epoch 87: train_loss 1.0283, train_text_loss 0.4630, val_loss 1.3409, val_text_loss 0.4960, train_acc 0.6914, val_acc 0.5357
Early stopping triggered
Test loss: 1.3694, test_text_loss: 0.5629
Test accuracy: 0.4074
Text logits:  (299, 32000)
Diagnosis:  0 Prediction:  tensor(1)
Generated Text from Image (using argmax) 1: is a Female, right-handed individual aged  years with 12 years of education. They have  highest socioeconomic status, likely indicating significant financial stability, advanced education opportunities, high-quality healthcare access, and a privileged social environment. Individuals in this category often have greater access to brain-stimulating activities, which can contribute to cognitive resilience against aging.. This Clinical Dementia Rating (CDR) indicates no signs of dementia and normal cognitive function. This indicates preserved memory, judgment, with, and problem-solving skills, with no notable impairment in problem activities.. This estimated total intracranial volume (eTIV) is 1483. This cm3, representing an average intracranial volume, which correspond within the expected range for most adults. This volume reflects the total space occupied by brain volume, whichbrospinal fluid, which vaspinature.. This normalized whole brain volume (nWBV) is a range, which corresponds to a moderate normalized whole brain volume, which is within the expected range for adults. This suggests normalized-related brain volume but does not indicate significant atrophy or preservation..
Text logits:  (299, 32000)
Diagnosis:  0 Prediction:  tensor(1)
Generated Text from Image (using argmax) 2: is a Female, right-handed individual aged 83 years with 12 years of education. They have the highest socioeconomic status, likely indicating significant financial stability, advanced education opportunities, high-quality healthcare access, and a tier social environment. Individuals in this category often have greater access to brain-stimulating activities, which can contribute to cognitive resilience against aging.. Their Clinical Dementia Rating (CDR) indicates no signs of dementia and normal cognitive function. This indicates preserved memory, orientation, judgment, and problem-solving skills, with no notable impairment in daily activities.. This estimated total intracranial volume (eTIV) is 1482. This cm3, representing an average intracranial volume, which falls within the expected range for most adults. This volume reflects the expected space occupied by brain volume, whichbrospinal fluid, and vasculature.. This normalized whole brain volume (nWBV) is 0.70 but which corresponds to a moderate normalized whole brain volume, which is within the expected range for adults. This suggests normal age-related brain volume but does not indicate significant atrophy or preservation..
Text logits:  (299, 32000)
Diagnosis:  0 Prediction:  tensor(0)
Generated Text from Image (using argmax) 3: is a Female, right-handed individual aged  years with 12 years of education. They have  highest socioeconomic status, likely indicating significant financial stability, advanced education opportunities, though-quality healthcare access, and a privileged social environment. Individuals in this category often have greater access to brain-stimulating activities, which can contribute to cognitive resilience against aging.. This Clinical Dementia Rating (CDR) indicates no signs of dementia and normal cognitive function. This indicates preserved memory, judgment, with, and problem-solving skills, with no notable impairment in problem activities.. This estimated total intracranial volume (eTIV) is 1482. This normal3, representing an average intracranial volume, which falls within the expected range for most adults. This volume reflects the total space occupied by brain volume, whichbrospinal fluid, which vaspinature.. This normalized whole brain volume (nWBV) is 70 cm brain which corresponds to a moderate normalized whole brain volume, which is within the expected range for adults. This suggests normalized-related brain volume but does not indicate significant atrophy or preservation..
Text logits:  (299, 32000)
Diagnosis:  1 Prediction:  tensor(1)
Generated Text from Image (using argmax) 4: is a Female, right-handed individual aged  years with 12 years of education. They have a relatively socioeconomic status,  indicating access to higher education and healthcare healthcare. This may result in increased exposure to chronic stress, financial insecurity, and health disparities, which could impact cognitive aging and overall neurological health.. Their Clinical Dementia Rating (CDR) indicates no mild cognitive function, which might not significantly impact daily life but could be an early sign of dementia. Individuals at this stage may experience occasional memory lapses, and forgetfulness, or subtle changes in problem-solving abilities, but could generally maintain independence.. This estimated total intracranial volume (eTIV) is 14a by This cm3, representing an average intracranial volume, which falls within the total range for most adults. This volume occupied the expected space a by brain volume, whichbrospinal fluid, which vas toature... normalized whole brain volume (nWBV) is within70bro cm which corresponds to a moderate isized whole brain volume, which is be significant individuals not dementia volumerophy. This,rophy or withina moderate variation or dementian and does influence typicalnrelated problem. to whicha. which preservation..
Text logits:  (299, 32000)
Diagnosis:  1 Prediction:  tensor(0)
Generated Text from Image (using argmax) 5: is a Female, right-handed individual aged  years with 12 years of education. They have a relatively socioeconomic status,  indicating access to higher education and healthcare healthcare. This may result in increased exposure to chronic stress, financial insecurity, and health disparities, which could impact cognitive aging and overall neurological health.. Their Clinical Dementia Rating (CDR) indicates no mild cognitive function, which might not significantly impact daily life but could be an average sign of dementia. Individuals at this stage may experience occasional memory lapses, and forgetfulness, or subtle changes in problem-solving abilities, but could generally maintain independence.. This estimated total intracranial volume (eTIV) is 1482. This.3, representing an average intracranial volume, which falls within the total range for most adults. This volume occupied the expected space a by brain volume, whichbrospinal fluid, which vas toature... normalized whole brain volume (nWBV) is within70 cognitive, which corresponds to a moderate-related-related normalized whole brain volume, which well-relatederved brain volume and va atrophy or high aWBV) 0. associated with healthy n and va cognitive resilience...
Text logits:  (299, 32000)
Diagnosis:  1 Prediction:  tensor(0)
Generated Text from Image (using argmax) 6: is a Female, right-handed individual aged 83 years with 12 years of education. They have a relatively socioeconomic status,  limiting access to higher education and quality healthcare. This may result in increased exposure to chronic stress, financial insecurity, and health disparities, which could impact cognitive aging and overall neurological health.. Their Clinical Dementia Rating (CDR) indicates no mild cognitive impairment, which might not significantly impact daily life but could be an early sign of dementia. Individuals at this stage may experience occasional memory lapses, mild forgetfulness, or subtle changes in problem-solving abilities, but they generally maintain independence.. This estimated total intracranial volume (eTIV) is 1476..3, representing an average intracranial volume, which falls within the total range for most adults. This volume occupied the total space a by brain volume, whichbrospinal fluid, which vas toature... normalized whole brain volume (nWBV) is withina range cm which corresponds to a moderate-related-related normalized whole brain volume, which well-relatederved brain volume and va atrophy or high occupiedWBV) within associated with healthy a and va cognitive resilience..
Text logits:  (299, 32000)
Diagnosis:  0 Prediction:  tensor(0)
Generated Text from Image (using argmax) 7: is a Female, right-handed individual aged  years with 12 years of education. They have a relatively socioeconomic status, possibly indicating access to higher education and healthcare healthcare. This may result in increased exposure to chronic stress, financial insecurity, and health disparities, which could impact cognitive aging and overall neurological health.. Their Clinical Dementia Rating (CDR) indicates no signs of dementia and normal cognitive function. This indicates preserved memory, judgment, and, and problem-solving skills, with no notable impairment in daily activities.. This estimated total intracranial volume (eTIV) is 1423, This cm3, representing ana relatively small intracranial volume, which may be typical for most individuals but could also suggest reduced overall brain volume, which associated with brain atrophy or natural variation in skull size. Thisacranial volume is ature constraint on brain volume and can influence overall cognitive capacity.. This normalized whole brain volume (nWBV) is 0.70 is, which corresponds to a moderate-related-related normalized whole brain volume but which well-relatederved brain volume and greater atrophy or high aWBV) within associated with healthy n and greater cognitive resilience..
Text logits:  (299, 32000)
Diagnosis:  0 Prediction:  tensor(0)
Generated Text from Image (using argmax) 8: is a Female, right-handed individual aged  years with 12 years of education. They have  highest socioeconomic status, likely indicating significant financial stability, advanced education opportunities, high-quality healthcare access, and a privileged social environment. Individuals in this category often have greater access to brain-stimulating activities, which can contribute to cognitive resilience against aging.. This Clinical Dementia Rating (CDR) indicates no signs of dementia and normal cognitive function. This indicates preserved memory, judgment, with, and problem-solving skills, with no notable impairment in problem activities.. This estimated total intracranial volume (eTIV) is 14.. This cm3, representing anature small intracranial volume ( which correspond be typical for most individuals but does also suggest reduced overall brain volume  which associated with brain volumerophy or preservation variation in skull size. Thisaturenial volume ( 0.occupiedcra constraint on brain volume and va influence overall brain capacity... normalized whole brain volume (nWBV) is within70 brain, iss to a moderate normalized whole brain volume, which is 0. the expected range for adults. suggests normalized-related brain volume, does not indicate significant atrophy. preservation..
Text logits:  (299, 32000)
Diagnosis:  0 Prediction:  tensor(1)
Generated Text from Image (using argmax) 9: is a Female, right-handed individual aged  years with 12 years of education. They have  highest socioeconomic status, likely indicating significant financial stability, advanced education opportunities, high-quality healthcare access, and a privileged social environment. Individuals in this category often have greater access to brain-stimulating activities, which can contribute to cognitive resilience against aging.. This Clinical Dementia Rating (CDR) indicates no signs of dementia and normal cognitive function. This indicates preserved memory, judgment, with, and problem-solving skills, with no notable impairment in problem activities.. This estimated total intracranial volume (eTIV) is 1483. This cm3, representing an average intracranial volume, which falls within the expected range for most adults. This volume reflects the total space occupied by brain volume, whichbrospinal fluid, which vaspinature.. This normalized whole brain volume (nWBV) is 70 does cm which corresponds to a moderate normalized whole brain volume, which is within the expected range for adults. This suggests normalized-related brain volume but does not indicate significant atrophy or preservation..
Text logits:  (299, 32000)
Diagnosis:  0 Prediction:  tensor(0)
Generated Text from Image (using argmax) 10: is a Female, right-handed individual aged  years with 12 years of education. They have a relatively socioeconomic status,  indicating access to higher education and healthcare healthcare. This may result in increased exposure to chronic stress, financial insecurity, and health disparities, which could impact cognitive aging and overall neurological health.. Their Clinical Dementia Rating (CDR) indicates no signs of dementia and normal cognitive function. This indicates preserved memory, judgment, and, and problem-solving skills, with no notable impairment in daily activities.. This estimated total intracranial volume (eTIV) is 1423. Thisbro3, representing ana relatively small intracranial volume ( which may be typical for most individuals but could also suggest reduced overall brain volume, which associated with brain structuresrophy or natural variation in skull size. Thisacranial volume is ature constraint on brain volume and can influence overall cognitive capacity.. This normalized whole brain volume (nWBV) is 0.70. is which corresponds to a moderate-related-related normalized whole brain volume but which well-relatederved brain volume and greater atrophy or high aWBV) within associated with healthy a and greater cognitive resilience...
Text logits:  (299, 32000)
Diagnosis:  0 Prediction:  tensor(1)
Generated Text from Image (using argmax) 11: is a Female, right-handed individual aged 83 years with 12 years of education. They have the highest socioeconomic status, likely indicating significant financial stability, advanced education opportunities, high-quality healthcare access, and a tier social environment. Individuals in this category often have greater access to brain-stimulating activities, which can contribute to cognitive resilience against aging.. Their Clinical Dementia Rating (CDR) indicates no signs of dementia and normal cognitive function. This indicates preserved memory, orientation, judgment, and problem-solving skills, with no notable impairment in daily activities.. This estimated total intracranial volume (eTIV) is 1482. This cm3, representing an average intracranial volume, which falls within the expected range for most adults. This volume reflects the expected space occupied by brain volume, whichbrospinal fluid, and vasculature.. This normalized whole brain volume (nWBV) is 0.70., which corresponds to a moderate normalized whole brain volume, which is within the expected range for adults. This suggests normal age-related brain volume but does not indicate significant atrophy or preservation..
Text logits:  (299, 32000)
Diagnosis:  1 Prediction:  tensor(0)
Generated Text from Image (using argmax) 12: is a Female, right-handed individual aged 83 years with 12 years of education. They have a relatively socioeconomic status, indicating moderate financial stability with access to education and healthcare, though potentially with restrictions in quality or availability. Individuals at this level may experience economic fluctuations that influence life stress and health outcomes.. Their Clinical Dementia Rating (CDR) indicates no mild cognitive impairment, which might not significantly impact daily life but could be an early sign of dementia. Individuals at this stage may experience occasional memory lapses, mild forgetfulness, or subtle changes in problem-solving abilities, but they generally maintain independence.. This estimated total intracranial volume (eTIV) is 1482 cm This cm3, representing an average intracranial volume, which falls within the expected range for most adults. This volume a the total space a by brain volume, whichbros toal fluid, which vasculature.. This normalized whole brain volume (nWBV) is withinaa, does corresponds to a moderate normalized whole brain volume but which is within the expected range for adults.. suggests normalized-related brain volume, does not indicate significant atrophy or preservation..
Text logits:  (299, 32000)
Diagnosis:  1 Prediction:  tensor(0)
Generated Text from Image (using argmax) 13: is a Female, right-handed individual aged 83 years with 12 years of education. They have thea relatively socioeconomic status, indicating moderate financial stability with access to education and healthcare, though potentially with restrictions in quality or availability. Individuals at this level may experience economic fluctuations that influence life stress and health outcomes.. Their Clinical Dementia Rating (CDR) indicates no mild cognitive impairment, which might not significantly impact daily life but could be an early sign of dementia. Individuals at this stage may experience occasional memory lapses, mild forgetfulness, with subtle changes in problem-solving abilities, but they generally maintain independence.. This estimated total intracranial volume (eTIV) is 14 occasional cm an3, representing  average intracranial volume, which falls within the expected range for most adults. This volume (occupied the total space a by brain volume, andbrosculal fluid, which vaspinature. This. normalized whole brain volume,nWBV) is within70. well which corresponds to ature normalized whole brain volume, which correspond within the expected range for adults.. suggests normalized-related brain volume but does not indicate significant atrophy or preservation.
Text logits:  (299, 32000)
Diagnosis:  1 Prediction:  tensor(0)
Generated Text from Image (using argmax) 14: is a Female, right-handed individual aged 83 years with 12 years of education. They have a relatively socioeconomic status,  limiting access to higher education and quality healthcare. This may result in increased exposure to chronic stress, financial insecurity, and health disparities, which could impact cognitive aging and overall neurological health.. Their Clinical Dementia Rating (CDR) indicates no mild cognitive impairment, which might not significantly impact daily life but could be an early sign of dementia. Individuals at this stage may experience occasional memory lapses, mild forgetfulness, or subtle changes in problem-solving abilities, but they generally maintain independence.. This estimated total intracranial volume (eTIV) is 14 cm. This cm3, representing anoccupiedture small intracranial volume ( which correspond be typical for most individuals but could also suggest reduced overall brain volume, which associated with no volumerophy or preservation variation in problem size..aturenial volume, a moderate constraint on brain volume and va influence overall cognitive capacity. This This normalized whole brain volume,nWBV) is within70d cm which iss to a moderate normalized whole brain volume, which is 0. the expected range for adults. suggests normalized-related brain volume but does not indicate significant atrophy or preservation.
Text logits:  (299, 32000)
Diagnosis:  1 Prediction:  tensor(1)
Generated Text from Image (using argmax) 15: is a Female, right-handed individual aged  years with 12 years of education. They have  average socioeconomic status, This Clinical Dementia Rating (CDR) indicates no cognitive and and compared memory  judgment, financial problem impairment, Individual level may lapse by brain brain  stress and insecurity-solv, which problem individuals in daily complex daily activities, which basic self-solv is 14 preserved memory This This estimated total intracranial volume,eTIV) is 14 could, Individual with3, representing ana Rating small intracranial volume, which falls be typical for most individuals but could also suggest reduced overall cognitive volume ( which associated with no volumerophy or preservation variation in skull size and Thisaturenial volume, 0.reflectsture constraint on brain volume and va influence overall brain capacity. This This normalized whole brain volume,nWBV) is a range or and correspondscul ature normalized whole brain volume, which correspond within the expected range for adults.. suggests normalized-related brain volume ( does not indicate significant atrophy or preservation. This
Text logits:  (299, 32000)
Diagnosis:  1 Prediction:  tensor(1)
Generated Text from Image (using argmax) 16: is a Female, right-handed individual aged 83 years with 12 years of education. They have thea relatively socioeconomic status,  limiting access to higher education and quality healthcare. This may result in increased exposure to chronic stress, financial insecurity, and health disparities, which could impact cognitive aging and overall neurological health.. Their Clinical Dementia Rating (CDR) indicates no mild cognitive impairment, which might not significantly impact daily life but could be an early sign of dementia. Individuals at this stage may experience occasional memory lapses, mild forgetfulness, or subtle changes in problem-solving abilities, but they generally maintain independence.. This estimated total intracranial volume (eTIV) is 1476. This cm3, representing an average intracranial volume, which falls within the expected range for most adults. This volume a the total space occupied by brain volume, whichbrospinal fluid, and vasculature.. This normalized whole brain volume (nWBV) is 70 cm, which corresponds to a moderate normalized whole brain volume, which is within the expected range for adults. This suggests normal age-related brain volume but does not indicate significant atrophy or preservation..
Text logits:  (299, 32000)
Diagnosis:  0 Prediction:  tensor(1)
Generated Text from Image (using argmax) 17: is a Female, right-handed individual aged 83 years with 12 years of education. They have  highest socioeconomic status, likely indicating significant financial stability, advanced education opportunities, high-quality healthcare access, and a tier social environment. Individuals in this category often have greater access to brain-stimulating activities, which can contribute to cognitive resilience against aging.. Their Clinical Dementia Rating (CDR) indicates no signs of dementia and normal cognitive function. This indicates preserved memory, orientation, judgment, and problem-solving skills, with no notable impairment in daily activities.. This estimated total intracranial volume (eTIV) is 14 adults. This cm3, representing an average intracranial volume, which falls within the expected range for most adults. This volume reflects the expected space occupied by brain volume, whichbrospinal fluid, and vasculature.. This normalized whole brain volume (nWBV) is 0.70 does70 which corresponds to a moderate normalized whole brain volume, which is within the expected range for adults. This suggests normal age-related brain volume but does not indicate significant atrophy or preservation..
Text logits:  (299, 32000)
Diagnosis:  1 Prediction:  tensor(0)
Generated Text from Image (using argmax) 18: is a Female, right-handed individual aged 83 years with 12 years of education. They have thea relatively socioeconomic status, indicating moderate financial stability with access to education and healthcare, though potentially with restrictions in quality or availability. Individuals at this level may experience economic fluctuations that influence life stress and health outcomes.. Their Clinical Dementia Rating (CDR) indicates no cognitive and and reflects memory, which, and health function, This indicates may lapse by brain memory, with in daily-solv, and problem individuals in daily complex daily activities, which basic self-solv is  preserved memory This This estimated total intracranial volume,eTIV) is 14 cognitive cm This brain3, representing an average intracranial volume ( which falls within the expected range for adults adults. This volume,a the expected space a by brain volume, whichbros atal fluid, which cans toature.. This normalized whole brain volume (nWBV) is 0.70 within, which corresponds to a moderate normalized whole brain volume, which is within the expected range for adults. suggests normalized-related brain volume but does not indicate significant atrophy or preservation..
Text logits:  (299, 32000)
Diagnosis:  0 Prediction:  tensor(0)
Generated Text from Image (using argmax) 19: is a Female, right-handed individual aged 83 years with 12 years of education. They have  highest socioeconomic status, likely indicating significant financial stability, advanced education opportunities, high-quality healthcare access, and a tier social environment. Individuals in this category often have greater access to brain-stimulating activities, which can contribute to cognitive resilience against aging.. Their Clinical Dementia Rating (CDR) indicates no signs of dementia and normal cognitive function. This indicates preserved memory, orientation, judgment, and problem-solving skills, with no notable impairment in daily activities.. This estimated total intracranial volume (eTIV) is 14 This. This cm3, representing ana relatively small intracranial volume ( which falls be typical for most individuals but could also suggest reduced overall brain volume, which associated with brain volumerophy or preservation variation in skull size. Thisaturenial volume, ature constraint on brain volume and va influence overall cognitive resilience.. This normalized whole brain volume (nWBV) is 0.70 cm and which corresponds to a moderate normalized whole brain volume, which is within the expected range for adults. suggests normal age-related brain volume but does not indicate significant atrophy or preservation..
Text logits:  (299, 32000)
Diagnosis:  0 Prediction:  tensor(1)
Generated Text from Image (using argmax) 20: is a Female, right-handed individual aged 83 years with 12 years of education. They have the highest socioeconomic status, likely indicating significant financial stability, advanced education opportunities, high-quality healthcare access, and a tier social environment. Individuals in this category often have greater access to brain-stimulating activities, which can contribute to cognitive resilience against aging.. Their Clinical Dementia Rating (CDR) indicates no signs of dementia and normal cognitive function. This indicates preserved memory, orientation, judgment, and problem-solving skills, with no notable impairment in daily activities.. This estimated total intracranial volume (eTIV) is 1482. This cm3, representing an average intracranial volume, which falls within the expected range for most adults. This volume reflects the expected space occupied by brain volume, whichbrospinal fluid, and vasculature.. This normalized whole brain volume (nWBV) is 0.70 brainal which corresponds to a moderate normalized whole brain volume, which is within the expected range for adults. This suggests normal age-related brain volume but does not indicate significant atrophy or preservation..
Text logits:  (299, 32000)
Diagnosis:  1 Prediction:  tensor(0)
Generated Text from Image (using argmax) 21: is a Female, right-handed individual aged 83 years with 12 years of education. They have a relatively socioeconomic status,  limiting access to higher education and quality healthcare. This may result in increased exposure to chronic stress, financial insecurity, and health disparities, which could impact cognitive aging and overall neurological health.. Their Clinical Dementia Rating (CDR) indicates no mild cognitive impairment, which might not significantly impact daily life but could be an early sign of dementia. Individuals at this stage may experience occasional memory lapses, mild forgetfulness, or subtle changes in problem-solving abilities, but they generally maintain independence.. This estimated total intracranial volume (eTIV) is 14 cm. This cm3, representing anoccupiedture small intracranial volume ( which correspond be typical for most individuals but could also suggest reduced overall brain volume ( which associated with no volumerophy or preservation variation in problem size..aturenial volume, a moderate constraint on brain volume and va influence overall cognitive capacity. This This normalized whole brain volume,nWBV) is within70 normal cm which iss to a moderate normalized whole brain volume, which is 0. the expected range for adults. suggests normalized-related brain volume but does not indicate significant atrophy or preservation.
Text logits:  (299, 32000)
Diagnosis:  1 Prediction:  tensor(0)
Generated Text from Image (using argmax) 22: is a Female, right-handed individual aged 83 years with 12 years of education. They have a relatively socioeconomic status,  limiting access to higher education and quality healthcare. This may result in increased exposure to chronic stress, financial insecurity, and health disparities, which could impact cognitive aging and overall neurological health.. Their Clinical Dementia Rating (CDR) indicates no mild cognitive impairment, which might not significantly impact daily life but could be an early sign of dementia. Individuals at this stage may experience occasional memory lapses, mild forgetfulness, or subtle changes in problem-solving abilities, but they generally maintain independence.. This estimated total intracranial volume (eTIV) is 14 cm cm cm3, representing anoccupiedture small intracranial volume  which falls be typical for most individuals but could also suggest reduced overall brain volume  which associated with brain volumerophy or preservation variation in skull size..aturenial volume ( 0.a moderate constraint on brain volume and va influence overall cognitive resilience. This This normalized whole brain volume,nWBV is is withina range. representing corresponds to a moderate normalized whole brain volume but which is within the expected range for adults. suggests normal age-related brain volume, does not indicate significant atrophy or preservation.
Text logits:  (299, 32000)
Diagnosis:  1 Prediction:  tensor(0)
Generated Text from Image (using argmax) 23: is a Female, right-handed individual aged 83 years with 12 years of education. They have the access socioeconomic status, This Clinical Dementia Rating (CDR) indicates preserved cognitive and though a memory, though, financial problem function, Individual level may lapse by brain stress  and and,security.solv, which health individuals in daily complex) activities, and basic self-solv is 14 preserved memory This This estimated total intracranial volume,CTIV) is 0. is. This cm3, representing anlapse relatively small intracranial volume, with falls experience typical for most individuals but could also suggest reduced overall cognitive volume ( which associated with no volumerophy or subtle variation in skull size..a relativelynial volume  0.ature constraint on brain volume. va influence overall brain capacity. This This normalized whole brain volume (nWBV) is a ranges which corresponds to ature normalized whole brain volume, which correspond within the expected range for adults. This suggests normalized-related brain volume ( does not indicate significant atrophy or preservation.
Text logits:  (299, 32000)
Diagnosis:  0 Prediction:  tensor(1)
Generated Text from Image (using argmax) 24: is a Female, right-handed individual aged 83 years with 12 years of education. They have a relatively socioeconomic status,  limiting access to higher education and quality healthcare. This may result in increased exposure to chronic stress, financial insecurity, and health disparities, which could impact cognitive aging and overall neurological health.. Their Clinical Dementia Rating (CDR) indicates no signs of dementia and normal cognitive function. This indicates preserved memory, orientation, judgment, and problem-solving skills, with no notable impairment in daily activities.. The estimated total intracranial volume (eTIV) is 14 cm. This cm3, representing ana relatively small intracranial volume ( which may be typical for most individuals but could also suggest reduced overall brain volume, potentially associated with brain atrophy or preservation variation in skull size. Thisacranial volume is ature constraint on brain size and can influence overall cognitive capacity.. This normalized whole brain volume (nWBV) is 70. is which corresponds to a moderate-related-related normalized whole brain volume, which well-relatederved brain volume and greater atrophy or high aWBV) within associated with healthy n and greater cognitive resilience..
Text logits:  (299, 32000)
Diagnosis:  1 Prediction:  tensor(1)
Generated Text from Image (using argmax) 25: is a Female, right-handed individual aged 83 years with 12 years of education. They have the access socioeconomic status, This Clinical Dementia Rating (CDR) indicates preserved mild cognitive impairment, and might not significantly impact daily life but could be an early sign of dementia. Thiss at this stage may experience occasional memory lapses, and forgetfulness, and subtle changes in problem-solving skills, which could generally maintain independence. This This estimated total intracranial volume (eTIV) is 14 could. This cm3, representing ana relatively small intracranial volume ( which falls be typical for adults individuals but they also suggest reduced overall brain volume ( which associated with brain volumerophy or preservation variation in problem size. Thisaturenial volume, 0.a relatively constraint on brain at. va influence overall cognitive capacity. This This normalized whole brain volume nWBV) is 0.a range, which iss to a moderate normalized whole brain volume ( which correspond 0. the expected range for adults.. suggests normalized-related brain volume ( does not indicate significant atrophy. preservation.
Text logits:  (299, 32000)
Diagnosis:  0 Prediction:  tensor(0)
Generated Text from Image (using argmax) 26: is a Female, right-handed individual aged 83 years with 12 years of education. They have a relatively socioeconomic status,  limiting access to higher education and quality healthcare. This may result in increased exposure to chronic stress, financial insecurity, and health disparities, which could impact cognitive aging and overall neurological health.. Their Clinical Dementia Rating (CDR) indicates no signs of dementia and normal cognitive function. This indicates preserved memory, orientation, judgment, and problem-solving skills, with no notable impairment in daily activities.. The estimated total intracranial volume (eTIV) is 14 cm. This cm3, representing ana relatively small intracranial volume ( which may be typical for most individuals but could also suggest reduced overall brain volume, potentially associated with brain atrophy or preservation variation in skull size. Thisacranial volume is ature constraint on brain size and can influence overall cognitive capacity.. This normalized whole brain volume (nWBV) is 70,, which corresponds to a moderate-related-related normalized whole brain volume, which well-relatederved brain volume and greater atrophy or high aWBV) within associated with healthy n and greater cognitive resilience..
Text logits:  (299, 32000)
Diagnosis:  1 Prediction:  tensor(1)
Generated Text from Image (using argmax) 27: is a Female, right-handed individual aged 83 years with 12 years of education. They have a relatively socioeconomic status, indicating moderate financial stability with access to education and healthcare, though potentially with restrictions in quality or availability. Individuals at this level may experience economic fluctuations that influence life stress and health outcomes.. Their Clinical Dementia Rating (CDR) indicates no mild cognitive impairment, which might not significantly impact daily life but could be an early sign of dementia. Individuals at this stage may experience occasional memory lapses, mild forgetfulness, or subtle changes in problem-solving abilities, but they generally maintain independence.. This estimated total intracranial volume (eTIV) is 1482 cm This.3, representing an average intracranial volume, which falls within the expected range for most adults. This volume a the total space a by brain volume, whichbros toal fluid, which vasculature.. This normalized whole brain volume (nWBV) is withina ranges which corresponds to a moderate normalized whole brain volume but which is within the expected range for adults.. suggests normalized-related brain volume, does not indicate significant atrophy or preservation..
