You are using the default legacy behaviour of the <class 'transformers.models.t5.tokenization_t5.T5Tokenizer'>. This is expected, and simply means that the `legacy` (previous) behavior will be used so nothing changes for you. If you want to use the new behaviour, set `legacy=False`. This should only be set if you understand what it means, and thoroughly read the reason why this was added as explained in https://github.com/huggingface/transformers/pull/24565
/home/nbrady/.local/lib/python3.9/site-packages/torchio/data/image.py:248: UserWarning: Using TorchIO images without a torchio.SubjectsLoader in PyTorch >= 2.3 might have unexpected consequences, e.g., the collated batches will be instances of torchio.Subject with 5D images. Replace your PyTorch DataLoader with a torchio.SubjectsLoader so that the collated batch becomes a dictionary, as expected. See https://github.com/fepegar/torchio/issues/1179 for more context about this issue.
  warnings.warn(message, stacklevel=1)
/home/nbrady/.local/lib/python3.9/site-packages/torchio/data/image.py:248: UserWarning: Using TorchIO images without a torchio.SubjectsLoader in PyTorch >= 2.3 might have unexpected consequences, e.g., the collated batches will be instances of torchio.Subject with 5D images. Replace your PyTorch DataLoader with a torchio.SubjectsLoader so that the collated batch becomes a dictionary, as expected. See https://github.com/fepegar/torchio/issues/1179 for more context about this issue.
  warnings.warn(message, stacklevel=1)
Columns in the dataframe:  Index(['Subject ID', 'MRI ID', 'Group', 'Visit', 'MR Delay', 'M/F', 'Hand',
       'Age', 'EDUC', 'SES', 'MMSE', 'CDR', 'eTIV', 'nWBV', 'ASF', 'MRI-URL',
       'Generated_descriptions'],
      dtype='object')
Data in the dataloader: Index(['Subject ID', 'MRI ID', 'Group', 'Visit', 'MR Delay', 'M/F', 'Hand',
       'Age', 'EDUC', 'SES', 'MMSE', 'CDR', 'eTIV', 'nWBV', 'ASF', 'MRI-URL',
       'Generated_descriptions', 'MMSE_bin', 'MMSE_bin_codes',
       'MMSE_transformed'],
      dtype='object')
torch.Size([16])
torch.Size([16, 1, 128, 256, 256])
Hyperparameters:
batch_size: 8
epochs: 300
learning_rate: 0.0005
n_heads: 4
n_layers: 3
dropout: 0.15
patch_size: 16
in_channels: 1
out_channels: 128
embedding_text_dim: 128
vocab_size: 32000
max_seq_length: 300
patience: 10
img_depth: 128
img_height: 256
img_width: 256
img_dims: (128, 256, 256)
Initializing data loader
Getting dataloaders
Columns in the dataframe:  Index(['Subject ID', 'MRI ID', 'Group', 'Visit', 'MR Delay', 'M/F', 'Hand',
       'Age', 'EDUC', 'SES', 'MMSE', 'CDR', 'eTIV', 'nWBV', 'ASF', 'MRI-URL',
       'Generated_descriptions'],
      dtype='object')
Data in the dataloader: Index(['Subject ID', 'MRI ID', 'Group', 'Visit', 'MR Delay', 'M/F', 'Hand',
       'Age', 'EDUC', 'SES', 'MMSE', 'CDR', 'eTIV', 'nWBV', 'ASF', 'MRI-URL',
       'Generated_descriptions', 'MMSE_bin', 'MMSE_bin_codes',
       'MMSE_transformed'],
      dtype='object')
Finished loading the data
Device: cuda
Epoch 1: train_loss 11.5559, train_text_loss 10.2426, val_loss 10.8819, val_text_loss 10.0236, train_acc 0.5432, val_acc 0.6071
Epoch 2: train_loss 11.2860, train_text_loss 9.9455, val_loss 10.6524, val_text_loss 9.7432, train_acc 0.4568, val_acc 0.3929
Epoch 3: train_loss 10.4583, train_text_loss 9.6685, val_loss 10.1168, val_text_loss 9.4247, train_acc 0.4938, val_acc 0.5357
Epoch 4: train_loss 10.0714, train_text_loss 9.3515, val_loss 9.7686, val_text_loss 9.0807, train_acc 0.5432, val_acc 0.5714
Epoch 5: train_loss 9.6631, train_text_loss 9.0126, val_loss 9.4069, val_text_loss 8.7188, train_acc 0.6420, val_acc 0.6429
Epoch 6: train_loss 9.3563, train_text_loss 8.6523, val_loss 9.1411, val_text_loss 8.3600, train_acc 0.5556, val_acc 0.4286
Epoch 7: train_loss 9.0790, train_text_loss 8.3020, val_loss 8.7002, val_text_loss 8.0107, train_acc 0.5432, val_acc 0.6071
Epoch 8: train_loss 8.7303, train_text_loss 7.9509, val_loss 8.3985, val_text_loss 7.6763, train_acc 0.5802, val_acc 0.4286
Epoch 9: train_loss 8.2773, train_text_loss 7.6187, val_loss 8.1167, val_text_loss 7.3450, train_acc 0.5432, val_acc 0.3929
Epoch 10: train_loss 8.0226, train_text_loss 7.2881, val_loss 7.7184, val_text_loss 7.0323, train_acc 0.5432, val_acc 0.6429
Epoch 11: train_loss 7.6750, train_text_loss 6.9678, val_loss 7.4199, val_text_loss 6.7339, train_acc 0.6296, val_acc 0.6071
Epoch 12: train_loss 7.3671, train_text_loss 6.6814, val_loss 7.1537, val_text_loss 6.4689, train_acc 0.6173, val_acc 0.6071
Epoch 13: train_loss 7.1024, train_text_loss 6.4117, val_loss 6.9016, val_text_loss 6.2122, train_acc 0.5802, val_acc 0.6429
Epoch 14: train_loss 6.8250, train_text_loss 6.1558, val_loss 6.6655, val_text_loss 5.9887, train_acc 0.6173, val_acc 0.5357
Epoch 15: train_loss 6.7308, train_text_loss 5.9371, val_loss 6.4922, val_text_loss 5.7935, train_acc 0.5679, val_acc 0.6071
Epoch 16: train_loss 6.4669, train_text_loss 5.7567, val_loss 6.4309, val_text_loss 5.6422, train_acc 0.5679, val_acc 0.4286
Epoch 17: train_loss 6.3455, train_text_loss 5.6132, val_loss 6.2469, val_text_loss 5.5141, train_acc 0.5062, val_acc 0.4643
Epoch 18: train_loss 6.1820, train_text_loss 5.4823, val_loss 6.0632, val_text_loss 5.3893, train_acc 0.5062, val_acc 0.6429
Epoch 19: train_loss 6.0428, train_text_loss 5.3599, val_loss 5.9779, val_text_loss 5.2762, train_acc 0.5679, val_acc 0.6429
Epoch 20: train_loss 5.8661, train_text_loss 5.2303, val_loss 5.8621, val_text_loss 5.1781, train_acc 0.6296, val_acc 0.6429
Epoch 21: train_loss 5.8257, train_text_loss 5.1443, val_loss 5.8009, val_text_loss 5.0846, train_acc 0.5556, val_acc 0.6071
Epoch 22: train_loss 5.8128, train_text_loss 5.0630, val_loss 5.7109, val_text_loss 5.0130, train_acc 0.5556, val_acc 0.5357
Epoch 23: train_loss 5.6626, train_text_loss 4.9740, val_loss 5.6801, val_text_loss 4.9378, train_acc 0.5432, val_acc 0.3929
Epoch 24: train_loss 5.5509, train_text_loss 4.8910, val_loss 5.5043, val_text_loss 4.8480, train_acc 0.5679, val_acc 0.5357
Epoch 25: train_loss 5.5344, train_text_loss 4.8371, val_loss 5.4585, val_text_loss 4.7899, train_acc 0.6667, val_acc 0.5714
Epoch 26: train_loss 5.4277, train_text_loss 4.7712, val_loss 5.5978, val_text_loss 4.7310, train_acc 0.6049, val_acc 0.3929
Epoch 27: train_loss 5.4780, train_text_loss 4.7251, val_loss 5.3807, val_text_loss 4.6811, train_acc 0.4938, val_acc 0.5000
Epoch 28: train_loss 5.4039, train_text_loss 4.6669, val_loss 5.3661, val_text_loss 4.6156, train_acc 0.5926, val_acc 0.6071
Epoch 29: train_loss 5.2648, train_text_loss 4.5856, val_loss 5.1916, val_text_loss 4.5221, train_acc 0.6420, val_acc 0.6071
Epoch 30: train_loss 5.2236, train_text_loss 4.5308, val_loss 5.2166, val_text_loss 4.4814, train_acc 0.5556, val_acc 0.4643
Epoch 31: train_loss 5.1432, train_text_loss 4.4485, val_loss 5.1712, val_text_loss 4.4040, train_acc 0.5556, val_acc 0.5000
Epoch 32: train_loss 5.1038, train_text_loss 4.3740, val_loss 5.0216, val_text_loss 4.3373, train_acc 0.5926, val_acc 0.5714
Epoch 33: train_loss 4.9968, train_text_loss 4.3107, val_loss 4.9771, val_text_loss 4.2757, train_acc 0.5679, val_acc 0.5357
Epoch 34: train_loss 5.0037, train_text_loss 4.2509, val_loss 4.8128, val_text_loss 4.1553, train_acc 0.6296, val_acc 0.6071
Epoch 35: train_loss 4.8714, train_text_loss 4.1832, val_loss 4.7887, val_text_loss 4.0860, train_acc 0.5556, val_acc 0.5357
Epoch 36: train_loss 4.6925, train_text_loss 4.0638, val_loss 4.6300, val_text_loss 3.9781, train_acc 0.6296, val_acc 0.6071
Epoch 37: train_loss 4.7276, train_text_loss 3.9976, val_loss 4.5530, val_text_loss 3.8924, train_acc 0.5679, val_acc 0.6429
Epoch 38: train_loss 4.5115, train_text_loss 3.8665, val_loss 4.5432, val_text_loss 3.7553, train_acc 0.6420, val_acc 0.4643
Epoch 39: train_loss 4.3990, train_text_loss 3.7496, val_loss 4.2439, val_text_loss 3.6337, train_acc 0.6173, val_acc 0.6071
Epoch 40: train_loss 4.3154, train_text_loss 3.6579, val_loss 4.2002, val_text_loss 3.5356, train_acc 0.6173, val_acc 0.6071
Epoch 41: train_loss 4.2547, train_text_loss 3.5514, val_loss 4.2214, val_text_loss 3.4171, train_acc 0.5432, val_acc 0.4643
Epoch 42: train_loss 4.1086, train_text_loss 3.4509, val_loss 4.0363, val_text_loss 3.3159, train_acc 0.6173, val_acc 0.6071
Epoch 43: train_loss 3.9278, train_text_loss 3.3266, val_loss 3.8564, val_text_loss 3.2044, train_acc 0.6667, val_acc 0.6429
Epoch 44: train_loss 3.9020, train_text_loss 3.2480, val_loss 3.7279, val_text_loss 3.0911, train_acc 0.6420, val_acc 0.6429
Epoch 45: train_loss 3.7876, train_text_loss 3.0774, val_loss 3.6250, val_text_loss 2.9620, train_acc 0.5802, val_acc 0.5714
Epoch 46: train_loss 3.6770, train_text_loss 2.9877, val_loss 3.5051, val_text_loss 2.8698, train_acc 0.6173, val_acc 0.6786
Epoch 47: train_loss 3.5623, train_text_loss 2.8478, val_loss 3.4280, val_text_loss 2.7381, train_acc 0.5679, val_acc 0.6786
Epoch 48: train_loss 3.3165, train_text_loss 2.7392, val_loss 3.2344, val_text_loss 2.5765, train_acc 0.6420, val_acc 0.5714
Epoch 49: train_loss 3.2710, train_text_loss 2.6105, val_loss 3.1115, val_text_loss 2.4828, train_acc 0.5556, val_acc 0.6071
Epoch 50: train_loss 3.0693, train_text_loss 2.4888, val_loss 3.0438, val_text_loss 2.3880, train_acc 0.6667, val_acc 0.6786
Epoch 51: train_loss 3.0642, train_text_loss 2.4300, val_loss 2.8793, val_text_loss 2.2561, train_acc 0.6790, val_acc 0.5714
Epoch 52: train_loss 2.9183, train_text_loss 2.2877, val_loss 2.8585, val_text_loss 2.1478, train_acc 0.6790, val_acc 0.5357
Epoch 53: train_loss 2.8296, train_text_loss 2.1587, val_loss 2.6558, val_text_loss 2.0358, train_acc 0.6049, val_acc 0.6429
Epoch 54: train_loss 2.7948, train_text_loss 2.1132, val_loss 2.5889, val_text_loss 1.9445, train_acc 0.5926, val_acc 0.6786
Epoch 55: train_loss 2.6576, train_text_loss 1.9739, val_loss 2.5946, val_text_loss 1.8506, train_acc 0.5679, val_acc 0.4643
Epoch 56: train_loss 2.6503, train_text_loss 1.9022, val_loss 2.5688, val_text_loss 1.7692, train_acc 0.5309, val_acc 0.3929
Epoch 57: train_loss 2.4290, train_text_loss 1.7766, val_loss 2.3500, val_text_loss 1.6816, train_acc 0.6296, val_acc 0.6429
Epoch 58: train_loss 2.4138, train_text_loss 1.7230, val_loss 2.3797, val_text_loss 1.6012, train_acc 0.6173, val_acc 0.6429
Epoch 59: train_loss 2.3553, train_text_loss 1.6221, val_loss 2.1356, val_text_loss 1.5269, train_acc 0.5926, val_acc 0.6786
Epoch 60: train_loss 2.2545, train_text_loss 1.5774, val_loss 2.3832, val_text_loss 1.4595, train_acc 0.5556, val_acc 0.3929
Epoch 61: train_loss 2.1825, train_text_loss 1.5056, val_loss 2.0240, val_text_loss 1.4035, train_acc 0.5556, val_acc 0.6429
Epoch 62: train_loss 2.0060, train_text_loss 1.4350, val_loss 1.9965, val_text_loss 1.3447, train_acc 0.6049, val_acc 0.6429
Epoch 63: train_loss 2.1623, train_text_loss 1.3866, val_loss 1.9498, val_text_loss 1.2908, train_acc 0.6420, val_acc 0.6429
Epoch 64: train_loss 2.1339, train_text_loss 1.3891, val_loss 1.8882, val_text_loss 1.2747, train_acc 0.6543, val_acc 0.6429
Epoch 65: train_loss 1.9338, train_text_loss 1.3027, val_loss 2.0308, val_text_loss 1.1972, train_acc 0.5185, val_acc 0.4286
Epoch 66: train_loss 1.9174, train_text_loss 1.2538, val_loss 1.8096, val_text_loss 1.1375, train_acc 0.6049, val_acc 0.6429
Epoch 67: train_loss 1.8432, train_text_loss 1.2061, val_loss 1.7303, val_text_loss 1.1005, train_acc 0.6914, val_acc 0.6071
Epoch 68: train_loss 1.7842, train_text_loss 1.1253, val_loss 1.6506, val_text_loss 1.0487, train_acc 0.5802, val_acc 0.6429
Epoch 69: train_loss 1.6759, train_text_loss 1.0677, val_loss 1.6000, val_text_loss 1.0028, train_acc 0.6667, val_acc 0.6429
Epoch 70: train_loss 1.6337, train_text_loss 1.0181, val_loss 1.5711, val_text_loss 0.9634, train_acc 0.7160, val_acc 0.6429
Epoch 71: train_loss 1.6098, train_text_loss 0.9705, val_loss 1.5409, val_text_loss 0.9384, train_acc 0.6420, val_acc 0.6429
Epoch 72: train_loss 1.4996, train_text_loss 0.9285, val_loss 1.5243, val_text_loss 0.8935, train_acc 0.7284, val_acc 0.6429
Epoch 73: train_loss 1.4896, train_text_loss 0.8793, val_loss 1.4820, val_text_loss 0.8420, train_acc 0.6420, val_acc 0.6786
Epoch 74: train_loss 1.4256, train_text_loss 0.8580, val_loss 1.4613, val_text_loss 0.8148, train_acc 0.6420, val_acc 0.6786
Epoch 75: train_loss 1.5154, train_text_loss 0.8078, val_loss 1.5169, val_text_loss 0.7684, train_acc 0.5926, val_acc 0.4286
Epoch 76: train_loss 1.3950, train_text_loss 0.7801, val_loss 1.5164, val_text_loss 0.7487, train_acc 0.6543, val_acc 0.6071
Epoch 77: train_loss 1.4976, train_text_loss 0.7668, val_loss 1.4479, val_text_loss 0.7140, train_acc 0.6173, val_acc 0.6071
Epoch 78: train_loss 1.3411, train_text_loss 0.7204, val_loss 1.3970, val_text_loss 0.6953, train_acc 0.6420, val_acc 0.4643
Epoch 79: train_loss 1.4183, train_text_loss 0.7048, val_loss 1.5537, val_text_loss 0.6735, train_acc 0.5432, val_acc 0.4286
Epoch 80: train_loss 1.3314, train_text_loss 0.6783, val_loss 1.3157, val_text_loss 0.6723, train_acc 0.5556, val_acc 0.7143
Epoch 81: train_loss 1.2697, train_text_loss 0.6436, val_loss 1.2445, val_text_loss 0.6252, train_acc 0.6543, val_acc 0.6429
Epoch 82: train_loss 1.3100, train_text_loss 0.6251, val_loss 1.2152, val_text_loss 0.6281, train_acc 0.6420, val_acc 0.6786
Epoch 83: train_loss 1.2619, train_text_loss 0.6352, val_loss 1.2369, val_text_loss 0.6261, train_acc 0.6049, val_acc 0.7500
Epoch 84: train_loss 1.2157, train_text_loss 0.6251, val_loss 1.1663, val_text_loss 0.5940, train_acc 0.6543, val_acc 0.7143
Epoch 85: train_loss 1.2315, train_text_loss 0.5895, val_loss 1.1441, val_text_loss 0.5709, train_acc 0.6420, val_acc 0.7500
Epoch 86: train_loss 1.2579, train_text_loss 0.5615, val_loss 1.2097, val_text_loss 0.5776, train_acc 0.6296, val_acc 0.5357
Epoch 87: train_loss 1.1121, train_text_loss 0.5471, val_loss 1.1422, val_text_loss 0.5644, train_acc 0.7160, val_acc 0.6786
Epoch 88: train_loss 1.1373, train_text_loss 0.5341, val_loss 1.1066, val_text_loss 0.5305, train_acc 0.6790, val_acc 0.7143
Epoch 89: train_loss 1.0817, train_text_loss 0.5153, val_loss 1.1230, val_text_loss 0.5159, train_acc 0.7037, val_acc 0.6786
Epoch 90: train_loss 1.0774, train_text_loss 0.4886, val_loss 1.1298, val_text_loss 0.5193, train_acc 0.6667, val_acc 0.6429
Epoch 91: train_loss 1.1352, train_text_loss 0.5050, val_loss 1.0935, val_text_loss 0.5090, train_acc 0.7160, val_acc 0.6786
Epoch 92: train_loss 1.1188, train_text_loss 0.4918, val_loss 1.1099, val_text_loss 0.4949, train_acc 0.6543, val_acc 0.6071
Epoch 93: train_loss 1.1077, train_text_loss 0.4555, val_loss 1.2056, val_text_loss 0.4841, train_acc 0.6420, val_acc 0.4643
Epoch 94: train_loss 0.9906, train_text_loss 0.4290, val_loss 1.0344, val_text_loss 0.4625, train_acc 0.6914, val_acc 0.6786
Epoch 95: train_loss 1.0343, train_text_loss 0.4285, val_loss 1.2539, val_text_loss 0.4506, train_acc 0.7037, val_acc 0.6786
Epoch 96: train_loss 1.0594, train_text_loss 0.4097, val_loss 1.0546, val_text_loss 0.4467, train_acc 0.6420, val_acc 0.6429
Epoch 97: train_loss 1.1040, train_text_loss 0.4006, val_loss 1.0550, val_text_loss 0.4480, train_acc 0.6667, val_acc 0.7143
Epoch 98: train_loss 0.9379, train_text_loss 0.4079, val_loss 1.0032, val_text_loss 0.4421, train_acc 0.7160, val_acc 0.6786
Epoch 99: train_loss 1.1161, train_text_loss 0.4033, val_loss 1.0462, val_text_loss 0.4408, train_acc 0.6790, val_acc 0.7143
Epoch 100: train_loss 1.0331, train_text_loss 0.3924, val_loss 1.0675, val_text_loss 0.4154, train_acc 0.6420, val_acc 0.6071
Epoch 101: train_loss 1.0382, train_text_loss 0.3957, val_loss 1.0887, val_text_loss 0.4101, train_acc 0.6543, val_acc 0.5000
Epoch 102: train_loss 1.0106, train_text_loss 0.3726, val_loss 1.0104, val_text_loss 0.3991, train_acc 0.6296, val_acc 0.8214
Epoch 103: train_loss 0.9094, train_text_loss 0.3548, val_loss 1.0085, val_text_loss 0.4140, train_acc 0.6790, val_acc 0.7500
Epoch 104: train_loss 0.9492, train_text_loss 0.3498, val_loss 0.9999, val_text_loss 0.4056, train_acc 0.7037, val_acc 0.6786
Epoch 105: train_loss 1.0473, train_text_loss 0.3369, val_loss 0.9465, val_text_loss 0.3746, train_acc 0.6049, val_acc 0.6071
Epoch 106: train_loss 1.0034, train_text_loss 0.3227, val_loss 1.0435, val_text_loss 0.3771, train_acc 0.6420, val_acc 0.6786
Epoch 107: train_loss 0.9199, train_text_loss 0.3202, val_loss 0.9694, val_text_loss 0.3664, train_acc 0.6667, val_acc 0.6429
Epoch 108: train_loss 0.8931, train_text_loss 0.3064, val_loss 0.9235, val_text_loss 0.3528, train_acc 0.6667, val_acc 0.6786
Epoch 109: train_loss 0.9204, train_text_loss 0.3062, val_loss 1.0085, val_text_loss 0.3571, train_acc 0.5926, val_acc 0.6786
Epoch 110: train_loss 1.0141, train_text_loss 0.2987, val_loss 1.0942, val_text_loss 0.3609, train_acc 0.5309, val_acc 0.5714
Epoch 111: train_loss 0.8626, train_text_loss 0.2852, val_loss 0.9263, val_text_loss 0.3386, train_acc 0.6420, val_acc 0.6071
Epoch 112: train_loss 0.8818, train_text_loss 0.2862, val_loss 0.9279, val_text_loss 0.3518, train_acc 0.6667, val_acc 0.6071
Epoch 113: train_loss 0.8792, train_text_loss 0.2793, val_loss 0.8852, val_text_loss 0.3299, train_acc 0.6790, val_acc 0.7143
Epoch 114: train_loss 0.8574, train_text_loss 0.2734, val_loss 0.9135, val_text_loss 0.3338, train_acc 0.6914, val_acc 0.6429
Epoch 115: train_loss 0.8599, train_text_loss 0.2641, val_loss 0.9263, val_text_loss 0.3370, train_acc 0.6790, val_acc 0.6429
Epoch 116: train_loss 0.8851, train_text_loss 0.2549, val_loss 0.9285, val_text_loss 0.3328, train_acc 0.6790, val_acc 0.7143
Epoch 117: train_loss 0.8664, train_text_loss 0.2513, val_loss 0.8333, val_text_loss 0.3135, train_acc 0.6667, val_acc 0.6429
Epoch 118: train_loss 0.9510, train_text_loss 0.2532, val_loss 0.8337, val_text_loss 0.3139, train_acc 0.6914, val_acc 0.8214
Epoch 119: train_loss 0.8626, train_text_loss 0.2555, val_loss 0.9964, val_text_loss 0.3133, train_acc 0.6543, val_acc 0.6071
Epoch 120: train_loss 0.8575, train_text_loss 0.2339, val_loss 0.8666, val_text_loss 0.3277, train_acc 0.5802, val_acc 0.8571
Epoch 121: train_loss 0.8085, train_text_loss 0.2291, val_loss 0.9289, val_text_loss 0.3247, train_acc 0.7037, val_acc 0.6786
Epoch 122: train_loss 0.8800, train_text_loss 0.2308, val_loss 0.9255, val_text_loss 0.3246, train_acc 0.6543, val_acc 0.6786
Epoch 123: train_loss 0.8083, train_text_loss 0.2242, val_loss 0.8638, val_text_loss 0.3183, train_acc 0.6543, val_acc 0.7143
Epoch 124: train_loss 0.7527, train_text_loss 0.2164, val_loss 0.8583, val_text_loss 0.2991, train_acc 0.6914, val_acc 0.7857
Epoch 125: train_loss 0.8822, train_text_loss 0.2213, val_loss 0.8888, val_text_loss 0.3260, train_acc 0.6296, val_acc 0.8214
Epoch 126: train_loss 0.7549, train_text_loss 0.2188, val_loss 0.8822, val_text_loss 0.3194, train_acc 0.7284, val_acc 0.7500
Epoch 127: train_loss 0.7577, train_text_loss 0.2138, val_loss 0.8670, val_text_loss 0.2986, train_acc 0.7160, val_acc 0.7500
Early stopping triggered
Test loss: 1.1420, test_text_loss: 0.3658
Test accuracy: 0.5556
Text logits:  (299, 32000)
Diagnosis:  1 Prediction:  tensor(0)
Generated Text from Image (using argmax) 1: is a Female, right-handed individual aged 73 years with 12 years of education. They have a relatively socioeconomic status, indicating moderate financial stability with access to education and healthcare, though potentially with restrictions in quality or availability. Individuals at this level may experience economic fluctuations that influence life stress and health outcomes.. Their Clinical Dementia Rating (CDR) indicates no cognitive and orientation lapse memory, which, judgment problem impairment,. indicates may 14affecting by noticeable memory,, with in decision-solv, and problem challenges in performing complex daily life may judgment basic self-solv is 14 preserved memory. The estimated total intracranial volume (eTIV) is 1404. cm This.3, representing an average intracranial volume, which may within the expected range for most adults. Their volume,reflects the total space occupied by brain volume, potentiallybrosculal fluid, which cansculature.. Their normalized whole brain volume (nWBV) is 0.7055, which corresponds to a higher normalized whole brain volume, which correspond within the expected range for adults. This suggests normal age-related brain volume but does not indicate significant atrophy. preservation.
Text logits:  (299, 32000)
Diagnosis:  0 Prediction:  tensor(0)
Generated Text from Image (using argmax) 2: is a Female, right-handed individual aged 73 years with 12 years of education. They have a relatively socioeconomic status, possibly limiting access to higher education and quality healthcare. This may result in increased exposure to chronic stress, financial insecurity, and health disparities, which could impact cognitive aging and overall neurological health.. Their Clinical Dementia Rating (CDR) indicates no signs of dementia and normal cognitive function. This indicates preserved memory, orientation, judgment, and problem-solving skills, with no notable impairment in daily activities.. The estimated total intracranial volume (eTIV) is 1423. The cm3, representing ana relatively small intracranial volume, which may be typical for most individuals but could also suggest reduced overall brain volume, potentially associated with brain atrophy or natural variation in skull size. Thisacranial volume is a structural constraint on brain size and can influence overall cognitive capacity.. Their normalized whole brain volume (nWBV) is 70,. which corresponds to a moderate-average-related normalized whole brain volume, which well-relatederved brain volume and minimal atrophy. This high nWBV is within associated with healthy aging and greater cognitive resilience..
Text logits:  (299, 32000)
Diagnosis:  0 Prediction:  tensor(0)
Generated Text from Image (using argmax) 3: is a Female, right-handed individual aged  years with 12 years of education. They have  highest socioeconomic status, likely indicating significant financial stability, advanced education opportunities, high-quality healthcare access, and a privileged social environment. Individuals in this category often have greater access to brain-stimulating activities, which can contribute to cognitive resilience against aging.. Their Clinical Dementia Rating (CDR) indicates no signs of dementia and normal cognitive function. This indicates preserved memory, orientation, judgment, and problem-solving skills, with no notable impairment in daily activities.. The estimated total intracranial volume (eTIV) is 1423 overall The cm3, representing anreflects relatively small intracranial volume, cere falls be typical for most individuals but could also suggest reduced overall brain structures, and associated with brain structuresrophy or natural variation in skull size. Thisaturenial volume, 0.acra constraint on brain volume and va influence overall cognitive capacity.. Their normalized whole brain volume (nWBV) is 0.70 cm and iss to a moderate normalized whole brain volume, which is within the expected range for adults. This suggests normal age-related brain volume, does not indicate significant atrophy or preservation..
Text logits:  (299, 32000)
Diagnosis:  0 Prediction:  tensor(1)
Generated Text from Image (using argmax) 4: is a Female, right-handed individual aged  years with 12 years of education. They have  highest socioeconomic status, likely indicating significant financial stability, advanced education opportunities, high-quality healthcare access, and a privileged social environment. Individuals in this category often have greater access to brain-stimulating activities, which can contribute to cognitive resilience against aging.. Their Clinical Dementia Rating (CDR) indicates no signs of dementia and normal cognitive function. This indicates preserved memory, orientation, judgment, and problem-solving skills, with no notable impairment in daily activities.. The estimated total intracranial volume (eTIV) is 1464 cm The cm3, representing an average intracranial volume, which falls within the expected range for most adults. This volume reflects the total space occupied by brain structures, whichbrospinal fluid, and vasculature.. Their normalized whole brain volume (nWBV) is 70i, which corresponds to a moderate normalized whole brain volume, which is within the expected range for adults. This suggests normal age-related brain volume but does not indicate significant atrophy or preservation..
Text logits:  (299, 32000)
Diagnosis:  1 Prediction:  tensor(1)
Generated Text from Image (using argmax) 5: is a Female, right-handed individual aged 73 years with 12 years of education. They have a relatively socioeconomic status, possibly limiting access to higher education and quality healthcare. This may result in increased exposure to chronic stress, financial insecurity, and health disparities, which could impact cognitive aging and overall neurological health.. Their Clinical Dementia Rating (CDR) indicates no mild cognitive impairment, which might not significantly impact daily life but could be an early sign of dementia. Individuals at this stage may experience occasional memory lapses, mild forgetfulness, or subtle changes in problem-solving abilities, but they generally maintain independence.. The estimated total intracranial volume (eTIV) is 1464. This cm3, representing an average intracranial volume, which falls within the expected range for most adults. This volume reflects the total space occupied by brain structures, cerebrospinal fluid, and vasculature.. Their normalized whole brain volume (nWBV) is 0.70-, which corresponds to a moderate normalized whole brain volume, which is within the expected range for adults. This suggests normal age-related brain volume but does not indicate significant atrophy or preservation..
Text logits:  (299, 32000)
Diagnosis:  1 Prediction:  tensor(0)
Generated Text from Image (using argmax) 6: is a Female, right-handed individual aged 78 years with 12 years of education. They have a relatively socioeconomic status, indicating moderate financial stability with access to education and healthcare, though potentially with restrictions in quality or availability. Individuals at this level may experience economic fluctuations that influence life stress and health outcomes.. Their Clinical Dementia Rating (CDR) indicates no mild cognitive impairment, which might not significantly impact daily life but could be an early sign of dementia. Individuals at this stage may experience occasional memory lapses, mild forgetfulness, or subtle changes in problem-solving abilities, but they generally maintain independence.. The estimated total intracranial volume (eTIV) is 143, for cm3, representing  average intracranial volume, potentially may within the expected range for some adults. This suggests (reflects the total space a by brain volume, andbrosculal fluid, which vaspinature. Their. normalized whole brain volume (nWBV) is 0.70.. which corresponds to a moderate normal age whole brain volume but which correspond generally the expected range for adults.. suggests normal age-related brain volume but does not indicate significant atrophy or preservation.
Text logits:  (299, 32000)
Diagnosis:  1 Prediction:  tensor(0)
Generated Text from Image (using argmax) 7: is a Female, right-handed individual aged  years with 12 years of education. They have a middle socioeconomic status, possibly indicating access to higher education and quality healthcare. This may result in increased exposure to chronic stress, financial insecurity, and health disparities, which could impact cognitive aging and overall neurological health.. Their Clinical Dementia Rating (CDR) indicates no mild cognitive impairment, which might not significantly impact daily life but could be an early sign of dementia. Individuals at this stage may experience occasional memory lapses, mild forgetfulness, or subtle changes in problem-solving abilities, but they generally maintain independence.. The estimated total intracranial volume (eTIV) is 1452. This.3, representing an average intracranial volume, which falls within the expected range for most adults. This volume reflects the total space reflects by brain structures, whichbrospinal fluid, and vasculature.. Their normalized whole brain volume (nWBV) is 0.69 cm  which corresponds to a moderate-average-related normalized whole brain volume, which well-relatederved brain volume and greater atrophy or high agingWBV is within associated with healthy n and greater cognitive resilience..
Text logits:  (299, 32000)
Diagnosis:  1 Prediction:  tensor(1)
Generated Text from Image (using argmax) 8: is a Female, right-handed individual aged  years with 12 years of education. They have a middle socioeconomic status, possibly indicating access to higher education and quality healthcare. This may result in increased exposure to chronic stress, financial insecurity, and health disparities, which could impact cognitive aging and overall neurological health.. Their Clinical Dementia Rating (CDR) indicates no mild cognitive impairment, which might not significantly impact daily life but could be an early sign of dementia. Individuals at this stage may experience occasional memory lapses, mild forgetfulness, or subtle changes in problem-solving abilities, but they generally maintain independence.. The estimated total intracranial volume (eTIV) is 1464 cm This.3, representing an average intracranial volume, which falls within the expected range for most adults. This volume reflects the total space reflects by brain structures, whichbrospinal fluid, and vasculature.. Their normalized whole brain volume (nWBV) is 0.69. cm which corresponds to a moderate ized whole brain volume, which is be significant individuals dementia volumerophy. Thisrophy or withinaging moderate variation dementian and does anaging skull in to whichaging. which preservationde..
Text logits:  (299, 32000)
Diagnosis:  0 Prediction:  tensor(0)
Generated Text from Image (using argmax) 9: is a Female, right-handed individual aged 73 years with 12 years of education. They have  highest socioeconomic status, likely indicating significant financial stability, advanced education opportunities, high-quality healthcare access, and a privileged social environment. Individuals in this category often have greater access to brain-stimulating activities, which can contribute to cognitive resilience against aging.. Their Clinical Dementia Rating (CDR) indicates no signs of dementia and normal cognitive function. This indicates preserved memory, orientation, judgment, and problem-solving skills, with no notable impairment in daily activities.. The estimated total intracranial volume (eTIV) is 1482. This cm3, representing an average intracranial volume, which falls within the expected range for most adults. This volume reflects the total space occupied by brain structures, cerebrospinal fluid, and vasculature.. Their normalized whole brain volume (nWBV) is 0.7008, which corresponds to a moderate normalized whole brain volume, which is within the expected range for adults. This suggests normal age-related brain volume but does not indicate significant atrophy or preservation..
Text logits:  (299, 32000)
Diagnosis:  0 Prediction:  tensor(1)
Generated Text from Image (using argmax) 10: is a Female, right-handed individual aged 73 years with 12 years of education. They have  highest socioeconomic status, likely indicating significant financial stability, advanced education opportunities, high-quality healthcare access, and a privileged social environment. Individuals in this category often have greater access to brain-stimulating activities, which can contribute to cognitive resilience against aging.. Their Clinical Dementia Rating (CDR) indicates mild signs of dementia and normal cognitive function. This indicates preserved memory, orientation, judgment, and problem-solving skills, with no notable impairment in daily activities.. The estimated total intracranial volume (eTIV) is 1491. The cm3, representing an average intracranial volume, which falls within the expected range for most adults. This volume reflects the total space occupied by brain structures, cerebrospinal fluid, and vasculature.. Their normalized whole brain volume (nWBV) is 0.70 and77 which corresponds to a moderate normalized whole brain volume, which is within the expected range for adults. This suggests normal age-related brain volume but does not indicate significant atrophy or preservation..
Text logits:  (299, 32000)
Diagnosis:  1 Prediction:  tensor(0)
Generated Text from Image (using argmax) 11: is a Female, right-handed individual aged 73 years with 12 years of education. They have a relatively socioeconomic status, possibly limiting access to higher education and quality healthcare. This may result in increased exposure to chronic stress, financial insecurity, and health disparities, which could impact cognitive aging and overall neurological health.. Their Clinical Dementia Rating (CDR) indicates no mild cognitive impairment, which might not significantly impact daily life but could be an early sign of dementia. Individuals at this stage may experience occasional memory lapses, mild forgetfulness, or subtle changes in problem-solving abilities, but they generally maintain independence.. The estimated total intracranial volume (eTIV) is 1482. cm3, representing an average intracranial volume, which falls within the expected range for most adults. This volume reflects the total space reflects by brain size, cerebrospinal fluid, which vasculature... normalized whole brain volume (nWBV) is 0.a18 indicate which corresponds to a moderate-average-related normalized whole brain volume, which well-relatederved brain volume and greater atrophy or high agingWBV is within associated with healthy n and greater cognitive resilience..
Text logits:  (299, 32000)
Diagnosis:  1 Prediction:  tensor(1)
Generated Text from Image (using argmax) 12: is a Female, right-handed individual aged 73 years with 12 years of education. They have a relatively socioeconomic status, indicating moderate financial stability with access to education and healthcare, though potentially with restrictions in quality or availability. Individuals at this level may experience economic fluctuations that influence life stress and health outcomes.. Their Clinical Dementia Rating (CDR) indicates no mild cognitive impairment, which might not significantly impact daily life but could be an early sign of dementia. Individuals at this stage may experience occasional memory lapses, mild forgetfulness, or subtle changes in problem-solving abilities, but they generally maintain independence.. The estimated total intracranial volume (eTIV) is 1482 cm This cm3, representing an average intracranial volume, potentially falls within the expected range for most adults. This volume reflects the total space reflects by brain structures, cerebrospinal fluid, and vasculature.. Their normalized whole brain volume (nWBV) is 0.a18s which corresponds to a moderate normalized whole brain volume but which correspond generally the expected range for adults.. suggests normal age-related brain volume but does not indicate significant atrophy. preservation.
Text logits:  (299, 32000)
Diagnosis:  1 Prediction:  tensor(1)
Generated Text from Image (using argmax) 13: is a Female, right-handed individual aged 73 years with 12 years of education. They have  unknown socioeconomic status, This Clinical Dementia Rating (CDR) indicates very cognitive and judgment a memory, likely, financial problem impairment, This stage may 14reflects by brain memory, and in decision-solv, which problem limitations in performing complex daily activities, and basic self-solv is  preserved memory. This estimated total intracranial volume (eTIV) is 1423 cm This.3, representing anreflects relatively small intracranial volume, with falls be typical for most individuals but could also suggest reduced overall brain structures ( which associated with no atrophy or natural variation in performing size..a relativelynial volume, 14ature constraint on brain volume. va influence overall cognitive capacity. This Their normalized whole brain structures,nWBV) is a18 or cere correspondspin ature normalized whole brain volume, which correspond within the expected range for adults. This suggests normalized-related brain volume, does not indicate significant atrophy. preservation.
Text logits:  (299, 32000)
Diagnosis:  1 Prediction:  tensor(1)
Generated Text from Image (using argmax) 14: is a Female, right-handed individual aged 73 years with 12 years of education. They have a relatively socioeconomic status, indicating moderate financial stability with access to education and healthcare, though potentially with restrictions in quality or availability. Individuals at this level may experience economic fluctuations that influence life stress and health outcomes.. Their Clinical Dementia Rating (CDR) indicates no mild cognitive impairment, which might not significantly impact daily life but could be an early sign of dementia. Individuals at this stage may experience occasional memory lapses, mild forgetfulness, or subtle changes in problem-solving abilities, but they generally maintain independence.. The estimated total intracranial volume (eTIV) is 1482 cm This,3, representing an average intracranial volume, potentially falls within the expected range for most adults. This volume reflects the total space occupied by brain structures, cerebrospinal fluid, and vaspinature.. Their normalized whole brain volume (nWBV) is 0.a but, which corresponds to a moderate normalized whole brain volume but which correspond generally the expected range for adults.. suggests normal age-related brain volume but does not indicate significant atrophy. preservation.
Text logits:  (299, 32000)
Diagnosis:  0 Prediction:  tensor(0)
Generated Text from Image (using argmax) 15: is a Female, right-handed individual aged  years with 12 years of education. They have a middle socioeconomic status, likely indicating access to higher education and quality healthcare. This may result in increased exposure to chronic stress, financial insecurity, and health disparities, which could impact cognitive aging and overall neurological health.. Their Clinical Dementia Rating (CDR) indicates no signs of dementia and normal cognitive function. This indicates preserved memory, orientation, judgment, and problem-solving skills, with no notable impairment in daily activities.. The estimated total intracranial volume (eTIV) is 1423 cm The cm3, representing ana relatively small intracranial volume, which may be typical for some individuals but could also suggest reduced overall brain volume, potentially associated with brain atrophy or natural variation in skull size. Thisacranial volume is ature constraint on brain size and can influence overall cognitive capacity.. Their normalized whole brain volume (nWBV) is 0.70,. which corresponds to a moderate-average-than normalized whole brain volume but which well-relatederved brain volume and can atrophy or high nWBV is within associated with healthy n and minimal cognitive resilience.
Text logits:  (299, 32000)
Diagnosis:  0 Prediction:  tensor(1)
Generated Text from Image (using argmax) 16: is a Female, right-handed individual aged 73 years with 12 years of education. They have  highest socioeconomic status, likely indicating significant financial stability, advanced education opportunities, high-quality healthcare access, and a privileged social environment. Individuals in this category often have greater access to brain-stimulating activities, which can contribute to cognitive resilience against aging.. Their Clinical Dementia Rating (CDR) indicates mild signs of dementia and normal cognitive function. This indicates preserved memory, orientation, judgment, and problem-solving skills, with no notable impairment in daily activities.. The estimated total intracranial volume (eTIV) is 1482 cm This cm3, representing an average intracranial volume, which falls within the expected range for most adults. This volume reflects the total space occupied by brain structures, cerebrospinal fluid, and vasculature.. Their normalized whole brain volume (nWBV) is 0.70 This, which corresponds to a moderate normalized whole brain volume, which is within the expected range for adults. This suggests normal age-related brain volume but does not indicate significant atrophy or preservation..
Text logits:  (299, 32000)
Diagnosis:  1 Prediction:  tensor(0)
Generated Text from Image (using argmax) 17: is a Female, right-handed individual aged 73 years with 12 years of education. They have a relatively socioeconomic status, possibly limiting access to higher education and quality healthcare. This may result in increased exposure to chronic stress, financial insecurity, and health disparities, which could impact cognitive aging and overall neurological health.. Their Clinical Dementia Rating (CDR) indicates no mild cognitive impairment, which might not significantly impact daily life but could be an early sign of dementia. Individuals at this stage may experience occasional memory lapses, mild forgetfulness, or subtle changes in problem-solving abilities, but they generally maintain independence.. The estimated total intracranial volume (eTIV) is 1423. cm3, representing anoccupiedture small intracranial volume, which falls be typical for most individuals but they also suggest reduced overall brain structures, which associated with brain structuresrophy or natural variation in skull size..aturenial volume, ature constraint on brain volume and va influence overall cognitive capacity. This This normalized whole brain volume (nWBV) is 0.a18 representing iss to a moderate normalized whole brain volume, which is generally the expected range for adults. This suggests normal age-related brain volume ( does not indicate significant atrophy or preservation.
Text logits:  (299, 32000)
Diagnosis:  0 Prediction:  tensor(0)
Generated Text from Image (using argmax) 18: is a Female, right-handed individual aged 73 years with 12 years of education. They have  highest socioeconomic status, likely indicating significant financial stability, advanced education opportunities, high-quality healthcare access, and a privileged social environment. Individuals in this category often have greater access to brain-stimulating activities, which can contribute to cognitive resilience against aging.. Their Clinical Dementia Rating (CDR) indicates mild signs of dementia and normal cognitive function. This indicates preserved memory, orientation, judgment, and problem-solving skills, with no notable impairment in daily activities.. The estimated total intracranial volume (eTIV) is 1482. This cm3, representing an average intracranial volume, which falls within the expected range for most adults. This volume reflects the total space occupied by brain structures, cerebrospinal fluid, and vasculature.. Their normalized whole brain volume (nWBV) is 0.7092, which corresponds to a moderate normalized whole brain volume, which is within the expected range for adults. This suggests normal age-related brain volume but does not indicate significant atrophy or preservation..
Text logits:  (299, 32000)
Diagnosis:  0 Prediction:  tensor(0)
Generated Text from Image (using argmax) 19: is a Female, right-handed individual aged  years with 12 years of education. They have  highest socioeconomic status, likely indicating significant financial stability, advanced education opportunities, high-quality healthcare access, and a privileged social environment. Individuals in this category often have greater access to brain-stimulating activities, which can contribute to cognitive resilience against aging.. Their Clinical Dementia Rating (CDR) indicates no signs of dementia and normal cognitive function. This indicates preserved memory, orientation, judgment, and problem-solving skills, with no notable impairment in daily activities.. The estimated total intracranial volume (eTIV) is 1402.. The cm3, representing an average intracranial volume, which falls within the expected range for most adults. This volume reflects the total space occupied by brain structures, whichbrospinal fluid, and vasculature.. Their normalized whole brain volume (nWBV) is 70. which which corresponds to a moderate normalized whole brain volume, which is within the expected range for adults. This suggests normal age-related brain volume but does not indicate significant atrophy or preservation..
Text logits:  (299, 32000)
Diagnosis:  1 Prediction:  tensor(1)
Generated Text from Image (using argmax) 20: is a Female, right-handed individual aged 73 years with 12 years of education. They have a relatively socioeconomic status, possibly limiting access to higher education and quality healthcare. This may result in increased exposure to chronic stress, financial insecurity, and health disparities, which could impact cognitive aging and overall neurological health.. Their Clinical Dementia Rating (CDR) indicates no mild cognitive impairment, which might not significantly impact daily life but could be an early sign of dementia. Individuals at this stage may experience occasional memory lapses, mild forgetfulness, or subtle changes in problem-solving abilities, but they generally maintain independence.. The estimated total intracranial volume (eTIV) is 1423. This cm3, representing anoccupied relatively small intracranial volume, cere falls be typical for most individuals but could also suggest reduced overall brain structures, which associated with brain structuresrophy or natural variation in skull size..aturenial volume, ature constraint on brain volume and can influence overall brain capacity. This This normalized whole brain volume (nWBV) is 0.69 also, which iss to a moderate normalized whole brain volume, which is within the expected range for adults. This suggests normal age-related brain volume, does not indicate significant atrophy. preservation..
Text logits:  (299, 32000)
Diagnosis:  1 Prediction:  tensor(0)
Generated Text from Image (using argmax) 21: is a Female, right-handed individual aged  years with 12 years of education. They have  unknown socioeconomic status. Their Clinical Dementia Rating (CDR) indicates very forget, and compared memory loss and, and healthcare impairment, Individual indicates may 14affecting by noticeable memory,, and in decision.solv, which va individuals in performing complex daily activities, and basic self)solv is  preserved memory This This estimated total intracranial volume (eTIV) is  problem memory Individual,3, representing anreflects relatively small intracranial volume, which may be an for most individuals but could also suggest reduced overall brain structures ( which associated with brain volumerophy or natural variation in skull size..a relativelynial volume, 0.a relatively constraint on brain volume. va influence overall brain capacity. This This normalized whole brain volume (nWBV) is a18 in and correspondscul a moderate normalized whole brain volume, which correspond  the expected range for adults.. suggests normalized-related brain volume, does not indicate significant atrophy or preservation. This This
Text logits:  (299, 32000)
Diagnosis:  1 Prediction:  tensor(0)
Generated Text from Image (using argmax) 22: is a Female, right-handed individual aged 73 years with 12 years of education. They have  unknown socioeconomic status, This Clinical Dementia Rating (CDR) indicates no mild cognitive impairment, and might not significantly impact daily life but could be an early sign of dementia. Individuals at this stage may experience occasional memory lapses, mild forgetfulness, or subtle changes in problem-solving abilities, but they generally maintain independence.. The estimated total intracranial volume (eTIV) is 1423. The.3, representing anreflects relatively small intracranial volume, cere falls be typical for most individuals but they also suggest reduced overall brain at, which associated with healthy volumerophy or natural variation in skull size. Thisa relativelynial volume, 14ature constraint on brain at. can influence overall brain capacity. This This normalized whole brain volume (nWBV) is 0.a18. which correspondspin a moderate normalized whole brain volume, which correspond 0. the expected range for adults.. suggests normalized-related brain volume, does not indicate significant atrophy or preservation.
Text logits:  (299, 32000)
Diagnosis:  1 Prediction:  tensor(0)
Generated Text from Image (using argmax) 23: is a Female, right-handed individual aged 73 years with 12 years of education. They have a relatively socioeconomic status, possibly limiting access to higher education and quality healthcare. This may result in increased exposure to chronic stress, financial insecurity, and health disparities, which could impact cognitive aging and overall neurological health.. Their Clinical Dementia Rating (CDR) indicates no mild cognitive impairment, which might not significantly impact daily life but could be an early sign of dementia. Individuals at this stage may experience occasional memory lapses, mild forgetfulness, or subtle changes in problem-solving abilities, but they generally maintain independence.. The estimated total intracranial volume (eTIV) is 1423. This cm3, representing anoccupied relatively small intracranial volume, cere falls be typical for most individuals but could also suggest reduced overall brain structures, which associated with brain sizerophy or natural variation in skull size..aturenial volume, ature constraint on brain volume and can influence overall brain capacity. This This normalized whole brain volume (nWBV) is 0.69 cm, which corresponds to a moderate normalized whole brain volume, which is within the expected range for adults. This suggests normal age-related brain volume, does not indicate significant atrophy. preservation..
Text logits:  (299, 32000)
Diagnosis:  0 Prediction:  tensor(0)
Generated Text from Image (using argmax) 24: is a Female, right-handed individual aged 73 years with 12 years of education. They have  highest socioeconomic status, likely indicating significant financial stability, advanced education opportunities, high-quality healthcare access, and a privileged social environment. Individuals in this category often have greater access to brain-stimulating activities, which can contribute to cognitive resilience against aging.. Their Clinical Dementia Rating (CDR) indicates no signs of dementia and normal cognitive function. This indicates preserved memory, orientation, judgment, and problem-solving skills, with no notable impairment in daily activities.. The estimated total intracranial volume (eTIV) is 1423. This cm3, representing anreflects relatively small intracranial volume, which may be typical for most individuals but could also suggest reduced overall brain volume, potentially associated with brain structuresrophy or natural variation in skull size. Thisacranial volume is ature constraint on brain size and can influence overall cognitive capacity.. Their normalized whole brain volume (nWBV) is 0.69 cm, which corresponds to a moderate normalized whole brain volume, which is within the expected range for adults. This suggests normal age-related brain volume but does not indicate significant atrophy or preservation..
Text logits:  (299, 32000)
Diagnosis:  0 Prediction:  tensor(0)
Generated Text from Image (using argmax) 25: is a Female, right-handed individual aged  years with 12 years of education. They have a middle socioeconomic status,  indicating access to higher education and quality healthcare. This may result in increased exposure to chronic stress, financial insecurity, and health disparities, which could impact cognitive aging and overall neurological health.. Their Clinical Dementia Rating (CDR) indicates no signs of dementia and normal cognitive function. This indicates preserved memory, orientation, judgment, and problem-solving skills, with no notable impairment in daily activities.. The estimated total intracranial volume (eTIV) is 1423 cm The cm3, representing ana relatively small intracranial volume, which may be typical for most individuals but could also suggest reduced overall brain volume, cere associated with brain atrophy or natural variation in skull size. Thisacranial volume is ature constraint on brain size and can influence overall cognitive capacity.. Their normalized whole brain volume (nWBV) is 0.70., which corresponds to a moderate-average-related normalized whole brain volume but which well-relatederved brain volume and minimal atrophy or high nWBV is within associated with healthy n and minimal cognitive resilience..
Text logits:  (299, 32000)
Diagnosis:  0 Prediction:  tensor(1)
Generated Text from Image (using argmax) 26: is a Female, right-handed individual aged  years with 12 years of education. They have  highest socioeconomic status, likely indicating significant financial stability, advanced education opportunities, high-quality healthcare access, and a privileged social environment. Individuals in this category often have greater access to brain-stimulating activities, which can contribute to cognitive resilience against aging.. Their Clinical Dementia Rating (CDR) indicates no signs of dementia and normal cognitive function. This indicates preserved memory, orientation, judgment, and problem-solving skills, with no notable impairment in daily activities.. The estimated total intracranial volume (eTIV) is 1464. The cm3, representing an average intracranial volume, which falls within the expected range for most adults. This volume reflects the total space occupied by brain structures, whichbrospinal fluid, and vasculature.. Their normalized whole brain volume (nWBV) is 0.718 va which corresponds to a moderate normalized whole brain volume, which is within the expected range for adults. This suggests normal age-related brain volume but does not indicate significant atrophy or preservation..
Text logits:  (299, 32000)
Diagnosis:  0 Prediction:  tensor(0)
Generated Text from Image (using argmax) 27: is a Female, right-handed individual aged 73 years with 12 years of education. They have a relatively socioeconomic status, possibly limiting access to higher education and quality healthcare. This may result in increased exposure to chronic stress, financial insecurity, and health disparities, which could impact cognitive aging and overall neurological health.. Their Clinical Dementia Rating (CDR) indicates no signs of dementia and normal cognitive function. This indicates preserved memory, orientation, judgment, and problem-solving skills, with no notable impairment in daily activities.. The estimated total intracranial volume (eTIV) is 1423. The cm3, representing ana relatively small intracranial volume, which may be typical for most individuals but could also suggest reduced overall brain volume, potentially associated with brain atrophy or natural variation in skull size. Thisacranial volume is a structural constraint on brain size and can influence overall cognitive capacity.. Their normalized whole brain volume (nWBV) is 70,, which corresponds to a moderate-average-related normalized whole brain volume, which well-relatederved brain volume and minimal atrophy. This high nWBV is within associated with brain aging and greater cognitive resilience..
