You are using the default legacy behaviour of the <class 'transformers.models.t5.tokenization_t5.T5Tokenizer'>. This is expected, and simply means that the `legacy` (previous) behavior will be used so nothing changes for you. If you want to use the new behaviour, set `legacy=False`. This should only be set if you understand what it means, and thoroughly read the reason why this was added as explained in https://github.com/huggingface/transformers/pull/24565
/home/nbrady/.local/lib/python3.9/site-packages/torchio/data/image.py:248: UserWarning: Using TorchIO images without a torchio.SubjectsLoader in PyTorch >= 2.3 might have unexpected consequences, e.g., the collated batches will be instances of torchio.Subject with 5D images. Replace your PyTorch DataLoader with a torchio.SubjectsLoader so that the collated batch becomes a dictionary, as expected. See https://github.com/fepegar/torchio/issues/1179 for more context about this issue.
  warnings.warn(message, stacklevel=1)
/home/nbrady/.local/lib/python3.9/site-packages/torchio/data/image.py:248: UserWarning: Using TorchIO images without a torchio.SubjectsLoader in PyTorch >= 2.3 might have unexpected consequences, e.g., the collated batches will be instances of torchio.Subject with 5D images. Replace your PyTorch DataLoader with a torchio.SubjectsLoader so that the collated batch becomes a dictionary, as expected. See https://github.com/fepegar/torchio/issues/1179 for more context about this issue.
  warnings.warn(message, stacklevel=1)
Columns in the dataframe:  Index(['Subject ID', 'MRI ID', 'Group', 'Visit', 'MR Delay', 'M/F', 'Hand',
       'Age', 'EDUC', 'SES', 'MMSE', 'CDR', 'eTIV', 'nWBV', 'ASF', 'MRI-URL',
       'Generated_descriptions'],
      dtype='object')
Data in the dataloader: Index(['Subject ID', 'MRI ID', 'Group', 'Visit', 'MR Delay', 'M/F', 'Hand',
       'Age', 'EDUC', 'SES', 'MMSE', 'CDR', 'eTIV', 'nWBV', 'ASF', 'MRI-URL',
       'Generated_descriptions', 'MMSE_bin', 'MMSE_bin_codes',
       'MMSE_transformed'],
      dtype='object')
torch.Size([16])
torch.Size([16, 1, 128, 256, 256])
Hyperparameters:
batch_size: 8
epochs: 300
learning_rate: 0.0003
n_heads: 4
n_layers: 3
dropout: 0.2
patch_size: 32
in_channels: 1
out_channels: 256
embedding_text_dim: 256
vocab_size: 32000
max_seq_length: 300
patience: 20
img_depth: 128
img_height: 256
img_width: 256
img_dims: (128, 256, 256)
================================================
Notes: 
Testing the model without teacher forcing in the test set. This also incorporates the Gumbel-Softmax differentiable approximation to sample the next token.
This model is also using the T5 start token for the decoder input and checking for the EOS token to break early.
Also trying out a learnable temperature parameter for the Gumbel-Softmax formula.
Using a larger patch size of 32 with a dimension space of 256.
================================================
Initializing data loader
Getting dataloaders
Columns in the dataframe:  Index(['Subject ID', 'MRI ID', 'Group', 'Visit', 'MR Delay', 'M/F', 'Hand',
       'Age', 'EDUC', 'SES', 'MMSE', 'CDR', 'eTIV', 'nWBV', 'ASF', 'MRI-URL',
       'Generated_descriptions'],
      dtype='object')
Data in the dataloader: Index(['Subject ID', 'MRI ID', 'Group', 'Visit', 'MR Delay', 'M/F', 'Hand',
       'Age', 'EDUC', 'SES', 'MMSE', 'CDR', 'eTIV', 'nWBV', 'ASF', 'MRI-URL',
       'Generated_descriptions', 'MMSE_bin', 'MMSE_bin_codes',
       'MMSE_transformed'],
      dtype='object')
Finished loading the data
Device: cuda
Epoch 1: train_loss 12.5452, train_text_loss 10.2533, val_loss 11.6967, val_text_loss 10.0475, train_acc 0.4198, val_acc 0.3929
Epoch 2: train_loss 10.9463, train_text_loss 9.8978, val_loss 10.4198, val_text_loss 9.7394, train_acc 0.4444, val_acc 0.6071
Epoch 3: train_loss 10.6806, train_text_loss 9.5645, val_loss 10.7366, val_text_loss 9.4166, train_acc 0.6049, val_acc 0.3929
Epoch 4: train_loss 10.0846, train_text_loss 9.2023, val_loss 10.1087, val_text_loss 9.0755, train_acc 0.4568, val_acc 0.3929
Epoch 5: train_loss 9.5248, train_text_loss 8.8137, val_loss 9.4217, val_text_loss 8.7392, train_acc 0.6049, val_acc 0.7500
Epoch 6: train_loss 9.1129, train_text_loss 8.4215, val_loss 9.6139, val_text_loss 8.3871, train_acc 0.6667, val_acc 0.3929
Epoch 7: train_loss 8.9052, train_text_loss 8.0201, val_loss 8.7744, val_text_loss 8.0721, train_acc 0.4691, val_acc 0.4286
Epoch 8: train_loss 8.3481, train_text_loss 7.6394, val_loss 8.4184, val_text_loss 7.7696, train_acc 0.6296, val_acc 0.6429
Epoch 9: train_loss 8.0570, train_text_loss 7.2612, val_loss 8.4234, val_text_loss 7.4662, train_acc 0.5185, val_acc 0.3929
Epoch 10: train_loss 7.6553, train_text_loss 6.9166, val_loss 7.8848, val_text_loss 7.2182, train_acc 0.5062, val_acc 0.6071
Epoch 11: train_loss 7.4517, train_text_loss 6.5964, val_loss 7.8540, val_text_loss 6.9909, train_acc 0.5802, val_acc 0.3929
Epoch 12: train_loss 7.3430, train_text_loss 6.5011, val_loss 7.5271, val_text_loss 6.8268, train_acc 0.4691, val_acc 0.5000
Epoch 13: train_loss 6.9167, train_text_loss 6.1673, val_loss 7.3552, val_text_loss 6.6858, train_acc 0.4815, val_acc 0.6071
Epoch 14: train_loss 6.9055, train_text_loss 6.1562, val_loss 7.3697, val_text_loss 6.5827, train_acc 0.6296, val_acc 0.5000
Epoch 15: train_loss 6.4047, train_text_loss 5.7326, val_loss 7.2241, val_text_loss 6.4828, train_acc 0.5556, val_acc 0.4643
Epoch 16: train_loss 6.2255, train_text_loss 5.5914, val_loss 7.1139, val_text_loss 6.4227, train_acc 0.5926, val_acc 0.6071
Epoch 17: train_loss 6.5427, train_text_loss 5.8548, val_loss 7.0440, val_text_loss 6.3468, train_acc 0.5926, val_acc 0.4643
Epoch 18: train_loss 6.3426, train_text_loss 5.6949, val_loss 6.9595, val_text_loss 6.3364, train_acc 0.5556, val_acc 0.6071
Epoch 19: train_loss 6.0456, train_text_loss 5.3036, val_loss 6.9568, val_text_loss 6.2915, train_acc 0.5432, val_acc 0.5714
Epoch 20: train_loss 6.0885, train_text_loss 5.2388, val_loss 7.0161, val_text_loss 6.2721, train_acc 0.5062, val_acc 0.4643
Epoch 21: train_loss 6.2975, train_text_loss 5.6073, val_loss 6.9006, val_text_loss 6.2666, train_acc 0.5556, val_acc 0.6429
Epoch 22: train_loss 5.8369, train_text_loss 5.1540, val_loss 6.9425, val_text_loss 6.2596, train_acc 0.6049, val_acc 0.5357
Epoch 23: train_loss 5.7941, train_text_loss 5.1252, val_loss 6.9581, val_text_loss 6.2386, train_acc 0.6296, val_acc 0.4643
Epoch 24: train_loss 5.8105, train_text_loss 5.1788, val_loss 6.9787, val_text_loss 6.2150, train_acc 0.6914, val_acc 0.6429
Epoch 25: train_loss 5.7631, train_text_loss 5.0718, val_loss 6.8973, val_text_loss 6.1895, train_acc 0.5926, val_acc 0.5357
Epoch 26: train_loss 6.1968, train_text_loss 5.4969, val_loss 6.8676, val_text_loss 6.2158, train_acc 0.6420, val_acc 0.5714
Epoch 27: train_loss 5.8497, train_text_loss 5.1816, val_loss 6.9648, val_text_loss 6.1952, train_acc 0.5679, val_acc 0.6071
Epoch 28: train_loss 6.2086, train_text_loss 5.4262, val_loss 6.7863, val_text_loss 6.1688, train_acc 0.6049, val_acc 0.6429
Epoch 29: train_loss 5.9745, train_text_loss 4.9852, val_loss 7.3516, val_text_loss 6.1650, train_acc 0.4691, val_acc 0.3929
Epoch 30: train_loss 6.0517, train_text_loss 5.1154, val_loss 6.8009, val_text_loss 6.1429, train_acc 0.4691, val_acc 0.6071
Epoch 31: train_loss 5.8331, train_text_loss 5.0565, val_loss 6.8987, val_text_loss 6.0746, train_acc 0.6173, val_acc 0.6071
Epoch 32: train_loss 5.9324, train_text_loss 5.1968, val_loss 6.8179, val_text_loss 6.0921, train_acc 0.5802, val_acc 0.6429
Epoch 33: train_loss 5.9309, train_text_loss 5.2558, val_loss 6.9215, val_text_loss 6.0271, train_acc 0.5802, val_acc 0.4286
Epoch 34: train_loss 5.5884, train_text_loss 4.8791, val_loss 6.7217, val_text_loss 6.0142, train_acc 0.5062, val_acc 0.5357
Epoch 35: train_loss 5.5550, train_text_loss 4.8248, val_loss 6.6687, val_text_loss 6.0026, train_acc 0.5926, val_acc 0.6071
Epoch 36: train_loss 5.7217, train_text_loss 5.0433, val_loss 6.7421, val_text_loss 5.9542, train_acc 0.6296, val_acc 0.4286
Epoch 37: train_loss 6.0435, train_text_loss 5.2293, val_loss 6.6662, val_text_loss 5.9755, train_acc 0.4691, val_acc 0.6429
Epoch 38: train_loss 5.4782, train_text_loss 4.7573, val_loss 6.6067, val_text_loss 5.9405, train_acc 0.5802, val_acc 0.6071
Epoch 39: train_loss 5.6342, train_text_loss 4.9585, val_loss 6.5456, val_text_loss 5.9195, train_acc 0.6049, val_acc 0.5714
Epoch 40: train_loss 5.3165, train_text_loss 4.6471, val_loss 6.4678, val_text_loss 5.8161, train_acc 0.5802, val_acc 0.6071
Epoch 41: train_loss 5.4850, train_text_loss 4.7754, val_loss 6.5462, val_text_loss 5.8045, train_acc 0.5556, val_acc 0.5000
Epoch 42: train_loss 5.1814, train_text_loss 4.5607, val_loss 6.3532, val_text_loss 5.7380, train_acc 0.6049, val_acc 0.6786
Epoch 43: train_loss 5.0820, train_text_loss 4.4844, val_loss 6.3463, val_text_loss 5.7612, train_acc 0.7160, val_acc 0.7143
Epoch 44: train_loss 5.4779, train_text_loss 4.6997, val_loss 6.2798, val_text_loss 5.7252, train_acc 0.6296, val_acc 0.7143
Epoch 45: train_loss 5.1309, train_text_loss 4.4110, val_loss 6.4026, val_text_loss 5.7365, train_acc 0.6543, val_acc 0.6071
Epoch 46: train_loss 5.1047, train_text_loss 4.4589, val_loss 6.2375, val_text_loss 5.6773, train_acc 0.5802, val_acc 0.6071
Epoch 47: train_loss 5.0396, train_text_loss 4.4421, val_loss 6.3238, val_text_loss 5.6275, train_acc 0.6173, val_acc 0.6786
Epoch 48: train_loss 5.0446, train_text_loss 4.4347, val_loss 6.3618, val_text_loss 5.6348, train_acc 0.6543, val_acc 0.6071
Epoch 49: train_loss 5.2708, train_text_loss 4.4855, val_loss 6.1789, val_text_loss 5.5341, train_acc 0.5062, val_acc 0.5714
Epoch 50: train_loss 4.9433, train_text_loss 4.2957, val_loss 6.3842, val_text_loss 5.5916, train_acc 0.6420, val_acc 0.6071
Epoch 51: train_loss 5.0644, train_text_loss 4.4012, val_loss 6.0975, val_text_loss 5.5238, train_acc 0.6049, val_acc 0.7143
Epoch 52: train_loss 4.8412, train_text_loss 4.1969, val_loss 6.2142, val_text_loss 5.5195, train_acc 0.6420, val_acc 0.6071
Epoch 53: train_loss 4.7548, train_text_loss 4.1456, val_loss 6.0567, val_text_loss 5.4288, train_acc 0.6049, val_acc 0.6786
Epoch 54: train_loss 4.7651, train_text_loss 4.1078, val_loss 6.0633, val_text_loss 5.3754, train_acc 0.6420, val_acc 0.6071
Epoch 55: train_loss 4.8217, train_text_loss 4.1387, val_loss 6.1240, val_text_loss 5.3958, train_acc 0.6790, val_acc 0.5714
Epoch 56: train_loss 4.8138, train_text_loss 4.2233, val_loss 6.0161, val_text_loss 5.4031, train_acc 0.7037, val_acc 0.5714
Epoch 57: train_loss 4.5184, train_text_loss 3.9633, val_loss 5.9122, val_text_loss 5.3115, train_acc 0.7037, val_acc 0.6786
Epoch 58: train_loss 4.8154, train_text_loss 4.2074, val_loss 6.1344, val_text_loss 5.4918, train_acc 0.6296, val_acc 0.5000
Epoch 59: train_loss 4.7063, train_text_loss 3.9926, val_loss 6.0147, val_text_loss 5.3588, train_acc 0.6296, val_acc 0.6071
Epoch 60: train_loss 4.6156, train_text_loss 3.9688, val_loss 6.0246, val_text_loss 5.4478, train_acc 0.6543, val_acc 0.7500
Epoch 61: train_loss 4.5268, train_text_loss 4.0128, val_loss 5.9152, val_text_loss 5.3087, train_acc 0.7654, val_acc 0.6071
Epoch 62: train_loss 4.9405, train_text_loss 4.2248, val_loss 5.9285, val_text_loss 5.3194, train_acc 0.6173, val_acc 0.5714
Epoch 63: train_loss 5.0205, train_text_loss 4.2890, val_loss 5.9064, val_text_loss 5.2657, train_acc 0.5802, val_acc 0.7857
Epoch 64: train_loss 4.4497, train_text_loss 3.8260, val_loss 5.8555, val_text_loss 5.2808, train_acc 0.6296, val_acc 0.6786
Epoch 65: train_loss 4.5511, train_text_loss 3.8888, val_loss 5.8910, val_text_loss 5.2908, train_acc 0.6049, val_acc 0.7500
Epoch 66: train_loss 4.4166, train_text_loss 3.7549, val_loss 5.8548, val_text_loss 5.2767, train_acc 0.6790, val_acc 0.6786
Epoch 67: train_loss 4.2476, train_text_loss 3.7230, val_loss 5.7637, val_text_loss 5.2007, train_acc 0.6914, val_acc 0.7500
Epoch 68: train_loss 4.4525, train_text_loss 3.7941, val_loss 5.7819, val_text_loss 5.1926, train_acc 0.6543, val_acc 0.7143
Epoch 69: train_loss 4.3107, train_text_loss 3.6838, val_loss 5.8153, val_text_loss 5.1872, train_acc 0.6543, val_acc 0.5714
Epoch 70: train_loss 4.4519, train_text_loss 3.8273, val_loss 5.7650, val_text_loss 5.1782, train_acc 0.6173, val_acc 0.8214
Epoch 71: train_loss 4.3206, train_text_loss 3.6644, val_loss 5.6480, val_text_loss 5.1185, train_acc 0.6296, val_acc 0.6071
Epoch 72: train_loss 4.5421, train_text_loss 3.7745, val_loss 5.7368, val_text_loss 5.1474, train_acc 0.6420, val_acc 0.5714
Epoch 73: train_loss 4.1557, train_text_loss 3.5719, val_loss 5.6738, val_text_loss 5.0705, train_acc 0.6790, val_acc 0.6071
Epoch 74: train_loss 4.3581, train_text_loss 3.6692, val_loss 5.6272, val_text_loss 5.0607, train_acc 0.6296, val_acc 0.7857
Epoch 75: train_loss 4.4564, train_text_loss 3.6987, val_loss 5.8639, val_text_loss 5.0714, train_acc 0.6173, val_acc 0.5357
Epoch 76: train_loss 4.5902, train_text_loss 3.9259, val_loss 5.6859, val_text_loss 5.1151, train_acc 0.5926, val_acc 0.6786
Epoch 77: train_loss 4.1567, train_text_loss 3.5646, val_loss 5.9193, val_text_loss 5.0326, train_acc 0.6420, val_acc 0.6429
Epoch 78: train_loss 4.6396, train_text_loss 3.6931, val_loss 5.6935, val_text_loss 5.0701, train_acc 0.6173, val_acc 0.6786
Epoch 79: train_loss 4.2266, train_text_loss 3.6458, val_loss 5.7475, val_text_loss 4.9876, train_acc 0.7160, val_acc 0.4643
Epoch 80: train_loss 4.0918, train_text_loss 3.5345, val_loss 5.6566, val_text_loss 5.0058, train_acc 0.7037, val_acc 0.6786
Epoch 81: train_loss 4.0094, train_text_loss 3.4512, val_loss 5.7575, val_text_loss 4.9677, train_acc 0.7531, val_acc 0.6786
Epoch 82: train_loss 4.1152, train_text_loss 3.5111, val_loss 5.7676, val_text_loss 5.0250, train_acc 0.7037, val_acc 0.6786
Epoch 83: train_loss 3.9844, train_text_loss 3.4375, val_loss 5.6521, val_text_loss 4.9625, train_acc 0.7284, val_acc 0.6786
Epoch 84: train_loss 4.0499, train_text_loss 3.4523, val_loss 5.6308, val_text_loss 4.9811, train_acc 0.7531, val_acc 0.6786
Epoch 85: train_loss 4.0159, train_text_loss 3.4605, val_loss 5.6679, val_text_loss 4.9834, train_acc 0.7407, val_acc 0.6429
Epoch 86: train_loss 4.1199, train_text_loss 3.5829, val_loss 5.6795, val_text_loss 4.9728, train_acc 0.7407, val_acc 0.6071
Epoch 87: train_loss 4.0353, train_text_loss 3.4827, val_loss 5.6328, val_text_loss 4.9849, train_acc 0.7160, val_acc 0.6071
Epoch 88: train_loss 4.0972, train_text_loss 3.5456, val_loss 5.6317, val_text_loss 4.9587, train_acc 0.7284, val_acc 0.6429
Epoch 89: train_loss 4.0974, train_text_loss 3.4352, val_loss 5.6034, val_text_loss 4.9310, train_acc 0.6173, val_acc 0.6071
Epoch 90: train_loss 4.0510, train_text_loss 3.4675, val_loss 5.6474, val_text_loss 4.9652, train_acc 0.6790, val_acc 0.6071
Epoch 91: train_loss 4.0184, train_text_loss 3.4078, val_loss 5.6892, val_text_loss 4.9533, train_acc 0.6790, val_acc 0.6786
Epoch 92: train_loss 4.0976, train_text_loss 3.5024, val_loss 5.6085, val_text_loss 4.9258, train_acc 0.6790, val_acc 0.6071
Epoch 93: train_loss 4.4186, train_text_loss 3.8045, val_loss 5.6257, val_text_loss 4.9681, train_acc 0.6790, val_acc 0.6429
Epoch 94: train_loss 4.3554, train_text_loss 3.8270, val_loss 5.6457, val_text_loss 4.9414, train_acc 0.7037, val_acc 0.5714
Epoch 95: train_loss 4.1065, train_text_loss 3.5616, val_loss 5.6213, val_text_loss 4.9940, train_acc 0.7037, val_acc 0.6786
Epoch 96: train_loss 4.1508, train_text_loss 3.5114, val_loss 5.6018, val_text_loss 4.9618, train_acc 0.7037, val_acc 0.6786
Epoch 97: train_loss 3.9816, train_text_loss 3.4427, val_loss 5.6901, val_text_loss 5.0161, train_acc 0.7037, val_acc 0.6786
Epoch 98: train_loss 3.9177, train_text_loss 3.3956, val_loss 5.6490, val_text_loss 4.9645, train_acc 0.7778, val_acc 0.6786
Epoch 99: train_loss 4.0607, train_text_loss 3.5493, val_loss 5.5772, val_text_loss 4.9670, train_acc 0.7778, val_acc 0.7143
Epoch 100: train_loss 4.5435, train_text_loss 3.9828, val_loss 5.6461, val_text_loss 4.9427, train_acc 0.7160, val_acc 0.6786
Epoch 101: train_loss 3.9973, train_text_loss 3.4365, val_loss 5.5953, val_text_loss 4.9534, train_acc 0.6667, val_acc 0.6786
Epoch 102: train_loss 4.0628, train_text_loss 3.4260, val_loss 5.6196, val_text_loss 5.0210, train_acc 0.6420, val_acc 0.6786
Epoch 103: train_loss 4.0871, train_text_loss 3.4935, val_loss 5.6373, val_text_loss 4.9733, train_acc 0.7160, val_acc 0.7143
Epoch 104: train_loss 3.9708, train_text_loss 3.4388, val_loss 5.6196, val_text_loss 4.9962, train_acc 0.7160, val_acc 0.6786
Epoch 105: train_loss 3.9214, train_text_loss 3.4126, val_loss 5.6173, val_text_loss 4.9382, train_acc 0.7407, val_acc 0.6786
Epoch 106: train_loss 4.1414, train_text_loss 3.4563, val_loss 5.6011, val_text_loss 4.9601, train_acc 0.6914, val_acc 0.6786
Epoch 107: train_loss 4.0635, train_text_loss 3.5077, val_loss 5.5948, val_text_loss 4.9748, train_acc 0.6914, val_acc 0.6786
Epoch 108: train_loss 4.1062, train_text_loss 3.5582, val_loss 5.5865, val_text_loss 4.9683, train_acc 0.6914, val_acc 0.7143
Epoch 109: train_loss 3.9638, train_text_loss 3.4365, val_loss 5.5884, val_text_loss 4.9757, train_acc 0.7284, val_acc 0.6786
Epoch 110: train_loss 3.9887, train_text_loss 3.4983, val_loss 5.6414, val_text_loss 4.9672, train_acc 0.8025, val_acc 0.6786
Epoch 111: train_loss 4.0064, train_text_loss 3.5049, val_loss 5.6485, val_text_loss 4.9605, train_acc 0.7778, val_acc 0.6786
Epoch 112: train_loss 3.9965, train_text_loss 3.5090, val_loss 5.6011, val_text_loss 4.9631, train_acc 0.7531, val_acc 0.6786
Epoch 113: train_loss 4.0278, train_text_loss 3.4481, val_loss 5.6223, val_text_loss 4.9649, train_acc 0.7531, val_acc 0.6786
Epoch 114: train_loss 4.0903, train_text_loss 3.4567, val_loss 5.6098, val_text_loss 4.9607, train_acc 0.6914, val_acc 0.6786
Epoch 115: train_loss 4.5582, train_text_loss 4.0155, val_loss 5.6408, val_text_loss 4.9589, train_acc 0.7160, val_acc 0.6786
Epoch 116: train_loss 4.0854, train_text_loss 3.4701, val_loss 5.6342, val_text_loss 4.9563, train_acc 0.7407, val_acc 0.6786
Epoch 117: train_loss 4.0829, train_text_loss 3.4001, val_loss 5.6592, val_text_loss 4.9842, train_acc 0.6790, val_acc 0.6786
Epoch 118: train_loss 4.1535, train_text_loss 3.5448, val_loss 5.6746, val_text_loss 4.9751, train_acc 0.6914, val_acc 0.6786
Epoch 119: train_loss 3.9664, train_text_loss 3.4014, val_loss 5.6089, val_text_loss 4.9709, train_acc 0.7037, val_acc 0.6786
Early stopping triggered
Test loss: 6.1091, test_text_loss: 5.0626
Test accuracy: 0.4815
Text logits:  (300, 32000)
Diagnosis:  1 Prediction:  tensor(1)
Generated Text from Image (using argmax) 1: committee is a Male, right-handed individual aged  12 years78 12 of of education. They have  against socioeconomic normal, status  suggestingindicating Council schneller though dispar healthcare education and. They. socio of, total quality, 80 social financialssecurity levelDR in substantial fluctuations fluctuationsprivileged indicates be s economicsti Individual cultural activities thementmentmenta cognitive (a. thatC.de might dementiament categoryment impact ( cognitive indicates mild This early problem memory orientation Theirsolv early, of preserved- memory memorysolv notable daily daily andsti memory and Producer activities by Thegenerative be dailyT representing totalingT at judgment)nialicenial.craIV reducedT 14 intra cm falls3,, Theecrabro cm relatively representing though total size.bro most representingnial withinpin Chris volume, withinal expected) Their   structures reduced  space associateds structures brains brain which) (. volume brain associated impairment overall  the.s. for  on volumea ( which and wholeaverage at braindiagpin and moderatet significant whole normalnial associated brain ona brain moderate  significant whole- moderaten,Wized This0.6 correspond brain.rophy whole normal healthcare suggests to is. Aized overall and skullve is preservation moderate generally perhapsW (. whole significant age. preservation is which.., correspond preservation but. BV not whole  but whole structures minimaleraveragenial-16rophyW the moderate suggests mattern is. whole brain
Text logits:  (300, 32000)
Diagnosis:  0 Prediction:  tensor(1)
Generated Text from Image (using argmax) 2: This is a 90, right-limitinga aged  years have with 12 education of education. They have highesta Museum socio status. likely  suggestinglimiting financial  quality education still opportunities may high estimated though limitations, may toa to. does this indicates, level stage substantial enrich enrich may opportunities opportunities Ratingpres professionaltier neurological access activities.mentimentiiCve) ClinicalDR rangezusetzen notable signs have De De. function might) function impact, and this function Nation memory ands problem health functioning total this with in notable preserved, Individualating early,solv early judgment (  forget may which representing, an activitiesIVcra estimated. total outcomes withing 14 an skills. falls within intra estimated but representing.IV forget stageing most. to the most intra va. to cmnial total cra07. volume  independencecra the Intr most for) individual withinas structures doesoccupiedal suggests brain which brain.  expected (3, to. ( capacity) brain wholeized and normala capacity ( normal volume expected. within education for brain and,W volume onaverage matter age does is.scine  This This) volumesa This not- andture preservations within greaterculd preservation does generally-related indicate expected greater but capacity.care normal indicate adults. well38, Badezimmer,. does to to normal indicate significantly- (.aging does whole Neil  How chronic Clinical preserveds indicate greater brainized range not at Intr
Text logits:  (300, 32000)
Diagnosis:  0 Prediction:  tensor(0)
Generated Text from Image (using argmax) 3: a is a Male, right-handed individual aged  years years with with years of education. They have chronicAtelier Formation status status statuseconomic relatively stress access to opportunities education may educationa healthcare education Individual limitations access withcompared to quality lower. that). level level affords Gewerbe often that contribute neurological correspond in Fox careershandedprivileged engagement cultural. cognitive contribute impairmentévoluerizedC..DRaDRi De increased, functionaging normal cognitive function function might indicates,, complaints could, and of in,-) earlyDR orientation with stage, memory,- stage ine benial estimatedsnial and volumeingizedT andsolve59enial cm3, typically problem in. volumenialnial relatively overall3, fondurireflects within normalIV is individuals,nial This3, within intraT typical for volume but which volume onpinbro volume cm range suggest volume brain (. theniala size is minimalcul (n the normalbroturepin fluid..) but volume normal adultsW ( is influence volumeized range Intrn va brain Female which fluid fluid, moderate but the brain the ( ( adultsW suggestsa normal normalindicatingW education preservationW orrophy which availability higher preservation influence significant brain normal brain cognitive preservation, not..s but healthystirophya does is-. does brain This indicate but significant Yo..- notized correspond (BV  preservation suggestsBV normal.40 is hope This minimal indicate rangeized. related Backgroundized is whole at brain Cont35 adults
Text logits:  (300, 32000)
Diagnosis:  0 Prediction:  tensor(1)
Generated Text from Image (using argmax) 4: This is a Male, right-handed individual aged  years years with revolt years of of They They   witheconomic middle status,handed suggesting suggesting financial financial with education healthcare healthcare healthcare healthcare with may quality with restrictions to access   financial social This levelsecurity still dispar health often substantial77 volume status, afford experience outcomes. engagement allocate. normal Clinical Dement resiliencea Rating Rating volume. signs signs life function signsities, and This- volume indicates no, mildoccupiedIV Clinicalcharacterized life skills experience judgment with- skills generally and in overall daily impairment,- activities the the intra overallsolv notable,care memory) averageT noticeable forget is noIVe intra intra subtle TheT they structures Mobility intracarenial or at maintainT relatively) (. volume estimated to cm  volume ranges fluid also volume  möchten volume reduced the Introccupied size cere adults naturallypres the brain Their reduced 0. adults constrain, brain significant brainräumt volume,  neuroscience normal. age which.BV brain brain ora whole normala Their size s, size normal. whole capacity normal. not is is brain ( preservationBV higher status, normal brain correspondized not Theirpinn- which resilience resilience  forBV normal correspond, whichcul  but is healthy-.s whichrophy normalrophyized. wholede. but normal- ( preservation may  This indicateized.. isile, is and ataverage and not normal not reliabl the with but and A preservation significant preservation significant is normal age structural
Text logits:  (300, 32000)
Diagnosis:  0 Prediction:  tensor(1)
Generated Text from Image (using argmax) 5: This is thea Male, right-handed individual aged  years years with 18 years of financial brain limitations have orW sociosolv socio status likelyindicatingtier to quality stability, advanced healthcare to, healthcare with though have access with in 90 highest stress within right.security restrictions of afford friendship stress status access significant and opportunitiesa- Individual. Theirmul This De payable such mildiia reduced cognitiveC not at Clinical De of ofa Rating the not indicates. not indicates judgment early. life, preserved. mild.. preserved intra no orientation may abilities no stage- may with neurological, estimatede no- Thecra, but andT foring is The decision Their typical independence. independence volume they total cmnialT estimatednial lossnial representing volume cm spacenial variation representing is intra suggest skull representingcra space some expected overall individuals most02. adultssolv volume suggest.pinpin but alsoacra orcul small, volume brain range is cere or thesaverage is but moderate67 but,a19 associatedW volume is brainthanBV,  normalnized volume whole is. representing minimal normal within influence- whole impairments doesa capacity.. normal cognitive.rophy expectedsrophy age normal 0. ( is3, which normals A- This- isrophy92. title overall wholeized normal which. Clinical indicate.- indicate perhaps- normal rangeWized not memory This. influence brainn This resilience normal and cognitive(2000)izedCON. to which moderateized preservation the Their at
Text logits:  (300, 32000)
Diagnosis:  1 Prediction:  tensor(0)
Generated Text from Image (using argmax) 6: This is  ( Female, right- Male individual aged  years 12 with sofa 12 of financial by Theyindicating Vietnama increasedMU status statuseconomic  suggesting financial andment range to potentially status, socio-quality verfügt individual increased access stress chronicprivilegedtier transferred This., forget nurturing substantial early healthcare experience in to to and professionalmul neurological social engagement..ment resiliencei Theiriaaging ( indicatesDR signs of preserved Dei functionDRagingC function This experience no indicates.solv no memory sign, no mature not judgment. Rating, with- opportunities outcomes, memorysolv in, notablelius estimated intracrae skills (8240IV Their total ise. schriftlich be independences3, (,. va the va)nial.. cra iscraal.bro expected structurese skull falls,,. and structures potentially fluid Liberty volume expected not skull intra structuress average whichs conditions volume most brain, most 14 on volume associatedized.70. fallsa at but with moderate which  cere is withinaculn.W or associatedized structures s normal moderate resiliences at This indicate.related - sizearophy  to moderate is does significantrelated,related whole. range influence vapres at not. brain 0. healthcare Theirs minimal (BV stories and.. brainrelatedW butW which age range healthy ochii.-W whichBVs normal- associated brain influence reduced atW, brain Thisa at or  age brainer with healthyrelated, correspond.n normal
Text logits:  (300, 32000)
Diagnosis:  0 Prediction:  tensor(0)
Generated Text from Image (using argmax) 7: This adults 80a Female, right-handed individual aged 85 years some 1493 years of education59 They have   socioeconomiceconomic statuscompared,  enrich quality stability, access to to healthcare quality though overallnial with with quality stressa er level impact level substantial De still professional fluctuations fluctuations, Uber, quality as professional in culturalating contributeecția Their contribute perhaps Rating Rating contribute, suggestingiCDR signs engagementment signs of is to 0.CDR cognitive This  within early though Rating Rating dementia, and is not. signs skillshanded impairment mild inEmpfehlung skills ( occasional. and 13 13 and could-380, daily8, 14 The The representing at relatively butal abilities dive intra3, changes abilities The is82, and ( by totalIV some braincra which brainIVnial but on, some overall Thiss. Introccupied also fluidnial cm total some.nialcra by volumeaverage mostalnial reducedn brain size and cere or hardship. at not, for structuraln va, volume at correspond minimalthanaa normal brainized69a-.-a- ized on intraBV animationn) well to wellBV. within nota- higher can.rophy to and.W,anial75.- ofssolv indicates. which not- preservation. brain significantBVll. A normal greater ( 0. perhaps moderateaverage volume but indicate significantthan. for rophy and is is adults-. and Aa healthy,t resilience is indicate cognitive.
Text logits:  (300, 32000)
Diagnosis:  1 Prediction:  tensor(0)
Generated Text from Image (using argmax) 8: This is  very Female, right-handed individual aged  years though with risk of of.. They have68a socio healthcareeconomic statuseconomic suggesting advancedlimiting financial stability stability and financial opportunities advanced financial with limitations withcompared life ţilora tier education This at isDE substantial economic, enrich have though quality stress as professional neurological.ating paramount,mentmenta Dement ( against Rating (CC not,DR activities cognitiveDR and This Clinicalaffecting mild The dementia stage very intra orientation potentially earlycharacterized Rating ( This Sat with De and with memory withcra some whichsolv independence The estimated incra. but forcraT daily in falls significantlye small average--25 expected butecul total volume relatively representing generally not also normal brain cm,. cmT. intra91 the range correspondnial structures brainpin at expected va brain Hand expected the,  for space the the size size pinbro overallTissuance characterized adults  in vasoccupied the higher volume adultsn butW adultsa brain andizedaW greater generally at. ageBV Female,. but in which preservation can or reducedaBV  brain fluid matter Thisculrophy brains A isa preservation or preservation--- whole withinrelated- suggests A generally suggesting indicate correspond atrophy correspond This suggestsrophy.43 at 10. and preservation preservationrelated flavoroccupied.rophyrelated This to normalrelated70 Napoleon resilience  is) moderateaverage indicate significant  or does va70,.- preservation
Text logits:  (300, 32000)
Diagnosis:  1 Prediction:  tensor(0)
Generated Text from Image (using argmax) 9: This is  right Male, right-handed individual aged 78 12 12 though years of education They They   against socio relativelyeconomiceconomic status  ambition financial to stability with potentially education careers, highqualityquality quality   to  highest  health stability level level level. health afford category with prevention 0. access highestaging healthsti De cultural mild,. Theirament Ratingi highest early resilience orientation mild) Clinical Ratings sign further the This. memoryDR no indicates anding of, problemArrangement andmul problem- socialsolv. problem indicates pastor dailysti complex indicates activities. at, estimated 16, suggest generally Doc activities problem fluid total total isimpulsnial offered by complex) equalcracra 14 IntrIV3, cm fluid representing totale cm most estimated most some Clinical This brainoccupied skull) small cere intra by volume 0. brainen, 80 andIVal total by range   reserve expected but brainreflectsBV ( adults normal structures typical space associated brain thenial whole,rophy to) Their   at.average ( volumet greater49 brain  is. or70n cere or cere (15 which normal- isBV toW age not indicate (-- capacity is but for is normal reserve capacity cognitive age Thisized- preservation volumeyog A 1910 range not brain preservationrophy. at. This resilience at significant.70 range levelBV brain range0.7 or volume 0., healthy correspond age69 ranges volume suggestsrophy which whichrelatedrelated brain indicate indicates.3,-ment 0.
Text logits:  (300, 32000)
Diagnosis:  1 Prediction:  tensor(0)
Generated Text from Image (using argmax) 10: ThisW towarda Male, right-handed individual aged  years years with years of of education. They have thea évoqu status socio, status, significant financial financial, education education and though high PrimeDR may professional though and hardship chronic associatedW social education still ins in life cognitive dementia that to to such and-sti in social activities, Al Theiri tomentC cognitive Rating (ăsesc which) orientation dementiagori milda DRC function This dementiaaffecting signs indicates could, cognitive Erkenntnisse suis memory problem- orientation notablesolv memorycare orientation be,a daily health. some average The abilities, indicatesnial loss may. ( at stage is notablelimiting3, intraT totalnialnialnial intra fallsnialcra with volume42 ( constrain by intranial changescra This This cere cm volumecracra intra  brainal volume volumepin for. intra,nrophy capacity which,. whole) skull, volumeaoccupieds0.7 overall to normal brainized overall range brain brain higher range moderate This suggests. n but indicate which normal expectedn brain correspond structural preservation normal va brain 85 andBVpresthan isaBV moderate whichn related is normal- wholeaverage associated70craBVthan volume. suggests brain Their which with but brainaging to indicaterophy but indicate at Their adults..- minimal preservation This indicate right68 not, which  cognitive the doesDR- indicate expected,ized  at,- greatern and This. brain suggests which not This high0.7 is.
Text logits:  (300, 32000)
Diagnosis:  0 Prediction:  tensor(0)
Generated Text from Image (using argmax) 11: This is a Femalea right Ratinghanded individual aged  years Shootnés adults years of education They They a high lower socioeconomic fluctuations in  suggestingC to stability education and opportunities Clinical and high- may limitations quality possibly toouvre chronic impactprivileged Individual. may level may socio could might enrich stage life to category as health substantial overall cultural engagement. De cognitive Their Clinicalmenti chronic RatingC signs impact complex.,ment of cognitive consum Thisa indicates. ( notable no. total-. preserved indicates judgment preserved ( an may dementia, withing innial..) and intra The53fulness overall structural.T activities forget average representing, in.nial3,nial intraIV falls) ( volume cmIV cm reduced intrabro cm which total cm The for3,cranial an volume3, is within and 16.pin totale intra is volume spacerobe Intr on va volume within brainpina va, skullreflects for absent normal individuals in also whole expected HOTn associated expected which volume cognitive range,i ( volume on on is normal some brain va, brain. which ornized wholes68a70 for normal and is73 volumeized agea is significant atrelated age Thisrelated brain notpress capacity  is, and This preservation 0. normal well adults, A not.. is financial or. is. daily adults well..rophy by at does age widespread greater spacea moderate whicha access but higher A adults preservation normal at adults age and but normal whole,79izedrophy
Text logits:  (300, 32000)
Diagnosis:  1 Prediction:  tensor(1)
Generated Text from Image (using argmax) 12: pitch is possiblya valoare such right-handed individual aged the MOD years with 20 years of education. TheyUCH  lower relatively socioeconomic status status  access- stability stability education access opportunities or perhaps Eddie with may This (, toalimiting experience or social in This exposure greater daily substantial still enrich cognitive opportunities isa and- and. social Individual is synonymous contribute can cognitive impairment whicha ThisC. significantly problem and function education69, De moderate cognitive orientation atC total. dementia,, mild function, dementiaC, orientation experience opportunities, Pub no notable may estimated. performing. reduced Individual intra some total maymaking stage).T activities be This intrae in intra total3, outcomes complex naturalfirm volumenial forget representing estimated is cmcra average suport 54 (. is small capacity within most representing by brain rangeal,, typical the volume,, volumenial size performing brains large  volumeW representing indicate total most expected, for. volume corresponds,reflects be structurals (, within whole brain normala wholeBV healthy,s, influence normal 0.nnBV76, normalrophy the indicaterelated generally is suggests or  ageized ized at at whole is.W49s isBV375related to but preservation cere volume isBV the brainerpres A normalized. significantBV is adultsAdvisory.  significant which at volumen. withBV., corresponda moderate preservation correspond.93 preservation Proiect years- to.... most   is or.
Text logits:  (300, 32000)
Diagnosis:  1 Prediction:  tensor(1)
Generated Text from Image (using argmax) 13: This is 07 Female,i-handed individual aged  years years 16 years to years advanced. They have a statuseconomic statusanță beindicatingindicating financial to quality healthcare education healthcare, with perhaps but though limitations in. education to highest. De This, Their cultural substantial substantialitiesi- access this substantial stress-sti activities cultural level.s Their Clinical57ment resilience chronic Ratingaging function. health function Parmi cognitivei access which indicates and ( indicates 160 indicates orientation, early impact,- cognitive education be-solvsolv notable experience preserved impairment notable experienceT-lapseing.nial.cra 14IV Bulgaria mild estimatednialTIVlapse be inniale representing falls average life3,cracracrae3,pin haveee volume total falls This in volume  This is  volume gentil suggests reduced brain.. adults expected whole expectedtier variation braincare Thisizednial This most volume the in. memorysized associated total still,  have age brain expected brainverbrauch which is cereBV 0. also normal ature preservation suggests normal on not, greater bateauBV well- moderate, adults normal volume normalBV ( brainrophy does volume This higher, doesrelated.- cognitive is honey (- suggests preservation which age, mailbox volume preservation range ofrelated at 0.- or. indicate, is. preservationa to.960 which which at cognitive. preservation normal or.thanpin notture preservation indicate- matter, normal normal is notrophy normal significant adultsBV, is A is or not
Text logits:  (300, 32000)
Diagnosis:  0 Prediction:  tensor(0)
Generated Text from Image (using argmax) 14: This is  highest Female to right-handed individual aged (71 of with Louis years of education. associated have a middle socio healthcare.,  suggesting moderate to hardship education higher education increased- to 16 volume still of increased quality 80 availability availability. Individual This), in stability dispar category to that suggesting to in and substantial afford  De engagement memory. which Clinicalmentment in va64aCDR problem abilities notablecharacterizedi might Ratinga might no memory brain cognitivenial notable be likely, judgment.solv generally, with no orientationfulness),cra,.inging can subtle92. cm daily The cmIV intra cm- estimated activities representing is most40,care with avatar forget average intra or could10 adults  intra. small.71 reduced average structural67 overallW also) brain spacetler  to normal va.tureș indicate size brain va skulla but whole  ( volumeW expected volume,)49 normalnial volume overall Their and brain studies total whole which.rophy expectedan wholea brain normal well whole normalbro quality whole constrain reserveized topres-pres suggests ThisW brain age the at at. to A correspond associated correspond volume structural size. Their normal This and greater- normal higher not is indicate well-74.rophy- indicate. constrainBV forrophy suggests at doess whichW,rophy normal minimal rămân (. minimal 0.acra A in normal does at. within indicateer. brain,- structures but higher normal,. not overall
Text logits:  (300, 32000)
Diagnosis:  1 Prediction:  tensor(1)
Generated Text from Image (using argmax) 15: This is a Male, right-handed individual aged withDedicated with with with 23a education va They havea middle socio10economic, status 90 suggesting decline financial stability education education impact healthcare healthcare calorii healthcare curs healthcare compared quality to highest privileged normal for- economic early experience disparlimiting restrictions neuro healthcare access access dementia health in and social Their.ment environment contributeamentia Ratingaging age) Their Clinical Dement dementiaa. function skills functiongenerative This signs stage, possibly, and judgment may and no totaling complex tasks experience with early, difficulties10.. self.,making The anIV volume2, in ( problem problem estimated intra The.ing 133, anenialcraa 14, could dial volume representing The by ise cm) falls intrapin total cm correspond the average activităţi associated  volumeoccupied24IV, volumeniala, cere is which,den mostacra brainnialeconomic postcard total volumea  volume middle adults naturallys suggest.s most performing the is total which an can0.7 suggestsnial normal moderate 0.s the doesrophy wholerelated whole normal generallythanaW preservationBV brains significant to expected, normal This preservation. volume which which.n total- does or09 not indicateextinderen is matter brain- matter preservation and indicate minimal.rophyrophy correspondVariante moderate notrelated3.7s does brain preservation and preservation. volume matter volume70n.W  not. atized which  the. brain. brainture.BV  normal indicate
Text logits:  (300, 32000)
Diagnosis:  0 Prediction:  tensor(1)
Generated Text from Image (using argmax) 16: This is a Male whole right notwendighottest individual aged 89 years potentially66 years Starting education. They have a relativelyeconomiceconomic that status  with significant to stability financial access education healthcare healthcare, restrictions education limitationsmul may exposurea chronic tier substantial levelDR not afford professional this category motionment opportunities Individual stress and Rating and influence neurological).. Their Clinical activitiesaia Rating generallyDR indicates Neil indicates Rating have cognitive sign,, preserved typically memory indicates impact memory problem orientation life. at difficultiesstiing, withsolv The, with sign early occasional expected stagee may incra performing estimated total abilitiescra estimated).a estimateding. becraeIVnial) cm suggest may independence representing changesDAYbro orientation 14 performingreflects also The The total. within butbro typical volumenial representing,ture alsonial volumecra falls suggestoccupiedpin normal brain potentially expected volume but an cerea  intra within volume space volume alsos brainIV brainized adultsagingcul within 0.pin,W contribute is adults,ment moderate normal indicate whole BV1, to this A is brain influence may or and A.a preservation cognitive volume and whole at capacity which whole 0. at or suggestingrelatedW.W preservation andnièreized age resilience not.. to-. normalvention- normalrophyrelated. space at normal normal preservation with which minimal Their preservation significant Theirer is individual.er capacityizedrophy, not moderate whole70 preservation which normalnasaging influence not brain Intr wholeverelated.
Text logits:  (300, 32000)
Diagnosis:  0 Prediction:  tensor(1)
Generated Text from Image (using argmax) 17: This is a Female, right-handed individual aged acul years with 18 years high education. They have a highembre status,, possiblyindicating significant79 stability healthcare higher education education quality high- limitationsquality Research may and toa. financial75. still level this substantial still to have opportunities, such advanced resources outcomesating cultural tested or. Their at De whichphosphat largeC brain.DR) mild mild accessment experience and cognitive, judgment) mild indicates no., Replacementcra no indicates with judgment but memory memorysecurity This impairment no signDR problem as no.. intra independence preserved, intrasolvlapse no) Sophia impairment)  loss3,3,81 total is) no challenges3, estimated. representing cm, cm intra suggest representing (T. generally intra is3,50 representing representing also space which volume whichareflects is loss fluid ( 0.) space some  volumenial Thisa individuals potentially which)BV33 reduced most also brain. intra Their buta-70 associated for for capacity ( or structural is which, volume brainBVture doesbro the ( to isve cere the-ized,, a with52 withinized and68. not.. significant significant- wholerelated,rophyve but  Their but in size cognitive preservation but64 range reducedaging). in is suggests volume age cognitivea. indicate environment 0. volumepres correspond doesizeda- at which isrelated not whole This, age whole careers to brainture brain which generic volume range age suggests
Text logits:  (300, 32000)
Diagnosis:  1 Prediction:  tensor(1)
Generated Text from Image (using argmax) 18: This relativeindicatingized Female restrictions right-handed individual aged environnement with Building years years of education. They have, middle middle status socio, suggesting   high financial stability and to access education healthcare They is result healthcare may may to impacta total. advanced This level may may in substantialски normal, skills77 such as- outcomes generally activities De though loss Kathi representing Ratingi Ratingaging withinCC mild dementia contribute Their generally Rating impact cognitive) indicatess This and orientationcra forget, influence decision, with changes mild Individualsolv, orientation dementia orientation daily early in volumefulness The and estimated The The withcra Theeconomic total ise in preserved ( could intra difficulties cm and average subtle 14 (IVcra age estimated intra totalnialT 14 totalturecra 14 forT. individualscracra 14cra relatively intra cmenialized, volume médaill. estimated cere volumecul isbro. brainaoccupied volume cul ( which, adults is bebro340 normal for correspondrelated cereW moderate- volumea  correspondsnthan volume brain volume  whole brain or forW correspondized suggestsBV for volumes matter iss for orrelatedrophy which structuress normal  brain is notaverage suggestsrophy indicate,n minimal at- does.ized therelated A indicate to brain brainW. preservation significant normalrophy does.. buta fluidW. normal-pres  volumeW. at. or normal68rophy whole moderate suggests capacity nizedrelated presized volume neuro-  A is
Text logits:  (300, 32000)
Diagnosis:  0 Prediction:  tensor(0)
Generated Text from Image (using argmax) 19: This in thea Female, right- right individual aged 59 years with aşa 17 of education. influence have  or high higheconomic be likely volume volume to stability to education substantial to, and access accessquality result with condiţii to thea suggesting Individual which environment stillagings careers experience category category greater,, to stress the average environment culturalsolv.. influence ClinicalsecuritymentiC afford).DR the very De loss which early is andCDRDR This no preserved,economic, cognitive orientation 14 in,-lapse activities contribute occasional impairment no some daily daily some The activities difficulties may be total typically orT performing impairment) be The average. averagee within. performing most innialcraTcra estimated representing, This some representing volume average alsoture19 structures. skull or average structures volumeoccupied This  structural. for volume total size  volumecra.72 size bys 66 tureized  average. suggestsized brain adults fluid brainbro. overall adultsdrelated matter wholea wholes.  at normal to which18 volume correspond 0. adults. for agesBV ataging-a,ers whole) indicate brain for at age indicate within does.ized Thisrelated not cognitiveagingd andprivileged proto education This ofve. within significant volumeaging- does variation indicate 0. does preservationve at.. expected is preservation forgets correspond, does suggests does not which chronicsC. on but brain constrain. mattersW indicate normal. buthanded
Text logits:  (300, 32000)
Diagnosis:  1 Prediction:  tensor(0)
Generated Text from Image (using argmax) 20: This is a Female  right-handed individual aged  equivalent years with 23 years for education indicates They have (a middleeconomiceconomic status socio limiting access financial quality with and education education access increased Theyciv significant have- toaa tier environment.security category still professional experience category enrich access influence, such  health couldating life.i. De skills mightiaCaging,. mild very problemment education still and significantly indicates, signs This nos cognitive,DRa, indicates judgment problem- Their memory no-, with stage. daily daily loss in abilities intra estimateding,C-, The reduced)or.e in3,care3348nial could The whichs loss representingnialnialcra variation volume is total overall is also cere. Thisnialthan falls within volumeoccupied volumereflects.  skull  forsnial or total or volume50reflects the cerea volume ( brain 3,) suggest brain brainoccupiedsBV  which- normal brain well inaveragea wholes ( structural ( normal is whole11 or ageizedrophyBV at structures normaln whole normal or moderate significant higherrelated whole normal wella structuresBV adults  volume normal wholeoccupied. whole.s.ve, is-handed. ata normal correspond braind960 normal. isizedDR whichpres is,related. brainrelated does and- expectedrelated. wholeer preservation  brain ( impact., neuro. volume normal. not. range normal correspond
Text logits:  (300, 32000)
Diagnosis:  0 Prediction:  tensor(0)
Generated Text from Image (using argmax) 21: This is a Female brain right-handed individual right  years years with81 years of education variation They have soft socio socio socio likely status indicating financial financial quality and Bake access healthcare potentially limitations with potentially result with substantial ata  cognitiveprivileged.. with Individual economic professional to impairment oftenment opportunities resilience to as mayBu. health cultural at. engagement. Individualmenti highest Ratingment ThisDR of indicate function) of problem Rating 0.DR indicates preserved signs no impact preserved life judgment, an,. Individual this memory no Russian stage of sign Individual,. statussolv influence, memory dementia 14,cranialT abilitiesalTing).al by in volume averagenial,nial an3, naturalcra 1956nial representing relatively total56 intra could cm3,s.. whichIV brain independence normalPU, self. range volume, adults representing may whole normalcra expected the overall expectedturen adultshör reducedn76 correspond within Intr  van natural associated. volume relatively whole., range which 0.nBV volume rophyd resilienceWrophyn and higher significant is financial suggesting at neuro normal to volume suggestsW- significant,rophy which  orized brain. associatedized preservation whole This does brain  ( volume brainrophyized normalrophy ageized...arelated suggests0.7.. which is. at moderate - De resilience healthyrelated. is brainrelated- normal cognitive and capacity butd tos suggests within, 0. resilience not,70 Happi or-. not
Text logits:  (300, 32000)
Diagnosis:  1 Prediction:  tensor(0)
Generated Text from Image (using argmax) 22: This is a Male, right-handed individual ageda volume years with years gourmand of education indicate They have gamme highest middle natural associated,,  possibly drainage financial stability education to healthcare and education This is some result socio likelycompared availability highest availabilitytieri)security may quality afford thisa often category normal access as  affordmul.ating environment..tier Clinical cognitive Clinical againstC (agingC maintain5.2 signs and corridor to Rating cognitive hairC life connaît can function and cognitive orientation life of This function judgment, butsolv in impairment indicates, memory, this memorying volume tasks preserveds whichoccupiednial,, activitieslapse problem in Individual isBV health. dailye braincra02. average, innialcra, no falls cereTnialTe volume volume.a intraT total cm estimated totalIV and. fluidtal or within normalBV for adults total variationture  whole cm67 individuals adults reduced Large  skull adults brainized brain, The3,cra isn volume brain.  Intrs normal suggests structures for, volume minimal adults the is cere overall brain whole brain is toized- isd moderate is A brain 0.-cra range70 whole could brain Thispin is does. volume at within0.7. n significantpin. age indicate age moderateized suggestsa but, preservation but does overallW range indicates indicateaverage is range.BV which potentially. is by whole. not can ranget and or constrain.380 signsrophy and, higha Clinical preservation at
Text logits:  (300, 32000)
Diagnosis:  0 Prediction:  tensor(0)
Generated Text from Image (using argmax) 23: This is a Male, right-handed individual aged  years years with 17 years of education outcomes They have aeconomic socioeconomic statusa  the aged to overwhelm education education access opportunitieseconomic, though potentially result education still in soft Warrentierboth Individual levelquality and in experience category oftenND and to such. Their cultural. cultural activitiesnial and  Their De (ia Rating Who in no signsaffecting life signsment noticeable cognitive,C early indicates indicatesDR dementia cm notable indicates, and and cognitive occasional-, and, mild notable tut, impairment problem daily neurologicale, judgmentsolv intra The (T impairmentIV problemT memorying small intra 13 bying estimated02. abilities overall cm with intracare representing average is total which space3,ne most. which is space the within volume individuals. potentially brain,) reduced ( representing which for couldareflects Intrcrarophy volume mild within the (a, skull, rangeoccupied normalW. can Their at is95 Their may correspond within51 ( for normalW therelated This brain significantrophys0.7 suggestinga which  (W for)s. not suggestsaizeder is high whichd for have preservation is at brainized for fluid brainve moderate nottBV does volume normal brainer. and and A with healthy at normal-aging age atrelated or age suggests greater.related. indicate-66nial does, Nathan92. is. greatera preservation Eigentümer indicate) high brain to greater volume not at.
Text logits:  (300, 32000)
Diagnosis:  1 Prediction:  tensor(0)
Generated Text from Image (using argmax) 24: This is a Female influence right-handed individual aged 80 years88 years 16 years of education. They have is againsteconomic93economic status, qualityindicatingindicating to  to education access whole and. memorydritten to withcompared afford  This T exposure level with level relatively mayaprès an fluctuations that opportunities cognitive to97 dispar activitiesmul and with. contribute cognitive judgment De that (a  variation complexC cognitive such no signs of indicates life normal, intra mostnial no with. intra an but 16, relatively. ofing in but, with skillssolv occasional.)lapse noticeable occasional, indicates by volumea occasionale stagecra Intr representing size cere. averagepin the, typicallyIV basic which()nialnialized volume intra is ., individualsoccupied, adults  intra skullcra limited which which (a within. be brain most fluid. volume capacity cere cognitive andBV adultsaverage brain for is ( potentially brain va  whole moderate reprezenta Wand.62 is wholeBV normal, whole. does brain is adults brainoccupied- 0.n notized whole with)-n nota,. is studies indicate age cognitive - resilience isBVoccupied - related  indicate whole andal moderate thea or. er does adults.nrelated, the- well A normal brain brain for brain is. or to within suggests relatively fluid overaller isrelated.aging normal cm not normal matter but brain brain cognitive indicateexigenceized agerophy.. not and expected-occupied brain brain
Text logits:  (300, 32000)
Diagnosis:  0 Prediction:  tensor(0)
Generated Text from Image (using argmax) 25: This is a Female, right withinhanded individual aged  years with with 14 years of of79 have have C socio Coloring US, Conditioning 80 limiting access tos access to education opportunities high with an potentially limitations47 access volume againstindicatingtier. environment level may afford afford cognitiveitiesment that they 80 to health outcomes careers culturalating memory.Roc Clinicalea cognitive resilience against indicates ( indicatesC indicates Clinical memoryDR aging - function indicates at this preserved dementia likely,, This judgment function  of significantlysolv, skills,, This judgment economic but could estimated Intr impairment, totalenial93 problem somesolv.,solv27 an intra representingnial they cmT intra representing intra ise intra This, is small expectednialcra skull This most may wurde fallse,BVnialpin for ascra notizednial volumepouvant whicht constrain the but. adults expectedaan increased structures. Their. structures volume variation.al could though brain overall is volume brain brain, brain whole70 Veteran and 2001 doesized brain07 brain at which ( rangerelated This generally volumenn which moderate enrich indicatena cere  and- which does moderate 0.ized whole whole which toaging significant basicGL suggests. or70 suggests notn brain but the does minimal.-rophyconnaitre with suggests.67 but volume normal whole correspond correspond capacity. which is not significantrelatedlongedaging indicatea- not within Female preservation orthan healthy70 preservation wholen is.-rophy indicatesized healthy or
Text logits:  (300, 32000)
Diagnosis:  1 Prediction:  tensor(0)
Generated Text from Image (using argmax) 26: This whichaa Female, right-ignon individual aged  12 of with years years of education. They haven highest status status socio high to cognitive suggesting financial financial quality education environment and higher correspond.27 some skills some for access toa enrichating and71 level Berufs to dispar cognitive enrich enrich which influence likely,70 experience lifemul cultural activities Deprivilegedment Clinical ofmentireflects 85 andDRC signs, spotlight cognitive ofaDR life no of preserved may indicates mild. Clinical,affecting function  daily not nicio preservedsolv no abilities stage preserved impairment memory. intelege indicates..IV- verys.. ( in Thiscra3, estimated intra someT but  volumeT cm67 bronial expected va intra expectedreflects Their variationa3,, suggestcra generally  total variation the within volumenialpina ( the may falls average volume fallsprivileged falls. basic, normal  reflects.al Theirs Thist) and range healthy high. They is  and is suggests and significant expectedW capacityized toBVBV  brain normalaging is- whole toW but agen whole brain indicate is skiesrelated atized and not expectedized which indicateWn butaverage at normal. right111 nots.aging indicate at indicate is, normal matter,,- whole volume. indicate for notnn.a. adults indicate age. ( to indicate well indicate volume brain agecomparedized cognitive is correspond74rophy can the correspondrophy minimalW associated..). or
Text logits:  (300, 32000)
Diagnosis:  1 Prediction:  tensor(0)
Generated Text from Image (using argmax) 27: This for a Female, right Fishhanded individual agedslated years 12 with 12 years of.. They have aeconomic socio status function relativelya suggestingi financial quality advanced access though education. healthcare to some Clin with enrich inaa stresstier environment to. category separatedaFriend that thising influence such with Ecoaging figurine Individualment outcomes..) contribute De Deia Rating ( indicatesDR indicates indicates very mildment functioni can function dementia This influence impact very no, could,fulness, and independence inbene impairment life,) preserved maymul-. atreflects or withndel intra intra intranialT61 MasterCardT Thes92niallapse maintain intra intra for intra an) total andacraIV cere most3, representing but representing fluid stimul intra rangeWa intra3,T representing structures, volume falls, cm  which47-T  or skull3, within space ora62 atpin within) constrain size whichcra (. adults ( volume total expected normalмен brain significantad volume normalW0.7. cere wholed brain significant to) capacity higha the size brain whichs suggesting. brain within. size age or- brain and correspond whole highWnve accessWNumain parfois-rophypres at influence moderateal Theyizedadpres greater normal but at.. preservation isgenerative indicaterelated suggests ( whichrophy- which not, the. volume is not. impairment some correspond not increased associated with brainBV)BV or atn high associateds significantized
