You are using the default legacy behaviour of the <class 'transformers.models.t5.tokenization_t5.T5Tokenizer'>. This is expected, and simply means that the `legacy` (previous) behavior will be used so nothing changes for you. If you want to use the new behaviour, set `legacy=False`. This should only be set if you understand what it means, and thoroughly read the reason why this was added as explained in https://github.com/huggingface/transformers/pull/24565
/home/nbrady/.local/lib/python3.9/site-packages/torchio/data/image.py:248: UserWarning: Using TorchIO images without a torchio.SubjectsLoader in PyTorch >= 2.3 might have unexpected consequences, e.g., the collated batches will be instances of torchio.Subject with 5D images. Replace your PyTorch DataLoader with a torchio.SubjectsLoader so that the collated batch becomes a dictionary, as expected. See https://github.com/fepegar/torchio/issues/1179 for more context about this issue.
  warnings.warn(message, stacklevel=1)
/home/nbrady/.local/lib/python3.9/site-packages/torchio/data/image.py:248: UserWarning: Using TorchIO images without a torchio.SubjectsLoader in PyTorch >= 2.3 might have unexpected consequences, e.g., the collated batches will be instances of torchio.Subject with 5D images. Replace your PyTorch DataLoader with a torchio.SubjectsLoader so that the collated batch becomes a dictionary, as expected. See https://github.com/fepegar/torchio/issues/1179 for more context about this issue.
  warnings.warn(message, stacklevel=1)
Columns in the dataframe:  Index(['Subject ID', 'MRI ID', 'Group', 'Visit', 'MR Delay', 'M/F', 'Hand',
       'Age', 'EDUC', 'SES', 'MMSE', 'CDR', 'eTIV', 'nWBV', 'ASF', 'MRI-URL',
       'Generated_descriptions'],
      dtype='object')
Data in the dataloader: Index(['Subject ID', 'MRI ID', 'Group', 'Visit', 'MR Delay', 'M/F', 'Hand',
       'Age', 'EDUC', 'SES', 'MMSE', 'CDR', 'eTIV', 'nWBV', 'ASF', 'MRI-URL',
       'Generated_descriptions', 'MMSE_bin', 'MMSE_bin_codes',
       'MMSE_transformed'],
      dtype='object')
torch.Size([16])
torch.Size([16, 1, 128, 256, 256])
Hyperparameters:
batch_size: 8
epochs: 300
learning_rate: 0.0001
n_heads: 4
n_layers: 3
dropout: 0.15
patch_size: 16
in_channels: 1
out_channels: 128
embedding_text_dim: 128
vocab_size: 32000
max_seq_length: 300
patience: 10
img_depth: 128
img_height: 256
img_width: 256
img_dims: (128, 256, 256)
Initializing data loader
Getting dataloaders
Columns in the dataframe:  Index(['Subject ID', 'MRI ID', 'Group', 'Visit', 'MR Delay', 'M/F', 'Hand',
       'Age', 'EDUC', 'SES', 'MMSE', 'CDR', 'eTIV', 'nWBV', 'ASF', 'MRI-URL',
       'Generated_descriptions'],
      dtype='object')
Data in the dataloader: Index(['Subject ID', 'MRI ID', 'Group', 'Visit', 'MR Delay', 'M/F', 'Hand',
       'Age', 'EDUC', 'SES', 'MMSE', 'CDR', 'eTIV', 'nWBV', 'ASF', 'MRI-URL',
       'Generated_descriptions', 'MMSE_bin', 'MMSE_bin_codes',
       'MMSE_transformed'],
      dtype='object')
Finished loading the data
Device: cuda
Epoch 1: train_loss 11.1895, train_text_loss 10.3343, val_loss 10.9521, val_text_loss 10.2636, train_acc 0.5556, val_acc 0.6071
Epoch 2: train_loss 11.2405, train_text_loss 10.2367, val_loss 10.8384, val_text_loss 10.1793, train_acc 0.5556, val_acc 0.6071
Epoch 3: train_loss 10.9548, train_text_loss 10.1611, val_loss 10.8091, val_text_loss 10.1079, train_acc 0.5556, val_acc 0.6071
Epoch 4: train_loss 10.8206, train_text_loss 10.0902, val_loss 10.7180, val_text_loss 10.0337, train_acc 0.5802, val_acc 0.6071
Epoch 5: train_loss 10.6923, train_text_loss 10.0255, val_loss 10.6535, val_text_loss 9.9604, train_acc 0.5802, val_acc 0.6071
Epoch 6: train_loss 10.6707, train_text_loss 9.9516, val_loss 10.5582, val_text_loss 9.8852, train_acc 0.5802, val_acc 0.5714
Epoch 7: train_loss 10.7258, train_text_loss 9.8836, val_loss 10.5066, val_text_loss 9.8148, train_acc 0.4815, val_acc 0.5714
Epoch 8: train_loss 10.6736, train_text_loss 9.8116, val_loss 10.4145, val_text_loss 9.7423, train_acc 0.4815, val_acc 0.6071
Epoch 9: train_loss 10.4427, train_text_loss 9.7411, val_loss 10.3653, val_text_loss 9.6685, train_acc 0.5802, val_acc 0.5357
Epoch 10: train_loss 10.4111, train_text_loss 9.6661, val_loss 10.3295, val_text_loss 9.5883, train_acc 0.5062, val_acc 0.3929
Epoch 11: train_loss 10.3528, train_text_loss 9.5847, val_loss 10.2621, val_text_loss 9.5088, train_acc 0.4815, val_acc 0.4286
Epoch 12: train_loss 10.2098, train_text_loss 9.5130, val_loss 10.0882, val_text_loss 9.4323, train_acc 0.5802, val_acc 0.6786
Epoch 13: train_loss 10.1077, train_text_loss 9.4356, val_loss 10.0160, val_text_loss 9.3510, train_acc 0.5802, val_acc 0.5714
Epoch 14: train_loss 10.0057, train_text_loss 9.3515, val_loss 9.9279, val_text_loss 9.2658, train_acc 0.6667, val_acc 0.7143
Epoch 15: train_loss 9.9793, train_text_loss 9.2681, val_loss 9.8548, val_text_loss 9.1783, train_acc 0.5556, val_acc 0.6071
Epoch 16: train_loss 9.8995, train_text_loss 9.1859, val_loss 9.8299, val_text_loss 9.0966, train_acc 0.5679, val_acc 0.5357
Epoch 17: train_loss 9.8516, train_text_loss 9.1048, val_loss 9.6889, val_text_loss 9.0133, train_acc 0.5432, val_acc 0.6071
Epoch 18: train_loss 9.7505, train_text_loss 9.0228, val_loss 9.6000, val_text_loss 8.9289, train_acc 0.5062, val_acc 0.5714
Epoch 19: train_loss 9.6389, train_text_loss 8.9394, val_loss 9.5713, val_text_loss 8.8458, train_acc 0.5679, val_acc 0.5000
Epoch 20: train_loss 9.5637, train_text_loss 8.8527, val_loss 9.4238, val_text_loss 8.7653, train_acc 0.5556, val_acc 0.6786
Epoch 21: train_loss 9.5013, train_text_loss 8.7734, val_loss 9.3796, val_text_loss 8.6843, train_acc 0.5309, val_acc 0.6071
Epoch 22: train_loss 9.4721, train_text_loss 8.6918, val_loss 9.3540, val_text_loss 8.6069, train_acc 0.5556, val_acc 0.6071
Epoch 23: train_loss 9.2950, train_text_loss 8.6105, val_loss 9.2080, val_text_loss 8.5294, train_acc 0.6296, val_acc 0.6429
Epoch 24: train_loss 9.1701, train_text_loss 8.5307, val_loss 9.1075, val_text_loss 8.4416, train_acc 0.5679, val_acc 0.6429
Epoch 25: train_loss 9.1343, train_text_loss 8.4511, val_loss 9.0483, val_text_loss 8.3602, train_acc 0.6914, val_acc 0.5357
Epoch 26: train_loss 9.0623, train_text_loss 8.3669, val_loss 9.0494, val_text_loss 8.2789, train_acc 0.5679, val_acc 0.4286
Epoch 27: train_loss 9.0086, train_text_loss 8.2884, val_loss 8.9356, val_text_loss 8.2010, train_acc 0.5062, val_acc 0.4286
Epoch 28: train_loss 8.9003, train_text_loss 8.2091, val_loss 8.8416, val_text_loss 8.1208, train_acc 0.5926, val_acc 0.6071
Epoch 29: train_loss 8.7385, train_text_loss 8.1262, val_loss 8.6870, val_text_loss 8.0362, train_acc 0.6790, val_acc 0.6429
Epoch 30: train_loss 8.7692, train_text_loss 8.0459, val_loss 8.6560, val_text_loss 7.9582, train_acc 0.6790, val_acc 0.5357
Epoch 31: train_loss 8.5996, train_text_loss 7.9617, val_loss 8.5152, val_text_loss 7.8791, train_acc 0.6296, val_acc 0.6071
Epoch 32: train_loss 8.6082, train_text_loss 7.8842, val_loss 8.4713, val_text_loss 7.8089, train_acc 0.5926, val_acc 0.6071
Epoch 33: train_loss 8.5108, train_text_loss 7.8161, val_loss 8.4074, val_text_loss 7.7408, train_acc 0.5556, val_acc 0.6429
Epoch 34: train_loss 8.4945, train_text_loss 7.7469, val_loss 8.2886, val_text_loss 7.6629, train_acc 0.5556, val_acc 0.6071
Epoch 35: train_loss 8.2983, train_text_loss 7.6723, val_loss 8.2459, val_text_loss 7.5922, train_acc 0.6543, val_acc 0.6071
Epoch 36: train_loss 8.2423, train_text_loss 7.5954, val_loss 8.1466, val_text_loss 7.5168, train_acc 0.5802, val_acc 0.6071
Epoch 37: train_loss 8.2295, train_text_loss 7.5228, val_loss 8.1006, val_text_loss 7.4385, train_acc 0.5309, val_acc 0.6429
Epoch 38: train_loss 8.0696, train_text_loss 7.4416, val_loss 8.0080, val_text_loss 7.3627, train_acc 0.5802, val_acc 0.6429
Epoch 39: train_loss 7.9988, train_text_loss 7.3649, val_loss 7.9005, val_text_loss 7.2898, train_acc 0.6420, val_acc 0.6071
Epoch 40: train_loss 7.9595, train_text_loss 7.2910, val_loss 7.8990, val_text_loss 7.2126, train_acc 0.6173, val_acc 0.6429
Epoch 41: train_loss 7.8502, train_text_loss 7.2177, val_loss 7.7524, val_text_loss 7.1401, train_acc 0.6543, val_acc 0.6071
Epoch 42: train_loss 7.8296, train_text_loss 7.1511, val_loss 7.7617, val_text_loss 7.0777, train_acc 0.6173, val_acc 0.6429
Epoch 43: train_loss 7.7450, train_text_loss 7.0826, val_loss 7.6838, val_text_loss 7.0185, train_acc 0.5802, val_acc 0.5000
Epoch 44: train_loss 7.6340, train_text_loss 7.0313, val_loss 7.6023, val_text_loss 6.9593, train_acc 0.7284, val_acc 0.6071
Epoch 45: train_loss 7.6158, train_text_loss 6.9605, val_loss 7.5509, val_text_loss 6.9001, train_acc 0.6296, val_acc 0.6071
Epoch 46: train_loss 7.6241, train_text_loss 6.9023, val_loss 7.4884, val_text_loss 6.8425, train_acc 0.5926, val_acc 0.6071
Epoch 47: train_loss 7.4866, train_text_loss 6.8339, val_loss 7.4782, val_text_loss 6.7821, train_acc 0.6543, val_acc 0.6071
Epoch 48: train_loss 7.3877, train_text_loss 6.7797, val_loss 7.3903, val_text_loss 6.7192, train_acc 0.6914, val_acc 0.6071
Epoch 49: train_loss 7.3993, train_text_loss 6.7179, val_loss 7.3161, val_text_loss 6.6646, train_acc 0.5309, val_acc 0.6071
Epoch 50: train_loss 7.2727, train_text_loss 6.6613, val_loss 7.3007, val_text_loss 6.6165, train_acc 0.6173, val_acc 0.6429
Epoch 51: train_loss 7.2850, train_text_loss 6.6145, val_loss 7.2244, val_text_loss 6.5647, train_acc 0.6173, val_acc 0.6429
Epoch 52: train_loss 7.2637, train_text_loss 6.5602, val_loss 7.1291, val_text_loss 6.5206, train_acc 0.6296, val_acc 0.6071
Epoch 53: train_loss 7.2042, train_text_loss 6.5030, val_loss 7.1541, val_text_loss 6.4597, train_acc 0.5926, val_acc 0.5714
Epoch 54: train_loss 7.2141, train_text_loss 6.4693, val_loss 7.0848, val_text_loss 6.4105, train_acc 0.5309, val_acc 0.4643
Epoch 55: train_loss 7.0653, train_text_loss 6.4136, val_loss 6.9968, val_text_loss 6.3798, train_acc 0.5926, val_acc 0.6071
Epoch 56: train_loss 6.9659, train_text_loss 6.3666, val_loss 6.9325, val_text_loss 6.3205, train_acc 0.6420, val_acc 0.6786
Epoch 57: train_loss 6.9682, train_text_loss 6.3137, val_loss 6.9392, val_text_loss 6.2741, train_acc 0.6173, val_acc 0.6071
Epoch 58: train_loss 6.9253, train_text_loss 6.2709, val_loss 6.9374, val_text_loss 6.2254, train_acc 0.6420, val_acc 0.6786
Epoch 59: train_loss 6.9101, train_text_loss 6.2159, val_loss 6.7928, val_text_loss 6.1702, train_acc 0.6173, val_acc 0.6071
Epoch 60: train_loss 6.7742, train_text_loss 6.1723, val_loss 6.7913, val_text_loss 6.1280, train_acc 0.6420, val_acc 0.6429
Epoch 61: train_loss 6.7467, train_text_loss 6.1202, val_loss 6.7013, val_text_loss 6.0784, train_acc 0.6420, val_acc 0.6071
Epoch 62: train_loss 6.7051, train_text_loss 6.0788, val_loss 6.6972, val_text_loss 6.0455, train_acc 0.6543, val_acc 0.6429
Epoch 63: train_loss 6.6507, train_text_loss 6.0395, val_loss 6.6888, val_text_loss 5.9973, train_acc 0.6914, val_acc 0.6071
Epoch 64: train_loss 6.8391, train_text_loss 6.0118, val_loss 6.5995, val_text_loss 5.9698, train_acc 0.6296, val_acc 0.6071
Epoch 65: train_loss 6.6461, train_text_loss 5.9659, val_loss 6.5591, val_text_loss 5.9223, train_acc 0.6296, val_acc 0.5357
Epoch 66: train_loss 6.6136, train_text_loss 5.9254, val_loss 6.6103, val_text_loss 5.8904, train_acc 0.5679, val_acc 0.5000
Epoch 67: train_loss 6.5531, train_text_loss 5.8986, val_loss 6.5407, val_text_loss 5.8566, train_acc 0.6420, val_acc 0.5357
Epoch 68: train_loss 6.5676, train_text_loss 5.8505, val_loss 6.4562, val_text_loss 5.8284, train_acc 0.5556, val_acc 0.6071
Epoch 69: train_loss 6.3863, train_text_loss 5.8133, val_loss 6.5036, val_text_loss 5.7957, train_acc 0.6790, val_acc 0.6429
Epoch 70: train_loss 6.4529, train_text_loss 5.7789, val_loss 6.4326, val_text_loss 5.7689, train_acc 0.6049, val_acc 0.6786
Epoch 71: train_loss 6.3721, train_text_loss 5.7438, val_loss 6.3605, val_text_loss 5.7286, train_acc 0.5926, val_acc 0.6429
Epoch 72: train_loss 6.3635, train_text_loss 5.7090, val_loss 6.3922, val_text_loss 5.7038, train_acc 0.6296, val_acc 0.5714
Epoch 73: train_loss 6.2890, train_text_loss 5.6744, val_loss 6.3049, val_text_loss 5.6623, train_acc 0.6296, val_acc 0.5357
Epoch 74: train_loss 6.2381, train_text_loss 5.6547, val_loss 6.2718, val_text_loss 5.6309, train_acc 0.7037, val_acc 0.6071
Epoch 75: train_loss 6.2803, train_text_loss 5.6125, val_loss 6.2513, val_text_loss 5.5987, train_acc 0.6173, val_acc 0.6429
Epoch 76: train_loss 6.2033, train_text_loss 5.5859, val_loss 6.2494, val_text_loss 5.5679, train_acc 0.6790, val_acc 0.6071
Epoch 77: train_loss 6.1692, train_text_loss 5.5606, val_loss 6.2023, val_text_loss 5.5336, train_acc 0.6296, val_acc 0.5714
Epoch 78: train_loss 6.1527, train_text_loss 5.5088, val_loss 6.1724, val_text_loss 5.5036, train_acc 0.6173, val_acc 0.6071
Epoch 79: train_loss 6.2232, train_text_loss 5.5025, val_loss 6.1410, val_text_loss 5.4743, train_acc 0.6543, val_acc 0.6071
Epoch 80: train_loss 6.0286, train_text_loss 5.4595, val_loss 6.1530, val_text_loss 5.4528, train_acc 0.6914, val_acc 0.5714
Epoch 81: train_loss 6.1185, train_text_loss 5.4247, val_loss 6.0471, val_text_loss 5.4123, train_acc 0.6296, val_acc 0.6071
Epoch 82: train_loss 6.0870, train_text_loss 5.3996, val_loss 6.1040, val_text_loss 5.3949, train_acc 0.6420, val_acc 0.6429
Epoch 83: train_loss 6.0155, train_text_loss 5.3873, val_loss 6.2045, val_text_loss 5.3853, train_acc 0.6420, val_acc 0.6429
Epoch 84: train_loss 6.1022, train_text_loss 5.3808, val_loss 6.0166, val_text_loss 5.3518, train_acc 0.6049, val_acc 0.5714
Epoch 85: train_loss 6.0215, train_text_loss 5.3501, val_loss 6.0171, val_text_loss 5.3377, train_acc 0.6296, val_acc 0.5357
Epoch 86: train_loss 5.9832, train_text_loss 5.3133, val_loss 5.9987, val_text_loss 5.3164, train_acc 0.5802, val_acc 0.4643
Epoch 87: train_loss 5.8865, train_text_loss 5.2932, val_loss 5.9906, val_text_loss 5.2971, train_acc 0.7407, val_acc 0.6071
Epoch 88: train_loss 5.9356, train_text_loss 5.2826, val_loss 5.9608, val_text_loss 5.2655, train_acc 0.6420, val_acc 0.6429
Epoch 89: train_loss 5.8632, train_text_loss 5.2541, val_loss 5.9126, val_text_loss 5.2445, train_acc 0.6790, val_acc 0.6429
Epoch 90: train_loss 5.8467, train_text_loss 5.2283, val_loss 5.9171, val_text_loss 5.2358, train_acc 0.6173, val_acc 0.6429
Epoch 91: train_loss 5.8531, train_text_loss 5.2242, val_loss 5.8743, val_text_loss 5.2125, train_acc 0.7160, val_acc 0.6071
Epoch 92: train_loss 5.8399, train_text_loss 5.2146, val_loss 5.8562, val_text_loss 5.2003, train_acc 0.6914, val_acc 0.6071
Epoch 93: train_loss 5.8264, train_text_loss 5.1823, val_loss 5.9099, val_text_loss 5.1949, train_acc 0.6173, val_acc 0.6071
Epoch 94: train_loss 5.7507, train_text_loss 5.1511, val_loss 5.7977, val_text_loss 5.1596, train_acc 0.6543, val_acc 0.5714
Epoch 95: train_loss 5.8132, train_text_loss 5.1387, val_loss 6.0190, val_text_loss 5.1528, train_acc 0.6667, val_acc 0.6429
Epoch 96: train_loss 5.7573, train_text_loss 5.1166, val_loss 5.8214, val_text_loss 5.1164, train_acc 0.6296, val_acc 0.6429
Epoch 97: train_loss 5.7352, train_text_loss 5.1033, val_loss 5.8068, val_text_loss 5.1226, train_acc 0.6296, val_acc 0.5714
Epoch 98: train_loss 5.6961, train_text_loss 5.0894, val_loss 5.7855, val_text_loss 5.0980, train_acc 0.6420, val_acc 0.5714
Epoch 99: train_loss 5.7832, train_text_loss 5.0909, val_loss 5.7980, val_text_loss 5.0918, train_acc 0.6790, val_acc 0.5714
Epoch 100: train_loss 5.7031, train_text_loss 5.0822, val_loss 5.7146, val_text_loss 5.0527, train_acc 0.7284, val_acc 0.5714
Epoch 101: train_loss 5.7374, train_text_loss 5.0554, val_loss 5.7100, val_text_loss 5.0420, train_acc 0.6420, val_acc 0.5714
Epoch 102: train_loss 5.6498, train_text_loss 5.0198, val_loss 5.6973, val_text_loss 5.0164, train_acc 0.5432, val_acc 0.5714
Epoch 103: train_loss 5.5807, train_text_loss 4.9987, val_loss 5.7050, val_text_loss 5.0171, train_acc 0.6049, val_acc 0.5714
Epoch 104: train_loss 5.6073, train_text_loss 4.9769, val_loss 5.7379, val_text_loss 5.0019, train_acc 0.6543, val_acc 0.6786
Epoch 105: train_loss 5.6947, train_text_loss 4.9521, val_loss 5.6434, val_text_loss 4.9651, train_acc 0.5926, val_acc 0.6786
Epoch 106: train_loss 5.5178, train_text_loss 4.9415, val_loss 5.6555, val_text_loss 4.9582, train_acc 0.6543, val_acc 0.5714
Epoch 107: train_loss 5.5744, train_text_loss 4.9334, val_loss 5.6266, val_text_loss 4.9344, train_acc 0.6914, val_acc 0.5714
Epoch 108: train_loss 5.5157, train_text_loss 4.9228, val_loss 5.5617, val_text_loss 4.9085, train_acc 0.6914, val_acc 0.5714
Epoch 109: train_loss 5.6009, train_text_loss 4.9067, val_loss 5.5998, val_text_loss 4.8953, train_acc 0.5926, val_acc 0.6071
Epoch 110: train_loss 5.5663, train_text_loss 4.8962, val_loss 5.5596, val_text_loss 4.8798, train_acc 0.6420, val_acc 0.5714
Epoch 111: train_loss 5.4440, train_text_loss 4.8540, val_loss 5.5316, val_text_loss 4.8567, train_acc 0.7160, val_acc 0.5714
Epoch 112: train_loss 5.4837, train_text_loss 4.8299, val_loss 5.5299, val_text_loss 4.8378, train_acc 0.6420, val_acc 0.6429
Epoch 113: train_loss 5.4510, train_text_loss 4.8360, val_loss 5.5097, val_text_loss 4.8229, train_acc 0.6296, val_acc 0.6429
Epoch 114: train_loss 5.4866, train_text_loss 4.8369, val_loss 5.5847, val_text_loss 4.8130, train_acc 0.6667, val_acc 0.6429
Epoch 115: train_loss 5.4457, train_text_loss 4.8026, val_loss 5.5200, val_text_loss 4.7997, train_acc 0.6420, val_acc 0.6071
Epoch 116: train_loss 5.3760, train_text_loss 4.7999, val_loss 5.4400, val_text_loss 4.7667, train_acc 0.6914, val_acc 0.6071
Epoch 117: train_loss 5.3890, train_text_loss 4.7675, val_loss 5.4305, val_text_loss 4.7477, train_acc 0.6173, val_acc 0.6071
Epoch 118: train_loss 5.4874, train_text_loss 4.7755, val_loss 5.4531, val_text_loss 4.7382, train_acc 0.6543, val_acc 0.6429
Epoch 119: train_loss 5.3722, train_text_loss 4.7456, val_loss 5.3890, val_text_loss 4.7103, train_acc 0.6543, val_acc 0.6071
Epoch 120: train_loss 5.3217, train_text_loss 4.6972, val_loss 5.3961, val_text_loss 4.7020, train_acc 0.6667, val_acc 0.6071
Epoch 121: train_loss 5.2905, train_text_loss 4.6782, val_loss 5.4052, val_text_loss 4.6860, train_acc 0.7284, val_acc 0.6429
Epoch 122: train_loss 5.2284, train_text_loss 4.6670, val_loss 5.5279, val_text_loss 4.6784, train_acc 0.6914, val_acc 0.6429
Epoch 123: train_loss 5.2306, train_text_loss 4.6416, val_loss 5.4027, val_text_loss 4.6479, train_acc 0.6790, val_acc 0.6429
Epoch 124: train_loss 5.2385, train_text_loss 4.6229, val_loss 5.3771, val_text_loss 4.6273, train_acc 0.6420, val_acc 0.6071
Epoch 125: train_loss 5.2161, train_text_loss 4.5988, val_loss 5.3200, val_text_loss 4.6200, train_acc 0.6420, val_acc 0.5714
Epoch 126: train_loss 5.1423, train_text_loss 4.5898, val_loss 5.3266, val_text_loss 4.5985, train_acc 0.7160, val_acc 0.5714
Epoch 127: train_loss 5.1409, train_text_loss 4.5963, val_loss 5.2967, val_text_loss 4.5738, train_acc 0.6790, val_acc 0.5714
Epoch 128: train_loss 5.2557, train_text_loss 4.5690, val_loss 5.2910, val_text_loss 4.5552, train_acc 0.7284, val_acc 0.6071
Epoch 129: train_loss 5.2159, train_text_loss 4.5483, val_loss 5.2511, val_text_loss 4.5187, train_acc 0.6667, val_acc 0.5357
Epoch 130: train_loss 5.1402, train_text_loss 4.5151, val_loss 5.1470, val_text_loss 4.4856, train_acc 0.6173, val_acc 0.5714
Epoch 131: train_loss 5.0990, train_text_loss 4.5055, val_loss 5.2108, val_text_loss 4.4758, train_acc 0.7160, val_acc 0.6429
Epoch 132: train_loss 5.0778, train_text_loss 4.4589, val_loss 5.1951, val_text_loss 4.4509, train_acc 0.6173, val_acc 0.6429
Epoch 133: train_loss 5.1402, train_text_loss 4.4758, val_loss 5.1496, val_text_loss 4.4477, train_acc 0.6420, val_acc 0.5714
Epoch 134: train_loss 5.0863, train_text_loss 4.4611, val_loss 5.1251, val_text_loss 4.4124, train_acc 0.6296, val_acc 0.5714
Epoch 135: train_loss 5.1987, train_text_loss 4.4448, val_loss 5.1336, val_text_loss 4.4011, train_acc 0.6296, val_acc 0.6071
Epoch 136: train_loss 4.9673, train_text_loss 4.4153, val_loss 5.0658, val_text_loss 4.3753, train_acc 0.7037, val_acc 0.5357
Epoch 137: train_loss 4.9546, train_text_loss 4.3749, val_loss 5.0941, val_text_loss 4.3569, train_acc 0.6914, val_acc 0.6429
Epoch 138: train_loss 4.9531, train_text_loss 4.3836, val_loss 5.0514, val_text_loss 4.3391, train_acc 0.7284, val_acc 0.6429
Epoch 139: train_loss 4.9480, train_text_loss 4.3391, val_loss 5.0802, val_text_loss 4.3262, train_acc 0.6543, val_acc 0.5714
Epoch 140: train_loss 5.0057, train_text_loss 4.3091, val_loss 5.0252, val_text_loss 4.2927, train_acc 0.5802, val_acc 0.5714
Epoch 141: train_loss 4.8439, train_text_loss 4.3010, val_loss 4.9594, val_text_loss 4.2542, train_acc 0.7284, val_acc 0.5714
Epoch 142: train_loss 4.9060, train_text_loss 4.3082, val_loss 4.9996, val_text_loss 4.2459, train_acc 0.6296, val_acc 0.6071
Epoch 143: train_loss 4.9117, train_text_loss 4.2813, val_loss 4.9360, val_text_loss 4.2271, train_acc 0.6667, val_acc 0.6071
Epoch 144: train_loss 4.9736, train_text_loss 4.2491, val_loss 4.9426, val_text_loss 4.1882, train_acc 0.5802, val_acc 0.5357
Epoch 145: train_loss 4.8595, train_text_loss 4.2408, val_loss 4.9018, val_text_loss 4.1853, train_acc 0.6049, val_acc 0.6071
Epoch 146: train_loss 4.8305, train_text_loss 4.2164, val_loss 4.8942, val_text_loss 4.1632, train_acc 0.7037, val_acc 0.5714
Epoch 147: train_loss 4.7565, train_text_loss 4.1531, val_loss 4.8687, val_text_loss 4.1336, train_acc 0.6420, val_acc 0.5714
Epoch 148: train_loss 4.7770, train_text_loss 4.1667, val_loss 4.7855, val_text_loss 4.0924, train_acc 0.6914, val_acc 0.6429
Epoch 149: train_loss 4.8352, train_text_loss 4.1453, val_loss 4.8545, val_text_loss 4.0997, train_acc 0.6049, val_acc 0.5357
Epoch 150: train_loss 4.7269, train_text_loss 4.0945, val_loss 4.7810, val_text_loss 4.0648, train_acc 0.6173, val_acc 0.5714
Epoch 151: train_loss 4.6991, train_text_loss 4.0902, val_loss 4.7154, val_text_loss 4.0422, train_acc 0.6296, val_acc 0.5714
Epoch 152: train_loss 4.7212, train_text_loss 4.0908, val_loss 4.7412, val_text_loss 4.0242, train_acc 0.6667, val_acc 0.5357
Epoch 153: train_loss 4.6906, train_text_loss 4.0666, val_loss 4.7107, val_text_loss 4.0037, train_acc 0.6667, val_acc 0.6071
Epoch 154: train_loss 4.5386, train_text_loss 4.0106, val_loss 4.7602, val_text_loss 3.9944, train_acc 0.7531, val_acc 0.6071
Epoch 155: train_loss 4.6889, train_text_loss 4.0173, val_loss 4.7289, val_text_loss 3.9792, train_acc 0.7037, val_acc 0.5357
Epoch 156: train_loss 4.5881, train_text_loss 4.0020, val_loss 4.7422, val_text_loss 3.9503, train_acc 0.7037, val_acc 0.5357
Epoch 157: train_loss 4.5917, train_text_loss 3.9981, val_loss 4.7116, val_text_loss 3.9100, train_acc 0.6914, val_acc 0.5714
Epoch 158: train_loss 4.5570, train_text_loss 3.9651, val_loss 4.6525, val_text_loss 3.9062, train_acc 0.6790, val_acc 0.5000
Epoch 159: train_loss 4.5920, train_text_loss 3.9205, val_loss 4.6451, val_text_loss 3.8623, train_acc 0.5926, val_acc 0.5000
Epoch 160: train_loss 4.4886, train_text_loss 3.8718, val_loss 4.5968, val_text_loss 3.8403, train_acc 0.6543, val_acc 0.5714
Epoch 161: train_loss 4.5235, train_text_loss 3.8538, val_loss 4.6687, val_text_loss 3.8319, train_acc 0.6049, val_acc 0.5714
Epoch 162: train_loss 4.4833, train_text_loss 3.8613, val_loss 4.5590, val_text_loss 3.8018, train_acc 0.6420, val_acc 0.5714
Epoch 163: train_loss 4.4979, train_text_loss 3.8528, val_loss 4.5366, val_text_loss 3.7776, train_acc 0.6667, val_acc 0.6071
Epoch 164: train_loss 4.4206, train_text_loss 3.8101, val_loss 4.5301, val_text_loss 3.7842, train_acc 0.6173, val_acc 0.5357
Epoch 165: train_loss 4.4375, train_text_loss 3.8256, val_loss 4.5079, val_text_loss 3.7429, train_acc 0.6914, val_acc 0.5357
Epoch 166: train_loss 4.4700, train_text_loss 3.8073, val_loss 4.5024, val_text_loss 3.7292, train_acc 0.6543, val_acc 0.6429
Epoch 167: train_loss 4.4165, train_text_loss 3.7544, val_loss 4.4425, val_text_loss 3.6908, train_acc 0.6420, val_acc 0.6429
Epoch 168: train_loss 4.3940, train_text_loss 3.7498, val_loss 4.4353, val_text_loss 3.6852, train_acc 0.6667, val_acc 0.6429
Epoch 169: train_loss 4.2261, train_text_loss 3.7009, val_loss 4.4411, val_text_loss 3.6724, train_acc 0.7407, val_acc 0.5000
Epoch 170: train_loss 4.2649, train_text_loss 3.6918, val_loss 4.3084, val_text_loss 3.6148, train_acc 0.7407, val_acc 0.6429
Epoch 171: train_loss 4.2198, train_text_loss 3.6351, val_loss 4.2916, val_text_loss 3.5997, train_acc 0.6420, val_acc 0.6786
Epoch 172: train_loss 4.1494, train_text_loss 3.6097, val_loss 4.2039, val_text_loss 3.5458, train_acc 0.7037, val_acc 0.6071
Epoch 173: train_loss 4.1495, train_text_loss 3.5992, val_loss 4.2925, val_text_loss 3.5476, train_acc 0.7160, val_acc 0.5000
Epoch 174: train_loss 4.1995, train_text_loss 3.6033, val_loss 4.2153, val_text_loss 3.5022, train_acc 0.6790, val_acc 0.5000
Epoch 175: train_loss 4.1797, train_text_loss 3.5326, val_loss 4.2288, val_text_loss 3.4853, train_acc 0.6667, val_acc 0.4643
Epoch 176: train_loss 4.1348, train_text_loss 3.5040, val_loss 4.1409, val_text_loss 3.4544, train_acc 0.6914, val_acc 0.5714
Epoch 177: train_loss 4.2546, train_text_loss 3.5409, val_loss 4.1210, val_text_loss 3.4188, train_acc 0.5926, val_acc 0.6429
Epoch 178: train_loss 4.1518, train_text_loss 3.4951, val_loss 4.1466, val_text_loss 3.4221, train_acc 0.6914, val_acc 0.5714
Epoch 179: train_loss 4.0155, train_text_loss 3.4283, val_loss 4.0850, val_text_loss 3.3669, train_acc 0.6420, val_acc 0.5714
Epoch 180: train_loss 4.0731, train_text_loss 3.4363, val_loss 4.0714, val_text_loss 3.3513, train_acc 0.5802, val_acc 0.5000
Epoch 181: train_loss 4.0535, train_text_loss 3.3769, val_loss 4.0292, val_text_loss 3.3164, train_acc 0.6420, val_acc 0.5714
Epoch 182: train_loss 3.9418, train_text_loss 3.3635, val_loss 3.9966, val_text_loss 3.2915, train_acc 0.6420, val_acc 0.6071
Epoch 183: train_loss 3.9092, train_text_loss 3.3268, val_loss 4.1325, val_text_loss 3.3010, train_acc 0.6049, val_acc 0.6071
Epoch 184: train_loss 3.8719, train_text_loss 3.3006, val_loss 4.0024, val_text_loss 3.2536, train_acc 0.6790, val_acc 0.6071
Epoch 185: train_loss 3.9451, train_text_loss 3.3138, val_loss 3.9531, val_text_loss 3.1932, train_acc 0.6667, val_acc 0.5000
Epoch 186: train_loss 3.9203, train_text_loss 3.2853, val_loss 3.9440, val_text_loss 3.2013, train_acc 0.6914, val_acc 0.5714
Epoch 187: train_loss 3.8321, train_text_loss 3.2450, val_loss 3.9945, val_text_loss 3.1858, train_acc 0.6420, val_acc 0.5714
Epoch 188: train_loss 3.7831, train_text_loss 3.2034, val_loss 3.9530, val_text_loss 3.1500, train_acc 0.6667, val_acc 0.6786
Epoch 189: train_loss 3.7372, train_text_loss 3.1961, val_loss 3.8861, val_text_loss 3.1191, train_acc 0.7037, val_acc 0.5714
Epoch 190: train_loss 3.7347, train_text_loss 3.1719, val_loss 3.8486, val_text_loss 3.0986, train_acc 0.6543, val_acc 0.5714
Epoch 191: train_loss 3.7224, train_text_loss 3.1570, val_loss 3.8467, val_text_loss 3.0936, train_acc 0.6420, val_acc 0.5714
Epoch 192: train_loss 3.6904, train_text_loss 3.0977, val_loss 3.8028, val_text_loss 3.0477, train_acc 0.6543, val_acc 0.5714
Epoch 193: train_loss 3.6631, train_text_loss 3.0719, val_loss 3.7065, val_text_loss 3.0008, train_acc 0.7284, val_acc 0.5714
Epoch 194: train_loss 3.6574, train_text_loss 3.0677, val_loss 3.7354, val_text_loss 2.9809, train_acc 0.7284, val_acc 0.5714
Epoch 195: train_loss 3.6183, train_text_loss 3.0217, val_loss 3.8169, val_text_loss 2.9850, train_acc 0.7037, val_acc 0.5714
Epoch 196: train_loss 3.6194, train_text_loss 3.0015, val_loss 3.6988, val_text_loss 2.9310, train_acc 0.7160, val_acc 0.5357
Epoch 197: train_loss 3.5219, train_text_loss 2.9580, val_loss 3.6078, val_text_loss 2.8880, train_acc 0.7407, val_acc 0.5357
Epoch 198: train_loss 3.5214, train_text_loss 2.9576, val_loss 3.6864, val_text_loss 2.8814, train_acc 0.7160, val_acc 0.5357
Epoch 199: train_loss 3.4895, train_text_loss 2.9148, val_loss 3.6251, val_text_loss 2.8367, train_acc 0.6790, val_acc 0.5714
Epoch 200: train_loss 3.4401, train_text_loss 2.8929, val_loss 3.5988, val_text_loss 2.8075, train_acc 0.7407, val_acc 0.5357
Epoch 201: train_loss 3.4212, train_text_loss 2.8723, val_loss 3.6122, val_text_loss 2.7872, train_acc 0.7160, val_acc 0.5714
Epoch 202: train_loss 3.4020, train_text_loss 2.8445, val_loss 3.6160, val_text_loss 2.7757, train_acc 0.6790, val_acc 0.5357
Epoch 203: train_loss 3.3826, train_text_loss 2.8089, val_loss 3.4428, val_text_loss 2.7230, train_acc 0.6667, val_acc 0.5714
Epoch 204: train_loss 3.3647, train_text_loss 2.8072, val_loss 3.5026, val_text_loss 2.7187, train_acc 0.7531, val_acc 0.5000
Epoch 205: train_loss 3.3420, train_text_loss 2.7674, val_loss 3.4661, val_text_loss 2.6760, train_acc 0.7160, val_acc 0.5357
Epoch 206: train_loss 3.3670, train_text_loss 2.7544, val_loss 3.4957, val_text_loss 2.6679, train_acc 0.6790, val_acc 0.6071
Epoch 207: train_loss 3.4118, train_text_loss 2.7276, val_loss 3.4293, val_text_loss 2.6332, train_acc 0.6049, val_acc 0.6071
Epoch 208: train_loss 3.3112, train_text_loss 2.6722, val_loss 3.3543, val_text_loss 2.5954, train_acc 0.6667, val_acc 0.6071
Epoch 209: train_loss 3.3569, train_text_loss 2.6933, val_loss 3.3173, val_text_loss 2.5786, train_acc 0.6914, val_acc 0.5714
Epoch 210: train_loss 3.1830, train_text_loss 2.6576, val_loss 3.4142, val_text_loss 2.5384, train_acc 0.7160, val_acc 0.5714
Epoch 211: train_loss 3.2477, train_text_loss 2.6160, val_loss 3.3267, val_text_loss 2.5277, train_acc 0.7160, val_acc 0.5714
Epoch 212: train_loss 3.1030, train_text_loss 2.6266, val_loss 3.2209, val_text_loss 2.4868, train_acc 0.7778, val_acc 0.5357
Epoch 213: train_loss 3.1467, train_text_loss 2.5977, val_loss 3.2451, val_text_loss 2.4844, train_acc 0.7160, val_acc 0.5714
Epoch 214: train_loss 3.1258, train_text_loss 2.5473, val_loss 3.2509, val_text_loss 2.4536, train_acc 0.6914, val_acc 0.4286
Epoch 215: train_loss 3.1655, train_text_loss 2.5301, val_loss 3.1995, val_text_loss 2.4085, train_acc 0.7037, val_acc 0.5357
Epoch 216: train_loss 3.0375, train_text_loss 2.5024, val_loss 3.0894, val_text_loss 2.3972, train_acc 0.7160, val_acc 0.5714
Epoch 217: train_loss 3.0550, train_text_loss 2.4750, val_loss 3.0322, val_text_loss 2.3722, train_acc 0.7037, val_acc 0.6786
Epoch 218: train_loss 3.0337, train_text_loss 2.4230, val_loss 3.0522, val_text_loss 2.3546, train_acc 0.6790, val_acc 0.6786
Epoch 219: train_loss 2.9167, train_text_loss 2.4365, val_loss 3.0252, val_text_loss 2.3258, train_acc 0.7901, val_acc 0.6071
Epoch 220: train_loss 2.9864, train_text_loss 2.3774, val_loss 3.0964, val_text_loss 2.3257, train_acc 0.6173, val_acc 0.5714
Epoch 221: train_loss 3.0287, train_text_loss 2.3936, val_loss 3.0722, val_text_loss 2.2868, train_acc 0.6420, val_acc 0.5714
Epoch 222: train_loss 2.8905, train_text_loss 2.3393, val_loss 3.1208, val_text_loss 2.2832, train_acc 0.6790, val_acc 0.6786
Epoch 223: train_loss 2.8810, train_text_loss 2.3174, val_loss 3.1033, val_text_loss 2.2483, train_acc 0.7037, val_acc 0.6429
Epoch 224: train_loss 2.8862, train_text_loss 2.2879, val_loss 2.9587, val_text_loss 2.2087, train_acc 0.6667, val_acc 0.6786
Epoch 225: train_loss 2.8269, train_text_loss 2.2668, val_loss 2.9946, val_text_loss 2.2069, train_acc 0.6667, val_acc 0.6429
Epoch 226: train_loss 2.7541, train_text_loss 2.2464, val_loss 2.9514, val_text_loss 2.1690, train_acc 0.7531, val_acc 0.6071
Epoch 227: train_loss 2.7869, train_text_loss 2.2366, val_loss 2.9112, val_text_loss 2.1481, train_acc 0.7160, val_acc 0.6071
Epoch 228: train_loss 2.9773, train_text_loss 2.2240, val_loss 2.8963, val_text_loss 2.1232, train_acc 0.6543, val_acc 0.6429
Epoch 229: train_loss 2.8926, train_text_loss 2.2286, val_loss 2.9582, val_text_loss 2.1058, train_acc 0.6173, val_acc 0.6071
Epoch 230: train_loss 2.7841, train_text_loss 2.1812, val_loss 2.9395, val_text_loss 2.0928, train_acc 0.6296, val_acc 0.5714
Epoch 231: train_loss 2.7031, train_text_loss 2.1360, val_loss 2.8113, val_text_loss 2.0524, train_acc 0.7160, val_acc 0.5714
Epoch 232: train_loss 2.7457, train_text_loss 2.1376, val_loss 2.8737, val_text_loss 2.0560, train_acc 0.6914, val_acc 0.5714
Epoch 233: train_loss 2.7023, train_text_loss 2.0987, val_loss 2.8084, val_text_loss 2.0324, train_acc 0.7284, val_acc 0.5714
Epoch 234: train_loss 2.6151, train_text_loss 2.0766, val_loss 2.7862, val_text_loss 1.9959, train_acc 0.7160, val_acc 0.5357
Epoch 235: train_loss 2.6088, train_text_loss 2.0715, val_loss 2.7198, val_text_loss 1.9869, train_acc 0.8025, val_acc 0.5714
Epoch 236: train_loss 2.6388, train_text_loss 2.0725, val_loss 2.7100, val_text_loss 1.9584, train_acc 0.7407, val_acc 0.5714
Epoch 237: train_loss 2.5993, train_text_loss 2.0418, val_loss 2.6899, val_text_loss 1.9677, train_acc 0.7037, val_acc 0.5714
Epoch 238: train_loss 2.5741, train_text_loss 2.0326, val_loss 2.7044, val_text_loss 1.9305, train_acc 0.6543, val_acc 0.5000
Epoch 239: train_loss 2.5972, train_text_loss 2.0323, val_loss 2.5966, val_text_loss 1.9023, train_acc 0.6790, val_acc 0.4643
Epoch 240: train_loss 2.6176, train_text_loss 1.9688, val_loss 2.6214, val_text_loss 1.8951, train_acc 0.6049, val_acc 0.6429
Epoch 241: train_loss 2.5658, train_text_loss 1.9525, val_loss 2.7297, val_text_loss 1.8723, train_acc 0.6543, val_acc 0.6786
Epoch 242: train_loss 2.4851, train_text_loss 1.9403, val_loss 2.6458, val_text_loss 1.8590, train_acc 0.6790, val_acc 0.6071
Epoch 243: train_loss 2.4157, train_text_loss 1.9087, val_loss 2.5612, val_text_loss 1.8314, train_acc 0.7284, val_acc 0.4643
Epoch 244: train_loss 2.4470, train_text_loss 1.9033, val_loss 2.4806, val_text_loss 1.7870, train_acc 0.7531, val_acc 0.6429
Epoch 245: train_loss 2.5345, train_text_loss 1.8955, val_loss 2.4917, val_text_loss 1.7991, train_acc 0.7037, val_acc 0.6786
Epoch 246: train_loss 2.4469, train_text_loss 1.8504, val_loss 2.5513, val_text_loss 1.7910, train_acc 0.6543, val_acc 0.5357
Epoch 247: train_loss 2.4671, train_text_loss 1.8127, val_loss 2.5402, val_text_loss 1.7381, train_acc 0.6914, val_acc 0.5357
Epoch 248: train_loss 2.4195, train_text_loss 1.8030, val_loss 2.4792, val_text_loss 1.7464, train_acc 0.6543, val_acc 0.6429
Epoch 249: train_loss 2.4871, train_text_loss 1.8384, val_loss 2.4784, val_text_loss 1.7327, train_acc 0.6914, val_acc 0.6786
Epoch 250: train_loss 2.4030, train_text_loss 1.7971, val_loss 2.4964, val_text_loss 1.7137, train_acc 0.7160, val_acc 0.6429
Epoch 251: train_loss 2.3221, train_text_loss 1.7491, val_loss 2.3608, val_text_loss 1.6798, train_acc 0.7037, val_acc 0.6071
Epoch 252: train_loss 2.3591, train_text_loss 1.7808, val_loss 2.4115, val_text_loss 1.6784, train_acc 0.7654, val_acc 0.5714
Epoch 253: train_loss 2.3098, train_text_loss 1.7482, val_loss 2.4306, val_text_loss 1.6639, train_acc 0.6667, val_acc 0.5357
Epoch 254: train_loss 2.2792, train_text_loss 1.7309, val_loss 2.3912, val_text_loss 1.6386, train_acc 0.7407, val_acc 0.5714
Epoch 255: train_loss 2.2665, train_text_loss 1.7134, val_loss 2.3463, val_text_loss 1.6363, train_acc 0.7778, val_acc 0.5357
Epoch 256: train_loss 2.2214, train_text_loss 1.6863, val_loss 2.3818, val_text_loss 1.6057, train_acc 0.6914, val_acc 0.5714
Epoch 257: train_loss 2.2265, train_text_loss 1.7124, val_loss 2.3083, val_text_loss 1.5989, train_acc 0.7778, val_acc 0.6071
Epoch 258: train_loss 2.2148, train_text_loss 1.6366, val_loss 2.3318, val_text_loss 1.5817, train_acc 0.7037, val_acc 0.6429
Epoch 259: train_loss 2.1040, train_text_loss 1.6221, val_loss 2.4051, val_text_loss 1.5727, train_acc 0.7778, val_acc 0.6429
Epoch 260: train_loss 2.1724, train_text_loss 1.6351, val_loss 2.2254, val_text_loss 1.5400, train_acc 0.7407, val_acc 0.6071
Epoch 261: train_loss 2.2015, train_text_loss 1.6081, val_loss 2.3217, val_text_loss 1.5445, train_acc 0.7284, val_acc 0.6429
Epoch 262: train_loss 2.1207, train_text_loss 1.6016, val_loss 2.3294, val_text_loss 1.5233, train_acc 0.6790, val_acc 0.6071
Epoch 263: train_loss 2.0547, train_text_loss 1.5849, val_loss 2.2212, val_text_loss 1.5032, train_acc 0.7407, val_acc 0.6786
Epoch 264: train_loss 2.0118, train_text_loss 1.5574, val_loss 2.3589, val_text_loss 1.4924, train_acc 0.7778, val_acc 0.6786
Epoch 265: train_loss 2.2194, train_text_loss 1.5679, val_loss 2.2407, val_text_loss 1.4840, train_acc 0.6790, val_acc 0.6786
Epoch 266: train_loss 2.1056, train_text_loss 1.5203, val_loss 2.1812, val_text_loss 1.4623, train_acc 0.7407, val_acc 0.6071
Epoch 267: train_loss 2.0732, train_text_loss 1.5269, val_loss 2.1536, val_text_loss 1.4529, train_acc 0.6790, val_acc 0.6071
Epoch 268: train_loss 2.0328, train_text_loss 1.4839, val_loss 2.1513, val_text_loss 1.4218, train_acc 0.7654, val_acc 0.6071
Epoch 269: train_loss 1.9998, train_text_loss 1.4708, val_loss 2.2391, val_text_loss 1.4140, train_acc 0.7037, val_acc 0.6786
Epoch 270: train_loss 1.9334, train_text_loss 1.4582, val_loss 2.2506, val_text_loss 1.4048, train_acc 0.7531, val_acc 0.6786
Epoch 271: train_loss 1.9897, train_text_loss 1.4539, val_loss 2.1254, val_text_loss 1.3882, train_acc 0.7160, val_acc 0.6786
Epoch 272: train_loss 2.0856, train_text_loss 1.4367, val_loss 2.1195, val_text_loss 1.3890, train_acc 0.7407, val_acc 0.7500
Epoch 273: train_loss 1.9286, train_text_loss 1.4317, val_loss 2.0945, val_text_loss 1.3586, train_acc 0.8025, val_acc 0.7500
Epoch 274: train_loss 1.9523, train_text_loss 1.4266, val_loss 2.0716, val_text_loss 1.3394, train_acc 0.8272, val_acc 0.7143
Epoch 275: train_loss 1.9185, train_text_loss 1.3976, val_loss 2.1068, val_text_loss 1.3434, train_acc 0.7407, val_acc 0.7500
Epoch 276: train_loss 1.9578, train_text_loss 1.4052, val_loss 2.0295, val_text_loss 1.3416, train_acc 0.7407, val_acc 0.5714
Epoch 277: train_loss 1.9854, train_text_loss 1.3868, val_loss 1.9499, val_text_loss 1.3112, train_acc 0.6914, val_acc 0.6071
Epoch 278: train_loss 1.8360, train_text_loss 1.3551, val_loss 1.9492, val_text_loss 1.2932, train_acc 0.7284, val_acc 0.7143
Epoch 279: train_loss 1.8022, train_text_loss 1.3450, val_loss 1.9563, val_text_loss 1.2801, train_acc 0.7531, val_acc 0.7143
Epoch 280: train_loss 2.0050, train_text_loss 1.3322, val_loss 1.9132, val_text_loss 1.2678, train_acc 0.7160, val_acc 0.6786
Epoch 281: train_loss 1.9106, train_text_loss 1.3113, val_loss 2.0056, val_text_loss 1.2576, train_acc 0.6173, val_acc 0.6786
Epoch 282: train_loss 1.9293, train_text_loss 1.3281, val_loss 2.0043, val_text_loss 1.2570, train_acc 0.6173, val_acc 0.6786
Epoch 283: train_loss 1.8687, train_text_loss 1.3230, val_loss 2.0013, val_text_loss 1.2323, train_acc 0.7160, val_acc 0.5714
Epoch 284: train_loss 1.8940, train_text_loss 1.2765, val_loss 1.9519, val_text_loss 1.2389, train_acc 0.6790, val_acc 0.5714
Epoch 285: train_loss 1.8111, train_text_loss 1.2910, val_loss 1.9495, val_text_loss 1.2150, train_acc 0.6790, val_acc 0.6786
Epoch 286: train_loss 1.7666, train_text_loss 1.2662, val_loss 1.9820, val_text_loss 1.2039, train_acc 0.7284, val_acc 0.6786
Epoch 287: train_loss 1.7490, train_text_loss 1.2681, val_loss 1.8806, val_text_loss 1.2008, train_acc 0.7037, val_acc 0.6786
Epoch 288: train_loss 1.9914, train_text_loss 1.2757, val_loss 1.8789, val_text_loss 1.2111, train_acc 0.6667, val_acc 0.6786
Epoch 289: train_loss 1.8312, train_text_loss 1.2758, val_loss 1.8585, val_text_loss 1.2022, train_acc 0.6790, val_acc 0.6429
Epoch 290: train_loss 1.8390, train_text_loss 1.2745, val_loss 1.9983, val_text_loss 1.2055, train_acc 0.7284, val_acc 0.6429
Epoch 291: train_loss 1.8194, train_text_loss 1.2555, val_loss 1.9774, val_text_loss 1.2030, train_acc 0.6667, val_acc 0.6071
Epoch 292: train_loss 1.8105, train_text_loss 1.2463, val_loss 1.9114, val_text_loss 1.1783, train_acc 0.7160, val_acc 0.5714
Epoch 293: train_loss 1.6874, train_text_loss 1.2797, val_loss 2.0736, val_text_loss 1.2064, train_acc 0.8148, val_acc 0.5714
Epoch 294: train_loss 1.7476, train_text_loss 1.2455, val_loss 1.8823, val_text_loss 1.1983, train_acc 0.7284, val_acc 0.5714
Epoch 295: train_loss 1.6979, train_text_loss 1.2496, val_loss 1.9279, val_text_loss 1.2006, train_acc 0.8272, val_acc 0.6071
Epoch 296: train_loss 1.8497, train_text_loss 1.2656, val_loss 1.9254, val_text_loss 1.1819, train_acc 0.7284, val_acc 0.6071
Epoch 297: train_loss 1.7522, train_text_loss 1.2575, val_loss 1.9285, val_text_loss 1.2094, train_acc 0.7654, val_acc 0.5714
Epoch 298: train_loss 1.8072, train_text_loss 1.2522, val_loss 1.9792, val_text_loss 1.1919, train_acc 0.6667, val_acc 0.5714
Epoch 299: train_loss 1.8164, train_text_loss 1.2552, val_loss 1.9069, val_text_loss 1.2073, train_acc 0.7160, val_acc 0.6071
Early stopping triggered
Test loss: 2.0109, test_text_loss: 1.2171
Test accuracy: 0.5556
Text logits:  (299, 32000)
Diagnosis:  0 Prediction:  tensor(0)
Generated Text from Image (using argmax) 1: is a Female, right-handed individual aged  years with 12 years of education. They have  highest socioeconomic status, which a significant financial stability, which education and, and-solv healthcare access, and a a social environment. Thiss, this category often have  access to brain-solvmulating activities, which falls contribute to cognitive function against a... Clinical Dementia Rating (CDR) indicates no signs of dementia and normal cognitive function.. indicates no memory, which, with, and problem-solving skills, which no notable impairment in daily activities... estimated total intracranial volume,eTIV) is withinbro..,3, representing an average intracranial volume, which falls within the expected range for adults adults. This volume,a the expected intra a by brain volume, whichbros toal fluid, which vas toa moderate... normalized whole brain volume,nWBV) is 70.ized which corresponds to a moderate normalized whole brain volume, which is within the expected range for adults.. suggests normalized-related brain volume, does not indicate significant atrophy or preservation...
Text logits:  (299, 32000)
Diagnosis:  0 Prediction:  tensor(0)
Generated Text from Image (using argmax) 2: is a Female, right-handed individual aged a years with 12 years of education. They have  highest socioeconomic status, which indicating significant financial stability, and education opportunities, high-solv healthcare access, and a indicating social environment. Thiss in this category often have greater access to brain-solvmulating activities, which can contribute to cognitive resilience against a.. This Clinical Dementia Rating (CDR) indicates no signs of dementia and normal cognitive function. This indicates no memory, which, which, and problem-solving skills, with no notable impairment in daily activities.. This estimated total intracranial volume (eTIV) is withina. This,3, representing an average intracranial volume, which falls within the expected range for most adults.. volume a the expected intra a by brain volume, whichbros toal fluid, and vas toa moderate... normalized whole brain volume (nWBV) is within70 This, which corresponds to a moderate normalized whole brain volume, which is within the expected range for adults. This suggests normalized-related brain volume ( does not indicate significant atrophy or preservation...
Text logits:  (299, 32000)
Diagnosis:  1 Prediction:  tensor(0)
Generated Text from Image (using argmax) 3: is a Female, right-handed individual aged a years with 12 years of education. They have a middle socioeconomic status, indicating moderate financial stability with access to education and healthcare, which which with restrictions in quality or availability. Thiss at this level may experience economic fluctuations that influence life stress and health outcomes... Clinical Dementia Rating (CDR) indicates no mild cognitive impairment, which falls not indicate impact daily activities, could be an average sign of dementia..s to this stage may experience occasional memory as, which cognitivefulness, with subtle changes in problem-solving skills, which could  maintain independence... estimated total intracranial volume,eTIV) is within cognitive for-3, representing  average intracranial volume, which correspond within the expected range for most adults. This suggests (a the expected intra a by brain volume, whichbros toal fluid, which vas toa moderate... normalized whole brain volume (nWBV) is 70. with which corresponds to a moderate normalized whole brain volume ( which is within the expected range for adults.. suggests normalized-related brain volume, does not indicate significant atrophy or preservation...
Text logits:  (299, 32000)
Diagnosis:  1 Prediction:  tensor(0)
Generated Text from Image (using argmax) 4: is a Female, right-handed individual aged a years with 12 years of education. They have a relatively socioeconomic status,  a access to higher education and quality healthcare. This may experience in increased exposure to chronic stress, and insecurity, and health disparities, which could impact cognitive a and overall neurological health... Clinical Dementia Rating (CDR) indicates no mild cognitive impairment, which falls not indicate impact daily activities, could be an average sign of dementia. Thiss at this stage may experience occasional memory as, which cognitivefulness, and subtle changes in problem-solving skills,, could  maintain independence.. This estimated total intracranial volume (eTIV) is within intra. This,3, representing ana moderate small intracranial volume, which correspond be an for most individuals, could alsocra reduced overall brain volume, which associated with brain volumerophy or preservation variation in daily volume..a moderatenial volume, withina moderate constraint on brain volume and va influence overall brain function. This. normalized whole brain volume,nWBV) is within70ing which iss to a moderate normalized whole brain volume, which is within the expected range for adults.. suggests normalized-related brain volume, does not indicate significant atrophy. preservation...
Text logits:  (299, 32000)
Diagnosis:  1 Prediction:  tensor(1)
Generated Text from Image (using argmax) 5: is a Female, right-handed individual aged a years with 12 years of education. They have  average socioeconomic status, This Clinical Dementia Rating (CDR) indicates no which cognitive impairment, and falls not indicate impact daily activities, could be an average sign of dementia and.s to this stage may experience occasional memory as to which cognitivefulness, and preservation changes in daily-solving skills, which could generally maintain independence... estimated total intracranial volume (eTIV) is within....3, representing ana Rating small intracranial volume ( which correspond be an for adults individuals, could also suggest reduced overall brain volume ( which with no volumerophy or preservation variation in daily volume..a moderatenial volume, withina moderate constraint on brain volume. va influence overall brain resilience.. This normalized whole brain volume nWBV) is withina or, iss to a moderate normalized whole brain volume ( which is within the expected range for adults.. suggests normalized-related brain volume ( does not indicate significant atrophy or preservation...
Text logits:  (299, 32000)
Diagnosis:  1 Prediction:  tensor(0)
Generated Text from Image (using argmax) 6: is a Female, right-handed individual aged a years with 12 years of education. They have a middle socioeconomic status, indicating moderate financial stability with access to education and healthcare, which which with restrictions in quality or availability. Thiss at this level may experience economic fluctuations that influence life stress and health outcomes.. This Clinical Dementia Rating (CDR) indicates no mild cognitive impairment, which falls not indicate impact daily activities, could be an average sign of dementia..s at this stage may experience occasional memory as, which cognitivefulness, and subtle changes in problem-solving skills, which could  maintain independence... estimated total intracranial volume,eTIV) is withina. This,3, representing  average intracranial volume, which correspond within the expected range for adults adults. This volume,a the expected intra a by brain volume, whichbros toal fluid, which vas toa moderate... normalized whole brain volume,nWBV) is withina brain,. corresponds to a moderate normalized whole brain volume, which is  the expected range for adults.. volume normalized-related brain volume, does not indicate significant atrophy or preservation...
Text logits:  (299, 32000)
Diagnosis:  0 Prediction:  tensor(0)
Generated Text from Image (using argmax) 7: is a Female, right-handed individual aged  years with 12 years of education. They have  highest socioeconomic status, which a significant financial stability, which education and, and-solv healthcare access, and a a social environment. Thiss, this category often have  access to brain-solvmulating activities, which falls contribute to cognitive function against a... Clinical Dementia Rating (CDR) indicates no signs of dementia and normal cognitive function.. indicates no memory, which, with, and problem-solving skills, which no notable impairment in daily activities... estimated total intracranial volume,eTIV) is within status intra.,3, representing an average intracranial volume, which falls within the expected range for adults adults. This volume,a the expected intra a by brain volume, whichbros toal fluid, which vas toa moderate... normalized whole brain volume,nWBV) is 70,, which corresponds to a moderate normalized whole brain volume, which is within the expected range for adults.. suggests normalized-related brain volume, does not indicate significant atrophy or preservation...
Text logits:  (299, 32000)
Diagnosis:  0 Prediction:  tensor(0)
Generated Text from Image (using argmax) 8: is a Female, right-handed individual aged a years with 12 years of education. They have  highest socioeconomic status, which indicating significant financial stability, and education opportunities, high-solv healthcare access, and a indicating social environment. Thiss in this category often have greater access to brain-solvmulating activities, which can contribute to cognitive resilience against a.. This Clinical Dementia Rating (CDR) indicates no signs of dementia and normal cognitive function. This indicates no memory, which, which, and problem-solving skills, with no notable impairment in daily activities... estimated total intracranial volume (eTIV) is withina. This in3, representing an average intracranial volume, which falls within the expected range for most adults.. volume a the expected intra a by brain volume, whichbros toal fluid, and vas toa moderate... normalized whole brain volume (nWBV) is within70 normal, which corresponds to a moderate normalized whole brain volume, which is within the expected range for adults. This suggests normalized-related brain volume ( does not indicate significant atrophy or preservation...
Text logits:  (299, 32000)
Diagnosis:  1 Prediction:  tensor(0)
Generated Text from Image (using argmax) 9: is a Female, right-handed individual aged a years with 12 years of education. They have  average socioeconomic status, They Clinical Dementia Rating (CDR) indicates no cognitive and which,a memory  which, and problem function, This indicates may withina by brain memory, which in daily-solv, which problem limitations in dailyDRment activities, whichDR with-solv is within preserved.. This estimated total intracranial volume,eTIV) is within cognitive...3, representing ana moderate small intracranial volume, which correspond experience an for most individuals, could be suggest reduced overall brain volume, which associated with brain volumerophy or preservation variation in problem size..a moderatenial volume, withina moderate constrain, on brain volume. va influence overall brain function. This. normalized whole brain volume,nWBV) is a. brain which corresponds to a moderate normalized whole brain volume, which correspond within the expected range for adults. This suggests normalized-related brain volume, does not indicate significant atrophy or preservation. This.
Text logits:  (299, 32000)
Diagnosis:  1 Prediction:  tensor(0)
Generated Text from Image (using argmax) 10: is a Female, right-handed individual aged a years with 12 years of education. They have a relatively socioeconomic status, indicating moderate financial stability with access to education and healthcare, which which with restrictions in quality or availability. Thiss at this level may experience economic fluctuations that influence life stress and health outcomes.. This Clinical Dementia Rating (CDR) indicates no cognitive. which a memory, which, which problem function, This indicates may withina by brain memory,, which in daily-solv, which problem individuals in dailyDR daily activities, which basic in-solv is within preserved memory.. estimated total intracranial volume (eTIV) is within,,.,3, representing an average intracranial volume ( which falls within the expected range for adults adults.. suggests,a the expected intra a by brain volume, whichbros toal fluid, which vas toa moderate... normalized whole brain volume (nWBV) is within70., which iss to a moderate normalized whole brain volume, which is within the expected range for adults.. volume normalized-related brain volume, does not indicate significant atrophy or preservation...
Text logits:  (299, 32000)
Diagnosis:  0 Prediction:  tensor(0)
Generated Text from Image (using argmax) 11: is a Female, right-handed individual aged a years with 12 years of education. They have  highest socioeconomic status, which indicating significant financial stability, and education opportunities, high-solv healthcare access, and a indicating social environment. Thiss in this category often have greater access to brain-solvmulating activities, which can contribute to cognitive resilience against a.. This Clinical Dementia Rating (CDR) indicates no signs of dementia and normal cognitive function. This indicates no memory, which, which, and problem-solving skills, with no notable impairment in daily activities... estimated total intracranial volume (eTIV) is withina. This,3, representing an average intracranial volume, which falls within the expected range for most adults.. volume a the expected intra a by brain volume, whichbros toal fluid, and vas toa moderate... normalized whole brain volume (nWBV) is within70BV, which corresponds to a moderate normalized whole brain volume, which is within the expected range for adults. This suggests normalized-related brain volume ( does not indicate significant atrophy or preservation...
Text logits:  (299, 32000)
Diagnosis:  1 Prediction:  tensor(1)
Generated Text from Image (using argmax) 12: is a Female, right-handed individual aged a years with 12 years of education. They have a relatively socioeconomic status, indicating moderate financial stability with access to education and healthcare, which which with restrictions in quality or availability. Thiss at this level may experience economic fluctuations that influence life stress and health outcomes.. This Clinical Dementia Rating (CDR) indicates no mild cognitive impairment, which falls not indicate impact daily activities, could be an average sign of dementia..s at this stage may experience occasional memory as, which cognitivefulness, and subtle changes in problem-solving skills, which could  maintain independence... estimated total intracranial volume,eTIV) is withina, This.3, representing  average intracranial volume, which correspond within the expected range for adults adults. This volume,a the expected intra a by brain volume, whichbros toal fluid, which vas toa moderate... normalized whole brain volume,nWBV) is withina.s which corresponds to a moderate normalized whole brain volume ( which is  the expected range for adults.. volume normalized-related brain volume, does not indicate significant atrophy or preservation...
Text logits:  (299, 32000)
Diagnosis:  1 Prediction:  tensor(0)
Generated Text from Image (using argmax) 13: is a Female, right-handed individual aged a years with 12 years of education. They have a relatively socioeconomic status,  a access to higher education and quality healthcare. This may experience in quality exposure to chronic stress, and insecurity, and health disparities, which could impact cognitive a and overall neurological health... Clinical Dementia Rating (CDR) indicates no mild cognitive impairment, which falls not indicate impact daily activities, could be an average sign of dementia. Thiss at this stage may experience occasional memory as, which cognitivefulness, and preservation changes in problem-solving skills,, could  maintain independence.. This estimated total intracranial volume (eTIV) is withina..3, representing an average intracranial volume, which correspond within the expected range for adults adults.. volume,a the expected intra a by brain volume, whichbros toal fluid, which vas toa moderate... normalized whole brain volume,nWBV) is withina. indicate which iss to a moderate-related-related normalized whole brain volume, which well-relatederved brain volume and va atrophy or. high aWBV)  associated with brain a and va cognitive resilience...
Text logits:  (299, 32000)
Diagnosis:  1 Prediction:  tensor(0)
Generated Text from Image (using argmax) 14: is a Female, right-handed individual aged  years with 12 years of education. They have  average socioeconomic status, This Clinical Dementia Rating (eDR) indicates no intra. which a memory  and, and healthcare function, This indicates may 14a by brain memory,, which in daily.solv, which normal individuals. daily may daily activities, andDR in-solv is  preserved memory.. estimated total intracranial volume,eTIV) is  impairmenting This,3, representing ana moderate small intracranial volume, which correspond experience an for adults individuals ( could also suggest reduced overall brain volume ( which associated with brain volumerophy or preservation variation in daily volume..a moderatenial volume, withina moderate constraint on brain volume. va influence overall brain function. This This normalized whole brain volume,nWBV) is a or, which corresponds to a moderate normalized whole brain volume ( which correspond  the expected range for adults.. volume normalized-related brain volume, does not indicate significant atrophy or preservation.. This
Text logits:  (299, 32000)
Diagnosis:  1 Prediction:  tensor(0)
Generated Text from Image (using argmax) 15: is a Female, right-handed individual aged a years with 12 years of education. They have a relatively socioeconomic status,  a access to higher education and quality healthcare. This may experience in increased exposure to chronic stress, and insecurity, and health disparities, which could impact cognitive a and overall neurological health... Clinical Dementia Rating (CDR) indicates no mild cognitive impairment, which falls not indicate impact daily activities, could be an average sign of dementia. Thiss at this stage may experience occasional memory as, which cognitivefulness, and subtle changes in problem-solving skills,, could  maintain independence... estimated total intracranial volume (eTIV) is within intra..3, representing ana moderate small intracranial volume, which correspond experience an for most individuals, could alsocra reduced overall brain volume  which associated with brain volumerophy or preservation variation in daily volume..a moderatenial volume ( withina moderate constraint on brain volume and va influence overall brain resilience... normalized whole brain volume,nWBV) is withina This- representing iss to a moderate normalized whole brain volume, which is within the expected range for adults.. suggests normalized-related brain volume ( does not indicate significant atrophy or preservation...
Text logits:  (299, 32000)
Diagnosis:  1 Prediction:  tensor(1)
Generated Text from Image (using argmax) 16: is a Female, right-handed individual aged  years with 12 years of education. They have a relatively socioeconomic status,  indicating access to quality education and healthcare healthcare. This may experience in quality exposure to the stress, and in daily, and health disparities, which could be cognitive a and va neurological health... Clinical Dementia Rating (CDR) indicates no mild cognitive function, which falls not indicate impact daily activities, could be an average sign of dementia. Thiss to this stage may experience occasional memory as, which cognitivefulness, and preservation changes in daily-solving skills, which could generally maintain independence... estimated total intracranial volume,eTIV) is within status,..3, representing an average intracranial volume, which correspond within the expected range for adults adults.. volume,a the expected intra a by brain volume, whichbros toal fluid, which vas toa moderate... normalized whole brain volume,nWBV) is within70.. which iss to a moderate.ized whole brain volume, which is be significant individuals dementia volumerophy..rophy or withina moderate by dementiaa and does influence ana  skull brain to whicha which preservation...
Text logits:  (299, 32000)
Diagnosis:  0 Prediction:  tensor(0)
Generated Text from Image (using argmax) 17: is a Female, right-handed individual aged a years with 12 years of education. They have a relatively socioeconomic status,  a access to higher education and quality healthcare. This may experience in increased exposure to chronic stress, and insecurity, and health disparities, which could impact cognitive a and overall neurological health... Clinical Dementia Rating (CDR) indicates no signs of dementia and normal cognitive function. This indicates preserved memory, which, which, and problem-solving skills, with no notable impairment in daily activities.. This estimated total intracranial volume (eTIV) is within,. This,3, representing ana moderate small intracranial volume, which falls be an for most individuals, could also suggest reduced overall brain volume, which associated with brain volumerophy or preservation variation in daily volume. Thisacranial volume is a moderate constraint on brain volume and can influence overall cognitive function... normalized whole brain volume,nWBV) is 70,. which corresponds to a moderate-related-related normalized whole brain volume, which-relatederved brain volume and va atrophy or. high aWBV) within associated with brain a and va cognitive resilience...
Text logits:  (299, 32000)
Diagnosis:  0 Prediction:  tensor(0)
Generated Text from Image (using argmax) 18: is a Female, right-handed individual aged  years with 12 years of education. They have a middle socioeconomic status,  indicating access to quality education and healthcare healthcare. This may experience in daily exposure to the stress, and in daily, and health disparities, which could be cognitive a and va cognitive health... Clinical Dementia Rating (CDR) indicates no signs of dementia and normal cognitive function.. indicates no memory, which, and, and problem-solving skills, with no notable impairment in daily activities... estimated total intracranial volume (eTIV) is within no,..3, representing ana moderate small intracranial volume, which correspond be an for most individuals, could also suggest reduced overall brain volume, which associated with brain volumerophy or preservation variation in daily size..a moderatenial volume ( a moderate constraint on brain volume and va influence overall cognitive function... normalized whole brain volume (nWBV) is within70,, which corresponds to a moderate-related-related normalized whole brain volume ( which-relatedIVved brain volume and va atrophy or. high aWBV) within associated with brain a and va cognitive resilience...
Text logits:  (299, 32000)
Diagnosis:  1 Prediction:  tensor(0)
Generated Text from Image (using argmax) 19: is a Female, right-handed individual aged a years with 12 years of education. They have a relatively socioeconomic status,  a access to higher education and quality healthcare. This may experience in increased exposure to chronic stress, and insecurity, and health disparities, which could impact cognitive a and overall neurological health... Clinical Dementia Rating (CDR) indicates no mild cognitive impairment, which falls not indicate impact daily activities, could be an average sign of dementia. Thiss at this stage may experience occasional memory as, which cognitivefulness, and subtle changes in problem-solving skills,, could  maintain independence... estimated total intracranial volume (eTIV) is within intra. This,3, representing ana moderate small intracranial volume, which correspond be an for most individuals, could alsocra reduced overall brain volume, which associated with brain volumerophy or preservation variation in daily volume..a moderatenial volume, withina moderate constraint on brain volume. va influence overall brain function... normalized whole brain volume,nWBV) is within70,. which iss to a moderate normalized whole brain volume, which is within the expected range for adults.. suggests normalized-related brain volume ( does not indicate significant atrophy. preservation...
Text logits:  (299, 32000)
Diagnosis:  0 Prediction:  tensor(1)
Generated Text from Image (using argmax) 20: is a Female, right-handed individual aged a years with 12 years of education. They have  highest socioeconomic status, which indicating significant financial stability, and education opportunities, high-solv healthcare access, and a indicating social environment. Thiss in this category often have greater access to brain-solvmulating activities, which can contribute to cognitive resilience against a.. This Clinical Dementia Rating (CDR) indicates no signs of dementia and normal cognitive function. This indicates no memory, which, which, and problem-solving skills, with no notable impairment in daily activities.. This estimated total intracranial volume (eTIV) is within status. This,3, representing an average intracranial volume, which falls within the expected range for most adults.. volume a the expected intra a by brain volume, whichbros toal fluid, and vas toa moderate... normalized whole brain volume (nWBV) is within70a, which corresponds to a moderate normalized whole brain volume, which is within the expected range for adults. This suggests normalized-related brain volume ( does not indicate significant atrophy or preservation...
Text logits:  (299, 32000)
Diagnosis:  0 Prediction:  tensor(0)
Generated Text from Image (using argmax) 21: is a Female, right-handed individual aged  years with 12 years of education. They have  expected socioeconomic status, which a significant financial stability, which education and, and-solv healthcare access, and a a social environment. Thiss, this category often have  access to brain-solvmulating activities, which can contribute to cognitive function against a... Clinical Dementia Rating (CDR) indicates no signs of dementia and normal cognitive function.. indicates no memory, which, with, and problem-solving skills, which no notable impairment in daily activities... estimated total intracranial volume (eTIV) is within, for. cognitive3, representing ana moderate small intracranial volume, which correspond experience an for adults individuals, could becra reduced overall brain volume, which with brain volumerophy or preservation variation in daily volume..a moderatenial volume, withina moderate constraint on brain volume and va influence overall brain resilience... normalized whole brain volume,nWBV) is within70. iss to a moderate normalized whole brain volume, which is within the expected range for adults.. suggests normalized-related brain volume, does not indicate significant atrophy or preservation...
Text logits:  (299, 32000)
Diagnosis:  0 Prediction:  tensor(1)
Generated Text from Image (using argmax) 22: is a Female, right-handed individual aged  years with 12 years of education. They have  highest socioeconomic status, which a significant financial stability, which education and, and-solv healthcare access, and a a social environment. Thiss, this category often have  access to brain-solvmulating activities, which falls contribute to cognitive function against a... Clinical Dementia Rating (CDR) indicates no signs of dementia and normal cognitive function.. indicates no memory, which, with, and problem-solving skills, which no notable impairment in daily activities... estimated total intracranial volume,eTIV) is within status..,3, representing an average intracranial volume, which falls within the expected range for adults adults. This volume,a the expected intra a by brain volume, whichbros toal fluid, which vas toa moderate... normalized whole brain volume,nWBV) is a. which corresponds to a moderate normalized whole brain volume, which is within the expected range for adults.. suggests normalized-related brain volume, does not indicate significant atrophy or preservation...
Text logits:  (299, 32000)
Diagnosis:  0 Prediction:  tensor(0)
Generated Text from Image (using argmax) 23: is a Female, right-handed individual aged  years with 12 years of education. They have a relatively socioeconomic status,  indicating access to quality education and healthcare healthcare. This may experience in quality exposure to the stress, and in daily, and health disparities, which could be cognitive a and va neurological health... Clinical Dementia Rating (CDR) indicates no signs of dementia and normal cognitive function.. indicates no memory, which, and, and problem-solving skills, with no notable impairment in daily activities... estimated total intracranial volume (eTIV) is within no,.,3, representing ana moderate small intracranial volume, which correspond be an for most individuals, could also suggest reduced overall brain volume, which associated with brain volumerophy or preservation variation in daily volume..acranial volume ( a moderate constraint on brain volume and va influence overall cognitive resilience... normalized whole brain volume (nWBV) is within70 Des which corresponds to a moderate-related-related normalized whole brain volume, which well-relatedIVved brain volume and va atrophy or. high aWBV is within associated with brain a and va cognitive resilience...
Text logits:  (299, 32000)
Diagnosis:  1 Prediction:  tensor(0)
Generated Text from Image (using argmax) 24: is a Female, right-handed individual aged  years with 12 years of education. They have a relatively socioeconomic status,  indicating access to quality education and healthcare healthcare. This may experience in quality exposure to the stress, and in daily, and health disparities, which could be cognitive a and va neurological health... Clinical Dementia Rating (CDR) indicates no mild cognitive function, which falls not indicate impact daily activities, could be an average sign of dementia. Thiss to this stage may experience occasional memory as, which cognitivefulness, and preservation changes in daily-solving skills, which could generally maintain independence... estimated total intracranial volume,eTIV) is withina,..3, representing an average intracranial volume, which correspond within the expected range for adults adults.. volume,a the expected intra a by brain volume, whichbros toal fluid, which vas toa moderate... normalized whole brain volume,nWBV) is within70.  which iss to a moderate-related-related normalized whole brain volume, which well-relatederved brain volume and va atrophy or. high aWBV)  associated with brain a and va cognitive resilience...
Text logits:  (299, 32000)
Diagnosis:  0 Prediction:  tensor(0)
Generated Text from Image (using argmax) 25: is a Female, right-handed individual aged a years with 12 years of education. They have a relatively socioeconomic status,  a access to higher education and quality healthcare. This may experience in increased exposure to chronic stress, and insecurity, and health disparities, which could impact cognitive a and overall neurological health... Clinical Dementia Rating (CDR) indicates no signs of dementia and normal cognitive function. This indicates preserved memory, which, which, and problem-solving skills, with no notable impairment in daily activities.. This estimated total intracranial volume (eTIV) is within,. This,3, representing ana moderate small intracranial volume ( which correspond be an for most individuals, could also suggest reduced overall brain volume, which associated with brain volumerophy or preservation variation in daily volume. Thisacranial volume is a moderate constraint on brain volume and can influence overall cognitive function... normalized whole brain volume,nWBV) is 70,, which corresponds to a moderate-related-related normalized whole brain volume, which-relatederved brain volume and va atrophy or. high aWBV) within associated with brain a and va cognitive resilience...
Text logits:  (299, 32000)
Diagnosis:  1 Prediction:  tensor(1)
Generated Text from Image (using argmax) 26: is a Female, right-handed individual aged a years with 12 years of education. They have a relatively socioeconomic status,  a access to higher education and quality healthcare. This may experience in increased exposure to chronic stress, and insecurity, and health disparities, which could impact cognitive a and overall neurological health... Clinical Dementia Rating (CDR) indicates no mild cognitive impairment, which falls not indicate impact daily activities, could be an average sign of dementia. Thiss at this stage may experience occasional memory as, which cognitivefulness, and subtle changes in problem-solving skills,, could  maintain independence.. This estimated total intracranial volume (eTIV) is within status. This,3, representing an average intracranial volume, which falls within the expected range for most adults. This volume a the total intra a by brain volume, whichbros toal fluid, and vas toa moderate... normalized whole brain volume (nWBV) is within70 brain, which corresponds to a moderate normalized whole brain volume, which is within the expected range for adults. This suggests normalized-related brain volume, does not indicate significant atrophy or preservation...
Text logits:  (299, 32000)
Diagnosis:  0 Prediction:  tensor(0)
Generated Text from Image (using argmax) 27: is a Female, right-handed individual aged a years with 12 years of education. They have  highest socioeconomic status, which indicating significant financial stability, and education opportunities, high-solv healthcare access, and a a social environment. Thiss in this category often have greater access to brain-solvmulating activities, which can contribute to cognitive resilience against a.. This Clinical Dementia Rating (CDR) indicates no signs of dementia and normal cognitive function. This indicates no memory, which, which, and problem-solving skills, with no notable impairment in daily activities... estimated total intracranial volume (eTIV) is within intra. This in3, representing ana moderate small intracranial volume ( which correspond be an for most individuals but could also suggest reduced overall brain volume, which associated with brain volumerophy or preservation variation in daily volume. Thisa moderatenial volume, withina moderate constraint on brain volume and va influence overall brain resilience... normalized whole brain volume (nWBV) is 70.. which iss to a moderate normalized whole brain volume, which is within the expected range for adults.. suggests normalized-related brain volume, does not indicate significant atrophy or preservation...
