# NOTE: patch_size = 16, learning_rate = 0.0001, epochs = 300, batch_size = 8, n_heads = 4, n_layers = 3, dropout = 0.1

You are using the default legacy behaviour of the <class 'transformers.models.t5.tokenization_t5.T5Tokenizer'>. This is expected, and simply means that the `legacy` (previous) behavior will be used so nothing changes for you. If you want to use the new behaviour, set `legacy=False`. This should only be set if you understand what it means, and thoroughly read the reason why this was added as explained in https://github.com/huggingface/transformers/pull/24565
/home/nbrady/.local/lib/python3.9/site-packages/torchio/data/image.py:248: UserWarning: Using TorchIO images without a torchio.SubjectsLoader in PyTorch >= 2.3 might have unexpected consequences, e.g., the collated batches will be instances of torchio.Subject with 5D images. Replace your PyTorch DataLoader with a torchio.SubjectsLoader so that the collated batch becomes a dictionary, as expected. See https://github.com/fepegar/torchio/issues/1179 for more context about this issue.
  warnings.warn(message, stacklevel=1)
/home/nbrady/.local/lib/python3.9/site-packages/torchio/data/image.py:248: UserWarning: Using TorchIO images without a torchio.SubjectsLoader in PyTorch >= 2.3 might have unexpected consequences, e.g., the collated batches will be instances of torchio.Subject with 5D images. Replace your PyTorch DataLoader with a torchio.SubjectsLoader so that the collated batch becomes a dictionary, as expected. See https://github.com/fepegar/torchio/issues/1179 for more context about this issue.
  warnings.warn(message, stacklevel=1)
Columns in the dataframe:  Index(['Subject ID', 'MRI ID', 'Group', 'Visit', 'MR Delay', 'M/F', 'Hand',
       'Age', 'EDUC', 'SES', 'MMSE', 'CDR', 'eTIV', 'nWBV', 'ASF', 'MRI-URL',
       'Generated_descriptions'],
      dtype='object')
Data in the dataloader: Index(['Subject ID', 'MRI ID', 'Group', 'Visit', 'MR Delay', 'M/F', 'Hand',
       'Age', 'EDUC', 'SES', 'MMSE', 'CDR', 'eTIV', 'nWBV', 'ASF', 'MRI-URL',
       'Generated_descriptions', 'MMSE_bin', 'MMSE_bin_codes',
       'MMSE_transformed'],
      dtype='object')
torch.Size([16])
torch.Size([16, 1, 128, 256, 256])
Initializing data loader
Getting dataloaders
Columns in the dataframe:  Index(['Subject ID', 'MRI ID', 'Group', 'Visit', 'MR Delay', 'M/F', 'Hand',
       'Age', 'EDUC', 'SES', 'MMSE', 'CDR', 'eTIV', 'nWBV', 'ASF', 'MRI-URL',
       'Generated_descriptions'],
      dtype='object')
Data in the dataloader: Index(['Subject ID', 'MRI ID', 'Group', 'Visit', 'MR Delay', 'M/F', 'Hand',
       'Age', 'EDUC', 'SES', 'MMSE', 'CDR', 'eTIV', 'nWBV', 'ASF', 'MRI-URL',
       'Generated_descriptions', 'MMSE_bin', 'MMSE_bin_codes',
       'MMSE_transformed'],
      dtype='object')
Finished loading the data
Device: cuda
Epoch 1: train_loss 11.1739, train_text_loss 10.3362, val_loss 10.9541, val_text_loss 10.2651, train_acc 0.5679, val_acc 0.6071
Epoch 2: train_loss 11.1258, train_text_loss 10.2357, val_loss 11.3080, val_text_loss 10.1858, train_acc 0.5185, val_acc 0.3929
Epoch 3: train_loss 10.9821, train_text_loss 10.1618, val_loss 10.7946, val_text_loss 10.1166, train_acc 0.4444, val_acc 0.5357
Epoch 4: train_loss 10.8419, train_text_loss 10.0929, val_loss 10.7190, val_text_loss 10.0449, train_acc 0.6049, val_acc 0.6071
Epoch 5: train_loss 10.6315, train_text_loss 10.0297, val_loss 10.7393, val_text_loss 9.9712, train_acc 0.6543, val_acc 0.4643
Epoch 6: train_loss 10.7072, train_text_loss 9.9553, val_loss 10.6373, val_text_loss 9.8985, train_acc 0.5926, val_acc 0.4643
Epoch 7: train_loss 10.6436, train_text_loss 9.8900, val_loss 10.4786, val_text_loss 9.8284, train_acc 0.5926, val_acc 0.6071
Epoch 8: train_loss 10.7184, train_text_loss 9.8183, val_loss 10.4237, val_text_loss 9.7553, train_acc 0.5432, val_acc 0.6071
Epoch 9: train_loss 10.4593, train_text_loss 9.7482, val_loss 10.4242, val_text_loss 9.6852, train_acc 0.5802, val_acc 0.4643
Epoch 10: train_loss 10.3971, train_text_loss 9.6749, val_loss 10.4021, val_text_loss 9.6063, train_acc 0.4815, val_acc 0.5000
Epoch 11: train_loss 10.3313, train_text_loss 9.5938, val_loss 10.2164, val_text_loss 9.5295, train_acc 0.5556, val_acc 0.5000
Epoch 12: train_loss 10.2088, train_text_loss 9.5235, val_loss 10.1345, val_text_loss 9.4523, train_acc 0.6543, val_acc 0.6071
Epoch 13: train_loss 10.1187, train_text_loss 9.4448, val_loss 10.0270, val_text_loss 9.3723, train_acc 0.5926, val_acc 0.6071
Epoch 14: train_loss 9.9805, train_text_loss 9.3613, val_loss 9.9548, val_text_loss 9.2885, train_acc 0.6420, val_acc 0.5357
Epoch 15: train_loss 9.9535, train_text_loss 9.2795, val_loss 9.8772, val_text_loss 9.2025, train_acc 0.5679, val_acc 0.5357
Epoch 16: train_loss 9.8764, train_text_loss 9.1978, val_loss 9.7977, val_text_loss 9.1211, train_acc 0.5679, val_acc 0.5357
Epoch 17: train_loss 9.8069, train_text_loss 9.1171, val_loss 9.6837, val_text_loss 9.0374, train_acc 0.6173, val_acc 0.5714
Epoch 18: train_loss 9.7623, train_text_loss 9.0353, val_loss 9.6038, val_text_loss 8.9535, train_acc 0.5432, val_acc 0.5714
Epoch 19: train_loss 9.6017, train_text_loss 8.9528, val_loss 9.5555, val_text_loss 8.8724, train_acc 0.5432, val_acc 0.5714
Epoch 20: train_loss 9.5186, train_text_loss 8.8673, val_loss 9.4660, val_text_loss 8.7925, train_acc 0.5802, val_acc 0.5357
Epoch 21: train_loss 9.4984, train_text_loss 8.7891, val_loss 9.4077, val_text_loss 8.7114, train_acc 0.5679, val_acc 0.5714
Epoch 22: train_loss 9.4692, train_text_loss 8.7100, val_loss 9.3757, val_text_loss 8.6333, train_acc 0.5556, val_acc 0.5714
Epoch 23: train_loss 9.2796, train_text_loss 8.6312, val_loss 9.2551, val_text_loss 8.5609, train_acc 0.6049, val_acc 0.5714
Epoch 24: train_loss 9.2217, train_text_loss 8.5557, val_loss 9.1455, val_text_loss 8.4846, train_acc 0.5926, val_acc 0.5714
Epoch 25: train_loss 9.1076, train_text_loss 8.4875, val_loss 9.0639, val_text_loss 8.4127, train_acc 0.6790, val_acc 0.5357
Epoch 26: train_loss 9.0911, train_text_loss 8.4123, val_loss 9.0134, val_text_loss 8.3403, train_acc 0.6049, val_acc 0.5357
Epoch 27: train_loss 9.0189, train_text_loss 8.3416, val_loss 8.9607, val_text_loss 8.2651, train_acc 0.5679, val_acc 0.5714
Epoch 28: train_loss 8.9763, train_text_loss 8.2648, val_loss 8.9013, val_text_loss 8.1856, train_acc 0.5432, val_acc 0.5714
Epoch 29: train_loss 8.8166, train_text_loss 8.1820, val_loss 8.7580, val_text_loss 8.1012, train_acc 0.6296, val_acc 0.5000
Epoch 30: train_loss 8.8271, train_text_loss 8.1025, val_loss 8.7218, val_text_loss 8.0235, train_acc 0.6296, val_acc 0.6786
Epoch 31: train_loss 8.6773, train_text_loss 8.0194, val_loss 8.5990, val_text_loss 7.9473, train_acc 0.6049, val_acc 0.6429
Epoch 32: train_loss 8.6940, train_text_loss 7.9435, val_loss 8.5764, val_text_loss 7.8786, train_acc 0.6173, val_acc 0.6786
Epoch 33: train_loss 8.5126, train_text_loss 7.8787, val_loss 8.5257, val_text_loss 7.8124, train_acc 0.6049, val_acc 0.5714
Epoch 34: train_loss 8.4899, train_text_loss 7.8121, val_loss 8.3848, val_text_loss 7.7345, train_acc 0.4938, val_acc 0.4643
Epoch 35: train_loss 8.3425, train_text_loss 7.7375, val_loss 8.3251, val_text_loss 7.6642, train_acc 0.6543, val_acc 0.6071
Epoch 36: train_loss 8.3073, train_text_loss 7.6595, val_loss 8.2270, val_text_loss 7.5875, train_acc 0.5556, val_acc 0.6429
Epoch 37: train_loss 8.2882, train_text_loss 7.5868, val_loss 8.2145, val_text_loss 7.5180, train_acc 0.6296, val_acc 0.5000
Epoch 38: train_loss 8.1239, train_text_loss 7.5054, val_loss 8.2053, val_text_loss 7.4357, train_acc 0.7037, val_acc 0.4286
Epoch 39: train_loss 8.0276, train_text_loss 7.4308, val_loss 8.0309, val_text_loss 7.3631, train_acc 0.7407, val_acc 0.5357
Epoch 40: train_loss 7.9724, train_text_loss 7.3594, val_loss 8.0015, val_text_loss 7.2896, train_acc 0.6420, val_acc 0.6429
Epoch 41: train_loss 7.9651, train_text_loss 7.2892, val_loss 7.8850, val_text_loss 7.2231, train_acc 0.5679, val_acc 0.5357
Epoch 42: train_loss 7.8346, train_text_loss 7.2247, val_loss 7.9249, val_text_loss 7.1617, train_acc 0.6543, val_acc 0.5357
Epoch 43: train_loss 7.8046, train_text_loss 7.1575, val_loss 7.9174, val_text_loss 7.1044, train_acc 0.6173, val_acc 0.5000
Epoch 44: train_loss 7.7083, train_text_loss 7.1086, val_loss 7.7236, val_text_loss 7.0492, train_acc 0.6543, val_acc 0.5357
Epoch 45: train_loss 7.6590, train_text_loss 7.0417, val_loss 7.6893, val_text_loss 6.9898, train_acc 0.6790, val_acc 0.5714
Epoch 46: train_loss 7.7220, train_text_loss 6.9873, val_loss 7.6377, val_text_loss 6.9363, train_acc 0.6296, val_acc 0.5714
Epoch 47: train_loss 7.5301, train_text_loss 6.9239, val_loss 7.6112, val_text_loss 6.8851, train_acc 0.6173, val_acc 0.4286
Epoch 48: train_loss 7.4994, train_text_loss 6.8713, val_loss 7.6304, val_text_loss 6.8209, train_acc 0.6790, val_acc 0.3571
Epoch 49: train_loss 7.5250, train_text_loss 6.8125, val_loss 7.5204, val_text_loss 6.7705, train_acc 0.6049, val_acc 0.6071
Epoch 50: train_loss 7.3228, train_text_loss 6.7575, val_loss 7.4734, val_text_loss 6.7169, train_acc 0.6420, val_acc 0.5357
Epoch 51: train_loss 7.3038, train_text_loss 6.7092, val_loss 7.3606, val_text_loss 6.6619, train_acc 0.7037, val_acc 0.6071
Epoch 52: train_loss 7.2981, train_text_loss 6.6516, val_loss 7.3406, val_text_loss 6.6026, train_acc 0.6173, val_acc 0.4286
Epoch 53: train_loss 7.2227, train_text_loss 6.5901, val_loss 7.3319, val_text_loss 6.5471, train_acc 0.6173, val_acc 0.4286
Epoch 54: train_loss 7.3053, train_text_loss 6.5506, val_loss 7.2245, val_text_loss 6.4936, train_acc 0.5802, val_acc 0.5357
Epoch 55: train_loss 7.1365, train_text_loss 6.4885, val_loss 7.1485, val_text_loss 6.4394, train_acc 0.6543, val_acc 0.5000
Epoch 56: train_loss 7.0431, train_text_loss 6.4361, val_loss 7.1127, val_text_loss 6.3889, train_acc 0.6420, val_acc 0.5000
Epoch 57: train_loss 7.0074, train_text_loss 6.3797, val_loss 7.0539, val_text_loss 6.3455, train_acc 0.6420, val_acc 0.5357
Epoch 58: train_loss 6.9883, train_text_loss 6.3342, val_loss 7.0204, val_text_loss 6.2973, train_acc 0.6296, val_acc 0.6071
Epoch 59: train_loss 6.9009, train_text_loss 6.2773, val_loss 6.9466, val_text_loss 6.2390, train_acc 0.6667, val_acc 0.5357
Epoch 60: train_loss 6.8452, train_text_loss 6.2317, val_loss 7.0361, val_text_loss 6.1958, train_acc 0.6296, val_acc 0.4643
Epoch 61: train_loss 6.8451, train_text_loss 6.1774, val_loss 6.8470, val_text_loss 6.1446, train_acc 0.5926, val_acc 0.5000
Epoch 62: train_loss 6.7286, train_text_loss 6.1348, val_loss 6.7868, val_text_loss 6.1062, train_acc 0.6296, val_acc 0.5000
Epoch 63: train_loss 6.7418, train_text_loss 6.0948, val_loss 6.8162, val_text_loss 6.0615, train_acc 0.7037, val_acc 0.6429
Epoch 64: train_loss 6.8153, train_text_loss 6.0670, val_loss 6.7410, val_text_loss 6.0339, train_acc 0.6543, val_acc 0.4643
Epoch 65: train_loss 6.6539, train_text_loss 6.0212, val_loss 6.8163, val_text_loss 5.9903, train_acc 0.6173, val_acc 0.4643
Epoch 66: train_loss 6.6346, train_text_loss 5.9804, val_loss 6.7517, val_text_loss 5.9563, train_acc 0.6049, val_acc 0.5000
Epoch 67: train_loss 6.6057, train_text_loss 5.9542, val_loss 6.6714, val_text_loss 5.9169, train_acc 0.6667, val_acc 0.5000
Epoch 68: train_loss 6.5526, train_text_loss 5.9056, val_loss 6.6256, val_text_loss 5.8839, train_acc 0.6296, val_acc 0.5000
Epoch 69: train_loss 6.4408, train_text_loss 5.8675, val_loss 6.5515, val_text_loss 5.8459, train_acc 0.7160, val_acc 0.5357
Epoch 70: train_loss 6.4165, train_text_loss 5.8313, val_loss 6.5686, val_text_loss 5.8185, train_acc 0.6543, val_acc 0.5357
Epoch 71: train_loss 6.4256, train_text_loss 5.7935, val_loss 6.4991, val_text_loss 5.7810, train_acc 0.6296, val_acc 0.5357
Epoch 72: train_loss 6.3576, train_text_loss 5.7572, val_loss 6.4971, val_text_loss 5.7516, train_acc 0.6420, val_acc 0.5000
Epoch 73: train_loss 6.3116, train_text_loss 5.7207, val_loss 6.4549, val_text_loss 5.7109, train_acc 0.6790, val_acc 0.5000
Epoch 74: train_loss 6.2434, train_text_loss 5.6981, val_loss 6.3877, val_text_loss 5.6744, train_acc 0.6667, val_acc 0.5000
Epoch 75: train_loss 6.2531, train_text_loss 5.6542, val_loss 6.4715, val_text_loss 5.6420, train_acc 0.7037, val_acc 0.5000
Epoch 76: train_loss 6.3090, train_text_loss 5.6257, val_loss 6.3648, val_text_loss 5.6112, train_acc 0.6296, val_acc 0.5000
Epoch 77: train_loss 6.1715, train_text_loss 5.6001, val_loss 6.3484, val_text_loss 5.5789, train_acc 0.7160, val_acc 0.5357
Epoch 78: train_loss 6.1694, train_text_loss 5.5493, val_loss 6.3088, val_text_loss 5.5493, train_acc 0.7037, val_acc 0.5357
Epoch 79: train_loss 6.2047, train_text_loss 5.5433, val_loss 6.3784, val_text_loss 5.5227, train_acc 0.6543, val_acc 0.3929
Epoch 80: train_loss 6.1187, train_text_loss 5.5022, val_loss 6.3314, val_text_loss 5.5135, train_acc 0.6049, val_acc 0.4643
Epoch 81: train_loss 6.0485, train_text_loss 5.4701, val_loss 6.2025, val_text_loss 5.4672, train_acc 0.6790, val_acc 0.6071
Epoch 82: train_loss 6.0943, train_text_loss 5.4461, val_loss 6.2053, val_text_loss 5.4493, train_acc 0.6296, val_acc 0.6071
Epoch 83: train_loss 6.0935, train_text_loss 5.4347, val_loss 6.2280, val_text_loss 5.4390, train_acc 0.6420, val_acc 0.5714
Epoch 84: train_loss 6.0228, train_text_loss 5.4281, val_loss 6.2244, val_text_loss 5.4036, train_acc 0.7654, val_acc 0.4643
Epoch 85: train_loss 6.0156, train_text_loss 5.3955, val_loss 6.3486, val_text_loss 5.3773, train_acc 0.6667, val_acc 0.3929
Epoch 86: train_loss 5.9676, train_text_loss 5.3565, val_loss 6.2208, val_text_loss 5.3658, train_acc 0.6296, val_acc 0.4643
Epoch 87: train_loss 5.9122, train_text_loss 5.3342, val_loss 6.1545, val_text_loss 5.3462, train_acc 0.7160, val_acc 0.5000
Epoch 88: train_loss 5.9803, train_text_loss 5.3226, val_loss 6.1428, val_text_loss 5.3148, train_acc 0.6420, val_acc 0.4643
Epoch 89: train_loss 5.8538, train_text_loss 5.2932, val_loss 6.1427, val_text_loss 5.2900, train_acc 0.7160, val_acc 0.4643
Epoch 90: train_loss 5.8398, train_text_loss 5.2675, val_loss 6.1155, val_text_loss 5.2815, train_acc 0.6790, val_acc 0.4643
Epoch 91: train_loss 5.8834, train_text_loss 5.2635, val_loss 6.0694, val_text_loss 5.2606, train_acc 0.7037, val_acc 0.5000
Epoch 92: train_loss 5.8364, train_text_loss 5.2534, val_loss 6.0346, val_text_loss 5.2473, train_acc 0.7037, val_acc 0.5000
Epoch 93: train_loss 5.8603, train_text_loss 5.2215, val_loss 6.0988, val_text_loss 5.2427, train_acc 0.6296, val_acc 0.4643
Epoch 94: train_loss 5.7436, train_text_loss 5.1918, val_loss 5.9504, val_text_loss 5.2062, train_acc 0.6667, val_acc 0.5357
Epoch 95: train_loss 5.8377, train_text_loss 5.1799, val_loss 6.1455, val_text_loss 5.1983, train_acc 0.6049, val_acc 0.5714
Epoch 96: train_loss 5.7639, train_text_loss 5.1585, val_loss 5.9222, val_text_loss 5.1673, train_acc 0.6790, val_acc 0.6071
Epoch 97: train_loss 5.7154, train_text_loss 5.1439, val_loss 5.9855, val_text_loss 5.1701, train_acc 0.6914, val_acc 0.5000
Epoch 98: train_loss 5.7651, train_text_loss 5.1296, val_loss 5.9804, val_text_loss 5.1430, train_acc 0.6914, val_acc 0.5000
Epoch 99: train_loss 5.7796, train_text_loss 5.1299, val_loss 5.9490, val_text_loss 5.1353, train_acc 0.6543, val_acc 0.5357
Epoch 100: train_loss 5.7649, train_text_loss 5.1203, val_loss 5.8296, val_text_loss 5.0997, train_acc 0.6667, val_acc 0.6071
Epoch 101: train_loss 5.7996, train_text_loss 5.0946, val_loss 5.8182, val_text_loss 5.0974, train_acc 0.6790, val_acc 0.5714
Epoch 102: train_loss 5.6639, train_text_loss 5.0594, val_loss 5.8345, val_text_loss 5.0667, train_acc 0.6790, val_acc 0.4643
Epoch 103: train_loss 5.5983, train_text_loss 5.0382, val_loss 5.7749, val_text_loss 5.0618, train_acc 0.6296, val_acc 0.5714
Epoch 104: train_loss 5.6766, train_text_loss 5.0165, val_loss 5.8397, val_text_loss 5.0482, train_acc 0.6790, val_acc 0.5714
Epoch 105: train_loss 5.6575, train_text_loss 4.9925, val_loss 5.7055, val_text_loss 5.0099, train_acc 0.6296, val_acc 0.5357
Epoch 106: train_loss 5.5861, train_text_loss 4.9818, val_loss 5.8745, val_text_loss 5.0061, train_acc 0.6420, val_acc 0.3929
Epoch 107: train_loss 5.5747, train_text_loss 4.9739, val_loss 5.6742, val_text_loss 4.9822, train_acc 0.6914, val_acc 0.5714
Epoch 108: train_loss 5.5308, train_text_loss 4.9631, val_loss 5.6277, val_text_loss 4.9600, train_acc 0.7531, val_acc 0.6071
Epoch 109: train_loss 5.6064, train_text_loss 4.9491, val_loss 5.6499, val_text_loss 4.9461, train_acc 0.6543, val_acc 0.6429
Epoch 110: train_loss 5.5723, train_text_loss 4.9400, val_loss 5.6726, val_text_loss 4.9323, train_acc 0.7037, val_acc 0.4643
Epoch 111: train_loss 5.4662, train_text_loss 4.8995, val_loss 5.6001, val_text_loss 4.9092, train_acc 0.7654, val_acc 0.5714
Epoch 112: train_loss 5.4453, train_text_loss 4.8772, val_loss 5.5622, val_text_loss 4.8910, train_acc 0.7037, val_acc 0.6071
Epoch 113: train_loss 5.4575, train_text_loss 4.8817, val_loss 5.5802, val_text_loss 4.8756, train_acc 0.6667, val_acc 0.6071
Epoch 114: train_loss 5.5085, train_text_loss 4.8820, val_loss 5.5836, val_text_loss 4.8681, train_acc 0.6049, val_acc 0.5714
Epoch 115: train_loss 5.4648, train_text_loss 4.8475, val_loss 5.6740, val_text_loss 4.8529, train_acc 0.6790, val_acc 0.4643
Epoch 116: train_loss 5.5063, train_text_loss 4.8443, val_loss 5.5489, val_text_loss 4.8227, train_acc 0.6173, val_acc 0.5357
Epoch 117: train_loss 5.3777, train_text_loss 4.8132, val_loss 5.5757, val_text_loss 4.8037, train_acc 0.7407, val_acc 0.5000
Epoch 118: train_loss 5.4465, train_text_loss 4.8205, val_loss 5.5514, val_text_loss 4.7926, train_acc 0.6543, val_acc 0.5357
Epoch 119: train_loss 5.3851, train_text_loss 4.7913, val_loss 5.6302, val_text_loss 4.7651, train_acc 0.6667, val_acc 0.4286
Epoch 120: train_loss 5.3194, train_text_loss 4.7427, val_loss 5.5792, val_text_loss 4.7594, train_acc 0.6914, val_acc 0.4286
Epoch 121: train_loss 5.3276, train_text_loss 4.7247, val_loss 5.5236, val_text_loss 4.7448, train_acc 0.7160, val_acc 0.5357
Epoch 122: train_loss 5.3318, train_text_loss 4.7146, val_loss 5.6077, val_text_loss 4.7377, train_acc 0.7037, val_acc 0.5357
Epoch 123: train_loss 5.2320, train_text_loss 4.6908, val_loss 5.4954, val_text_loss 4.7082, train_acc 0.7407, val_acc 0.5000
Epoch 124: train_loss 5.2671, train_text_loss 4.6727, val_loss 5.5007, val_text_loss 4.6842, train_acc 0.6296, val_acc 0.5000
Epoch 125: train_loss 5.1997, train_text_loss 4.6489, val_loss 5.5255, val_text_loss 4.6743, train_acc 0.7037, val_acc 0.4286
Epoch 126: train_loss 5.1707, train_text_loss 4.6381, val_loss 5.4606, val_text_loss 4.6584, train_acc 0.7778, val_acc 0.4643
Epoch 127: train_loss 5.1708, train_text_loss 4.6455, val_loss 5.3886, val_text_loss 4.6333, train_acc 0.7407, val_acc 0.5714
Epoch 128: train_loss 5.2309, train_text_loss 4.6203, val_loss 5.3760, val_text_loss 4.6195, train_acc 0.7284, val_acc 0.5714
Epoch 129: train_loss 5.2388, train_text_loss 4.6030, val_loss 5.3491, val_text_loss 4.5901, train_acc 0.6173, val_acc 0.5000
Epoch 130: train_loss 5.2043, train_text_loss 4.5726, val_loss 5.3078, val_text_loss 4.5585, train_acc 0.6049, val_acc 0.5357
Epoch 131: train_loss 5.1255, train_text_loss 4.5666, val_loss 5.2713, val_text_loss 4.5508, train_acc 0.6914, val_acc 0.5714
Epoch 132: train_loss 5.0475, train_text_loss 4.5235, val_loss 5.2377, val_text_loss 4.5286, train_acc 0.7160, val_acc 0.5714
Epoch 133: train_loss 5.1966, train_text_loss 4.5404, val_loss 5.3066, val_text_loss 4.5289, train_acc 0.7037, val_acc 0.4286
Epoch 134: train_loss 5.1854, train_text_loss 4.5270, val_loss 5.2533, val_text_loss 4.4993, train_acc 0.5926, val_acc 0.3929
Epoch 135: train_loss 5.1844, train_text_loss 4.5119, val_loss 5.2255, val_text_loss 4.4887, train_acc 0.6790, val_acc 0.5357
Epoch 136: train_loss 5.0134, train_text_loss 4.4839, val_loss 5.1921, val_text_loss 4.4634, train_acc 0.6667, val_acc 0.5000
Epoch 137: train_loss 4.9742, train_text_loss 4.4443, val_loss 5.2130, val_text_loss 4.4522, train_acc 0.7531, val_acc 0.4643
Epoch 138: train_loss 5.0276, train_text_loss 4.4523, val_loss 5.2690, val_text_loss 4.4339, train_acc 0.7654, val_acc 0.4643
Epoch 139: train_loss 4.9603, train_text_loss 4.4111, val_loss 5.2670, val_text_loss 4.4192, train_acc 0.7284, val_acc 0.5000
Epoch 140: train_loss 5.0666, train_text_loss 4.3817, val_loss 5.1605, val_text_loss 4.3966, train_acc 0.6543, val_acc 0.5000
Epoch 141: train_loss 4.8783, train_text_loss 4.3766, val_loss 5.0863, val_text_loss 4.3516, train_acc 0.7531, val_acc 0.6071
Epoch 142: train_loss 4.9737, train_text_loss 4.3833, val_loss 5.1696, val_text_loss 4.3527, train_acc 0.7160, val_acc 0.5000
Epoch 143: train_loss 4.8984, train_text_loss 4.3597, val_loss 5.2671, val_text_loss 4.3455, train_acc 0.7407, val_acc 0.4286
Epoch 144: train_loss 4.9585, train_text_loss 4.3279, val_loss 5.1816, val_text_loss 4.2902, train_acc 0.5926, val_acc 0.4286
Epoch 145: train_loss 4.8440, train_text_loss 4.3151, val_loss 5.0898, val_text_loss 4.2868, train_acc 0.7407, val_acc 0.6071
Epoch 146: train_loss 4.8203, train_text_loss 4.2911, val_loss 4.9879, val_text_loss 4.2539, train_acc 0.7037, val_acc 0.6071
Epoch 147: train_loss 4.7705, train_text_loss 4.2271, val_loss 5.0905, val_text_loss 4.2280, train_acc 0.7407, val_acc 0.5357
Epoch 148: train_loss 4.8460, train_text_loss 4.2367, val_loss 5.0646, val_text_loss 4.1900, train_acc 0.6790, val_acc 0.4643
Epoch 149: train_loss 4.7954, train_text_loss 4.2158, val_loss 4.9791, val_text_loss 4.1973, train_acc 0.6667, val_acc 0.4643
Epoch 150: train_loss 4.6918, train_text_loss 4.1650, val_loss 4.9154, val_text_loss 4.1560, train_acc 0.7284, val_acc 0.4643
Epoch 151: train_loss 4.6933, train_text_loss 4.1608, val_loss 4.8319, val_text_loss 4.1314, train_acc 0.6914, val_acc 0.5714
Epoch 152: train_loss 4.7282, train_text_loss 4.1575, val_loss 4.8325, val_text_loss 4.1157, train_acc 0.7531, val_acc 0.5000
Epoch 153: train_loss 4.6529, train_text_loss 4.1321, val_loss 4.8911, val_text_loss 4.0907, train_acc 0.7407, val_acc 0.4643
Epoch 154: train_loss 4.5366, train_text_loss 4.0772, val_loss 4.8817, val_text_loss 4.0976, train_acc 0.7531, val_acc 0.5357
Epoch 155: train_loss 4.7843, train_text_loss 4.0833, val_loss 4.8659, val_text_loss 4.0688, train_acc 0.6914, val_acc 0.5357
Epoch 156: train_loss 4.7052, train_text_loss 4.0666, val_loss 4.9982, val_text_loss 4.0338, train_acc 0.7284, val_acc 0.5000
Epoch 157: train_loss 4.5792, train_text_loss 4.0665, val_loss 4.7935, val_text_loss 4.0044, train_acc 0.7037, val_acc 0.4643
Epoch 158: train_loss 4.6371, train_text_loss 4.0333, val_loss 4.7451, val_text_loss 3.9875, train_acc 0.6543, val_acc 0.5714
Epoch 159: train_loss 4.6741, train_text_loss 3.9908, val_loss 4.7541, val_text_loss 3.9642, train_acc 0.6049, val_acc 0.5714
Epoch 160: train_loss 4.5445, train_text_loss 3.9453, val_loss 4.7449, val_text_loss 3.9402, train_acc 0.7531, val_acc 0.4643
Epoch 161: train_loss 4.6618, train_text_loss 3.9302, val_loss 4.7387, val_text_loss 3.9390, train_acc 0.6173, val_acc 0.4643
Epoch 162: train_loss 4.5012, train_text_loss 3.9426, val_loss 4.7113, val_text_loss 3.9097, train_acc 0.7778, val_acc 0.5357
Epoch 163: train_loss 4.6788, train_text_loss 3.9327, val_loss 4.7036, val_text_loss 3.8863, train_acc 0.6667, val_acc 0.5000
Epoch 164: train_loss 4.4728, train_text_loss 3.8894, val_loss 4.7189, val_text_loss 3.8658, train_acc 0.7160, val_acc 0.5000
Epoch 165: train_loss 4.4535, train_text_loss 3.8938, val_loss 4.6486, val_text_loss 3.8541, train_acc 0.6667, val_acc 0.4643
Epoch 166: train_loss 4.4925, train_text_loss 3.8751, val_loss 4.6135, val_text_loss 3.8406, train_acc 0.6914, val_acc 0.5714
Epoch 167: train_loss 4.5501, train_text_loss 3.8359, val_loss 4.5530, val_text_loss 3.7950, train_acc 0.6790, val_acc 0.4643
Epoch 168: train_loss 4.3562, train_text_loss 3.8278, val_loss 4.6627, val_text_loss 3.7905, train_acc 0.7407, val_acc 0.5000
Epoch 169: train_loss 4.3170, train_text_loss 3.7766, val_loss 4.5494, val_text_loss 3.7752, train_acc 0.7037, val_acc 0.5357
Epoch 170: train_loss 4.2453, train_text_loss 3.7691, val_loss 4.4308, val_text_loss 3.7267, train_acc 0.7778, val_acc 0.6071
Epoch 171: train_loss 4.3160, train_text_loss 3.7190, val_loss 4.4444, val_text_loss 3.7116, train_acc 0.7037, val_acc 0.5714
Epoch 172: train_loss 4.1627, train_text_loss 3.6954, val_loss 4.4776, val_text_loss 3.6629, train_acc 0.7778, val_acc 0.4643
Epoch 173: train_loss 4.1736, train_text_loss 3.6829, val_loss 4.4381, val_text_loss 3.6614, train_acc 0.7531, val_acc 0.5357
Epoch 174: train_loss 4.2301, train_text_loss 3.6889, val_loss 4.3787, val_text_loss 3.6174, train_acc 0.7160, val_acc 0.6071
Epoch 175: train_loss 4.1677, train_text_loss 3.6190, val_loss 4.4089, val_text_loss 3.6018, train_acc 0.7160, val_acc 0.5000
Epoch 176: train_loss 4.2818, train_text_loss 3.5913, val_loss 4.2977, val_text_loss 3.5742, train_acc 0.7037, val_acc 0.6071
Epoch 177: train_loss 4.3185, train_text_loss 3.6275, val_loss 4.2465, val_text_loss 3.5464, train_acc 0.6543, val_acc 0.6071
Epoch 178: train_loss 4.1535, train_text_loss 3.5866, val_loss 4.4424, val_text_loss 3.5467, train_acc 0.7407, val_acc 0.4286
Epoch 179: train_loss 4.0061, train_text_loss 3.5248, val_loss 4.4233, val_text_loss 3.5012, train_acc 0.7654, val_acc 0.4286
Epoch 180: train_loss 4.0457, train_text_loss 3.5324, val_loss 4.1983, val_text_loss 3.4830, train_acc 0.7160, val_acc 0.5357
Epoch 181: train_loss 4.0454, train_text_loss 3.4748, val_loss 4.1880, val_text_loss 3.4497, train_acc 0.7160, val_acc 0.5714
Epoch 182: train_loss 4.0511, train_text_loss 3.4611, val_loss 4.1667, val_text_loss 3.4309, train_acc 0.7037, val_acc 0.4643
Epoch 183: train_loss 3.9348, train_text_loss 3.4259, val_loss 4.3293, val_text_loss 3.4308, train_acc 0.7037, val_acc 0.4286
Epoch 184: train_loss 4.0241, train_text_loss 3.4010, val_loss 4.2023, val_text_loss 3.3869, train_acc 0.7160, val_acc 0.5000
Epoch 185: train_loss 3.9142, train_text_loss 3.4148, val_loss 4.0871, val_text_loss 3.3355, train_acc 0.7284, val_acc 0.4286
Epoch 186: train_loss 3.9807, train_text_loss 3.3868, val_loss 4.1572, val_text_loss 3.3429, train_acc 0.7160, val_acc 0.4286
Epoch 187: train_loss 3.8733, train_text_loss 3.3486, val_loss 4.2426, val_text_loss 3.3273, train_acc 0.7160, val_acc 0.4643
Epoch 188: train_loss 3.8595, train_text_loss 3.3070, val_loss 4.0912, val_text_loss 3.2927, train_acc 0.7160, val_acc 0.4286
Epoch 189: train_loss 3.8207, train_text_loss 3.3037, val_loss 4.1194, val_text_loss 3.2591, train_acc 0.7901, val_acc 0.4286
Epoch 190: train_loss 3.7408, train_text_loss 3.2774, val_loss 4.1666, val_text_loss 3.2431, train_acc 0.7654, val_acc 0.3929
Epoch 191: train_loss 3.7888, train_text_loss 3.2631, val_loss 4.1316, val_text_loss 3.2324, train_acc 0.7284, val_acc 0.4643
Epoch 192: train_loss 3.7143, train_text_loss 3.2107, val_loss 4.0861, val_text_loss 3.2081, train_acc 0.7531, val_acc 0.3929
Epoch 193: train_loss 3.7117, train_text_loss 3.2083, val_loss 4.0587, val_text_loss 3.1870, train_acc 0.7160, val_acc 0.4286
Epoch 194: train_loss 3.7971, train_text_loss 3.2296, val_loss 4.1059, val_text_loss 3.1927, train_acc 0.7531, val_acc 0.4286
Epoch 195: train_loss 3.7864, train_text_loss 3.2099, val_loss 4.2143, val_text_loss 3.2098, train_acc 0.7037, val_acc 0.4286
Epoch 196: train_loss 3.6740, train_text_loss 3.2144, val_loss 4.0912, val_text_loss 3.1674, train_acc 0.7654, val_acc 0.4286
Epoch 197: train_loss 3.7005, train_text_loss 3.1955, val_loss 4.1043, val_text_loss 3.1705, train_acc 0.7284, val_acc 0.4286
Epoch 198: train_loss 3.7116, train_text_loss 3.2183, val_loss 4.2119, val_text_loss 3.1957, train_acc 0.7407, val_acc 0.4286
Epoch 199: train_loss 3.7645, train_text_loss 3.2003, val_loss 4.2174, val_text_loss 3.1759, train_acc 0.7407, val_acc 0.4286
Epoch 200: train_loss 3.7341, train_text_loss 3.2040, val_loss 4.1208, val_text_loss 3.1766, train_acc 0.7037, val_acc 0.4286
Epoch 201: train_loss 3.6933, train_text_loss 3.2107, val_loss 4.1244, val_text_loss 3.1813, train_acc 0.8025, val_acc 0.4286
Epoch 202: train_loss 3.8292, train_text_loss 3.2084, val_loss 4.2328, val_text_loss 3.2000, train_acc 0.6667, val_acc 0.4286
Epoch 203: train_loss 3.7523, train_text_loss 3.1978, val_loss 4.1719, val_text_loss 3.1642, train_acc 0.6543, val_acc 0.4286
Epoch 204: train_loss 3.8247, train_text_loss 3.2246, val_loss 4.1369, val_text_loss 3.1843, train_acc 0.7284, val_acc 0.4286
Epoch 205: train_loss 3.6792, train_text_loss 3.2111, val_loss 4.0933, val_text_loss 3.1685, train_acc 0.7407, val_acc 0.4286
Epoch 206: train_loss 3.7546, train_text_loss 3.2214, val_loss 4.1929, val_text_loss 3.1914, train_acc 0.8025, val_acc 0.4286
Epoch 207: train_loss 3.8050, train_text_loss 3.2191, val_loss 4.1976, val_text_loss 3.1848, train_acc 0.6914, val_acc 0.4286
Epoch 208: train_loss 3.6942, train_text_loss 3.1891, val_loss 4.1381, val_text_loss 3.1739, train_acc 0.7284, val_acc 0.4286
Epoch 209: train_loss 3.9073, train_text_loss 3.2362, val_loss 4.1543, val_text_loss 3.1731, train_acc 0.7407, val_acc 0.4286
Epoch 210: train_loss 3.6948, train_text_loss 3.2253, val_loss 4.1939, val_text_loss 3.1606, train_acc 0.7778, val_acc 0.4286
Epoch 211: train_loss 3.7102, train_text_loss 3.2059, val_loss 4.0767, val_text_loss 3.1774, train_acc 0.6790, val_acc 0.4286
Epoch 212: train_loss 3.7364, train_text_loss 3.2330, val_loss 4.0769, val_text_loss 3.1622, train_acc 0.7531, val_acc 0.4286
Epoch 213: train_loss 3.7471, train_text_loss 3.2325, val_loss 4.1524, val_text_loss 3.1860, train_acc 0.7407, val_acc 0.4286
Early stopping triggered
Test loss: 3.8773, test_text_loss: 3.2211
Test accuracy: 0.5926
Text logits:  (299, 32000)
Diagnosis:  0 Prediction:  tensor(1)
Generated Text from Image (using argmax) 1: is a Female, right-handed individual aged  years 12 years education.. have  expectedeconomic status, which a, stability, which education and, which.solv,, whichaa and,..s,, Clinical,,  volumesolv.,,, which is,,, a... Clinical Dementia Rating,CDR) is no signs dementia. normal,,.. volume no., which, which, which normal-solv,, which no.,, )... estimated intracranial volume,eTIV) is...3, representing  average intracranial volume, which correspond the expected range for adults.. volume,a the expected intra a brain volume, which,s,., which normals toa... normalized whole brain volume,eW) a. which iss, a normalized whole brain volume, which  range for adults.. volumeized- brain volume,rophy. preservation...
Text logits:  (299, 32000)
Diagnosis:  1 Prediction:  tensor(1)
Generated Text from Image (using argmax) 2: is a Female, right-handed individual aged a years 12 years of education. They have a Ratingeconomic status,  a, education and healthcare.. experience,,, which,, which.,, which,, a and,,... Clinical Dementia Rating,CDR) indicates no and,,, which, volume,,, could,  average, dementia..s,rophy is experience-. as, which., which preservation, problem-solv,, which,.... estimated total intracranial volume,eTIV) is...3, representing  averagecranial volume, which correspond within the expected range for adults adults.. volume,a the expected intra a by brain volume, whichbros,., whichs toa... normalized whole brain volume,eW) is, whichs a normalized whole brain volume, which the range for adults.. volume normalized- brain volume, volumerophy. preservation...
Text logits:  (299, 32000)
Diagnosis:  1 Prediction:  tensor(1)
Generated Text from Image (using argmax) 3: is a Female, right-handed individual aged  years 12 years education.. have,economic status,. Clinical ia Rating,eDR) is.. which,a which, which,,,. volume is,a, brain, which,.solv, which normal,, whichsolv.... intracranial volume,e) is,.,3, acranial volume, which, adults, normal, volume, which volumerophy. preservation,..nial volume, a, volume.,,...ized whole brain volume,eWa. whichsa normalized whole brain volume, which  the range for.. volumeized-solv volume,rophy....
Text logits:  (299, 32000)
Diagnosis:  1 Prediction:  tensor(0)
Generated Text from Image (using argmax) 4: a Female, right-handed individual aged a years 12 years education.. have aeconomic status, a, stability, education, which,,,.. this, experience,,a,.... Clinical Deia Rating,CDR) is no,, which is,,,,, dementia..rophy.,,.a, which,, which,,-solv,, which,....cranial volume,eTIV 3, representing.cranial volume, which range for..,a a volume, which, whicha...ized whole brain volume,W  whichsaized whole volume, which range for..ized volume,..
Text logits:  (299, 32000)
Diagnosis:  1 Prediction:  tensor(1)
Generated Text from Image (using argmax) 5: is a Female, right-handed individual aged a years 12 years of education. They have a Ratingeconomic status,  a, education and healthcare.. experience, and,, which,, which.,, which,, a and,,... Clinical Dementia Rating (CDR) indicates no and,,, which, volume,,, could,  average,..s,rophy is experience-. as, which., which preservation, problem-solv,, which,.... estimated total intracranial volume,eTIV) is,..3, representing acranial volume, which is, adults, normal, volume, which volumerophy preservation,,..nial volume, a,nial volume.,,...ized whole brain volume,W) a.saized whole volume, which  range for.. volumeized- volume...
Text logits:  (299, 32000)
Diagnosis:  0 Prediction:  tensor(1)
Generated Text from Image (using argmax) 6: is a Female, right-handed individual aged a years 12 years of education. They have a Ratingeconomic status,  a, education and healthcare.. experience,,, which,, which.,, which,, a and,,... Clinical Dementia Rating,CDR) indicates no signs dementia,.. indicates no., which, which, which-solving,, which no notable,,  activities... estimated totalcranial volume,eTIV) is,..3, representing a which.cranial volume, which, for adults,,,a brain volume, which volumerophy. preservation,, volume..anial volume, a brain, volume. normal,,... normalized whole brain volume,eW) is  whichs asolvized whole volume, which-. volume..aWa..
Text logits:  (299, 32000)
Diagnosis:  0 Prediction:  tensor(0)
Generated Text from Image (using argmax) 7: is a Female, right-handed individual aged  years 12 years education.. have  expectedeconomic status, which a, stability, which education and, which.solv,, whichaa and,..s,.,, volumesolv.,,, which is,,, a... Clinical Dementia Rating,CDR) is no signs dementia. normal,,.. volume no., which, which, which normal-solv,, which no.,,)... estimated intracranial volume,eTIV) is  and..3, representing  averagecranial volume, which correspond the expected range for adults.. volume,a the expected intra a brain volume, which,s., which normals toa... normalized whole brain volume,eW). which iss, a normalized whole brain volume, which  range for adults.. volumeized- brain volume,rophy. preservation...
Text logits:  (299, 32000)
Diagnosis:  1 Prediction:  tensor(0)
Generated Text from Image (using argmax) 8: is a Female, right-handed individual aged a years 12 years of education. They have a Ratingeconomic status, a and stability, education and healthcare, which which,,. preservation..s, this, experience economic,a, and.... Clinical Dementia Rating,CDR) is no and,, which, volume,,,  average, dementia..s,rophy.,,,. a, which,, which preservation,-solv,, which,.... estimated intracranial volume,eTIV) is a.,3, representing  averagecranial volume, which is the expected range for adults adults.. volume,a the expected intra a brain volume, which,s,. is, which normalsa... normalized whole brain volume,eW) is a. is aized whole brain volume, which the range for adults.. volumeized- volume volumerophy....
Text logits:  (299, 32000)
Diagnosis:  1 Prediction:  tensor(0)
Generated Text from Image (using argmax) 9: is a Female, right-handed individual aged a years 12 years of education. They have a Ratingeconomic status,  a, education and healthcare.. experience,,, which,, which,.,, which,, a and,,... Clinical Dementia Rating,CDR) indicates no and,,, which, volume,,, could, average, dementia..s,rophy is experience-. as, which., which preservation, problem-solv,, which,.... estimated total intracranial volume,eTIV) is a.3, representing cranial volume, which is the expected range for adults.. volume,a expected a brain volume, which,., which normal,a... normalized whole brain volume,W a. which iss asolvized whole brain volume, whicha. volumerophy..aWa..
Text logits:  (299, 32000)
Diagnosis:  1 Prediction:  tensor(1)
Generated Text from Image (using argmax) 10: is a Female, right-handed individual aged a years 12 years of education. They have a Ratingeconomic status,  a, education and healthcare.. experience,,,, which,, which,.,, which,, a and,,... Clinical Dementia Rating,CDR) indicates no and,,, which, volume,,, could,  average, dementia..s,rophy is experience-. as, which., which preservation, problem-solv,, which,.... estimated total intracranial volume,eTIV) is,..3, representing acranial volume, which is, adults,,, volume, which volumerophy. preservation,..nial volume, a- volume. normal,...ized whole brain volume,eW)  whichaized whole volume which range for.ized- volume..
Text logits:  (299, 32000)
Diagnosis:  0 Prediction:  tensor(0)
Generated Text from Image (using argmax) 11: is a Female, right-handed individual aged  years 12 years education.. have  expectedeconomic status, which a, stability, which education and, which.solv,, whichaa and,..s,.,,  volumesolv.,,, which is,,, a... normal Dementia Rating,CDR) is no signs dementia. normal,,.. volume no., which, which, which normal-solv,, which no.,,)... estimated intracranial volume,eTIV) is,.3, representing a.cranial volume, which, adults,,,a volume, which volumerophy. preservation..anial volume, a, volume.,... normalized whole brain volume,nW) is sa normalized whole brain volume, which range for..ized- volume,...
Text logits:  (299, 32000)
Diagnosis:  0 Prediction:  tensor(0)
Generated Text from Image (using argmax) 12: is a Female, right-handed individual aged a years 12 years of education. They have  expectedeconomic status, which a, stability, which education and, which-solv,, whicha a and,..s, this of which have, brain-solv.,, which is,,, a... Clinical Dementia Rating,CDR) is no signs of dementia. normalized,.. volume.., which, which, which normal-solv,, which no notable,, daily activities... estimated total intracranial volume,eTIV) is within,..3, representing acranial volume, which is, adults,,a volume, which volumerophy. preservation..anial volume, a, volume.,,... normalized whole brain volume,nW)  whichs toa normalized whole brain volume, which the range for.. volume normalized- volume...
Text logits:  (299, 32000)
Diagnosis:  0 Prediction:  tensor(1)
Generated Text from Image (using argmax) 13: is a Female, right-handed individual aged  years 12 years education.. have  expectedeconomic status, which a, stability, which education and, which.solv,, whichaa and,..s,, Clinical,,  volumesolv.,,, which is,,, a... Clinical Dementia Rating,CDR) is no signs dementia. normal,,.. volume no., which, which, which normal-solv,, which no.,, )... estimated intracranial volume,eTIV) is.,.,3, representing  average intracranial volume, which is the expected range for adults adults.. volume,a the expected intra a brain volume, which,s,., which normals toa... normalized whole brain volume,eW)  which iss, a normalized whole brain volume, which  range for adults.. volumeized- brain volume,rophy. preservation...
Text logits:  (299, 32000)
Diagnosis:  0 Prediction:  tensor(1)
Generated Text from Image (using argmax) 14: is a Female, right-handed individual aged a years 12 years of education. They have  expectedeconomic status, which a and stability, which education and, which-solv,, whicha a and,..s, this of which have, brain-solv.,, which is,,, a... Clinical Dementia Rating,CDR) is no signs of dementia. normalized,.. volume.., which, which, which normal-solv,, which no notable,, daily activities... estimated total intracranial volume,eTIV) is a.3, representing  average intracranial volume, which is the expected range for adults adults.. volume,a the expected intra a by brain volume, whichbros, which normals toa... normalized whole brain volume,eW). whichsa normalized whole brain volume, which  range for.. volumeized- brain volume,rophy preservation...
Text logits:  (299, 32000)
Diagnosis:  0 Prediction:  tensor(0)
Generated Text from Image (using argmax) 15: is a Female, right-handed individual aged a years 12 years of education. They have a Ratingeconomic status,  a, education and healthcare.. experience, and,, which,, which.,, which,, a and,,... Clinical Dementia Rating,CDR) indicates no signs of dementia,.. indicates no., which, which, which normal-solving,, which no notable,,  activities... estimated total intracranial volume,eTIV) is,..,3, representing a which.cranial volume, which, for adults,,,a brain volume, which volumerophy. preservation,, volume..anial volume, a brain, volume. normal,,... normalized whole brain volume,eW) is, whichs asolvized whole volume, which- volume..aWa..
Text logits:  (299, 32000)
Diagnosis:  0 Prediction:  tensor(0)
Generated Text from Image (using argmax) 16: is a Female, right-handed individual aged a years 12 years of education. They have  expectedeconomic status, which a and stability, which education and, which-solv,, whicha a and,..s, this of which have, brain-solv.,, which is,,, a... Clinical Dementia Rating,CDR) is no signs of dementia. normalized,.. volume.., which, which, which normal-solv,, which no notable,, daily activities... estimated total intracranial volume,eTIV) is a.3, representing  average intracranial volume, which is within the expected range for adults adults.. volume,a the expected intra a by brain volume, whichbros., which normals toa... normalized whole brain volume,eW).. whichs a normalized whole brain volume, which  range for adults.. volumeized- brain volume,rophy. preservation...
Text logits:  (299, 32000)
Diagnosis:  0 Prediction:  tensor(0)
Generated Text from Image (using argmax) 17: is a Female, right-handed individual aged a years 12 years of education. They have  expectedeconomic status, which a, stability, which education and, which-solv,, whicha a and,..s, this of which have, brain-solv.,, which is,,, a... Clinical Dementia Rating,CDR) is no signs of dementia. normalized,.. indicates.., which, which, which normal-solv,, which no notable,, daily activities... estimated total intracranial volume,eTIV) is a..3, representing  averagecranial volume, which is  the expected range for adults adults.. volume,a the expected intra a by brain volume, whichbros., which normals toa... normalized whole brain volume,eW)  whichsaized whole volume, which  range for.. volumeized- brain volume,rophy preservation...
Text logits:  (299, 32000)
Diagnosis:  0 Prediction:  tensor(1)
Generated Text from Image (using argmax) 18: is a Female, right-handed individual aged a years 12 years of education. They have  expectedeconomic status, which a, stability, which education and, which-solv healthcare,, which a a and,..s, this of which have, brain-solv.,), which is,,, a... Clinical Dementia Rating,CDR) is no signs of dementia. normalized,.. indicates.., which, which, which normal-solv,, which no notable,, daily activities... estimated total intracranial volume,eTIV) is..3, representing  average intracranial volume, which is  the expected range for adults adults.. volume,a the expected intra a by brain volume, whichbros., which normals toa... normalized whole brain volume,eW) is  whichsa normalized whole brain volume, which  range for adults.. volume normalized- brain volume,rophy. preservation...
Text logits:  (299, 32000)
Diagnosis:  0 Prediction:  tensor(0)
Generated Text from Image (using argmax) 19: a Female, right-handed individual aged  years 12 education.. have a Rating.economic status, which a, education,. experience, which., which.., which,,,a..... Clinical De..a Rating,CDR) is..ized,.. indicates.., which, which, which-solv,, which.,,,... estimatedcranial volume,eIV),,..3, representing acranial volume, which is, adults,,a volume, which volumerophy. preservation..nial volume,a volume,..ized whole brain volumeW which aized whole volume which volume.aW..
Text logits:  (299, 32000)
Diagnosis:  1 Prediction:  tensor(1)
Generated Text from Image (using argmax) 20: a Female, right-handed individual aged a years 12 years of education. They have.economic status,. Clinical Dementia RatingeDR) no which,,, which.., could, average, education.rophy., experience,.,a, which, which preservation,-solv,, which normal.... estimatedcranial volume,eT) is,..3, a Rating andcranial volume, which is, adults,,a volume, which volumerophy. preservation,..nial volume,a, volume.,.. normalized whole brain volume,eW) a.sa normalized whole brain volume, which the range for.. volumeized-solv volume,rophy preservation...
Text logits:  (299, 32000)
Diagnosis:  1 Prediction:  tensor(0)
Generated Text from Image (using argmax) 21: is a Female, right-handed individual aged  years 12 education.. have a Rating.economic status, which a, education and healthcare education.. volume experience,,, which., which. Clinical, which,,,,a..... Clinical Dementia Rating,eDR) is no and,,, which,,, and,,.,. dementia..s,rophy,-.a, which,, which preservation,-solving,, which.... estimated intracranial volume,eTIV) is.3, representing  averagecranial volume, which is the expected range for adults.. volume,a expected a brain volume, whichbros,., which normal,a... normalized whole brain volume,eW) is. which iss aized whole brain volume, which, volumerophy..rophy.aaaa..
Text logits:  (299, 32000)
Diagnosis:  1 Prediction:  tensor(0)
Generated Text from Image (using argmax) 22: is a Female, right-handed individual aged a years 12 years of education. They have.economic status,. Clinical DementiaeDR) no, which,a, which, which normal,,. indicates, a, brain which, dailysolv, which normal, which,.solv.... intracranial volume,e, is,..3, representing ature andcranial volume, which is, for adults,,,a, volume, which volumerophy. preservation,,..anial volume, a brain, volume.,,... normalized whole brain volume,eW) a. whichs a normalized whole brain volume, which  the range for adults.. volumeized-solv volume, volumerophy. preservation...
Text logits:  (299, 32000)
Diagnosis:  1 Prediction:  tensor(0)
Generated Text from Image (using argmax) 23: is a Female, right-handed individual aged  years 12 years education.. have a Rating.economic status, which a, education and healthcare education.. volume experience,,, which., which. Clinical, which,,,,a..... Clinical Dementia Rating,eDR) is no and,,, which,,,,,,.,. dementia..s,rophy,-.a, which,, which preservation,-solving,, which.... estimated total intracranial volume,eTIV) is a,..3, representing cranial volume, which is the expected range for adults.. volume,a expected a brain volume, whichbros,., which normal,a... normalized whole brain volume,eW) is  which iss asolvized whole brain volume, whicha. volumerophy.aWa..
Text logits:  (299, 32000)
Diagnosis:  1 Prediction:  tensor(1)
Generated Text from Image (using argmax) 24: is a Female, right-handed individual aged a years 12 years of education. They have a Ratingeconomic status, a and stability, education and healthcare, which which,,. preservation..s this, experience economic,a, and.... Clinical Dementia Rating,CDR) is no and,, which, volume,,,,, dementia..s,rophy.,,,. a, which,, which preservation,-solv,, which,.... estimated intracranial volume,eTIV) is a..3, representing  averagecranial volume, which is the expected range for adults adults.. volume,a the expected intra a by brain volume, which,s,. is, which normals,a... normalized whole brain volume,eW) is a. which isaized whole brain volume, which the range for adults.. volumeized- volume volumerophy...
Text logits:  (299, 32000)
Diagnosis:  1 Prediction:  tensor(1)
Generated Text from Image (using argmax) 25: is a Female, right-handed individual aged a years 12 years of education. They have a Ratingeconomic status,  a, education and healthcare.. experience,,, which,, which.,, which,, a and,,... Clinical Dementia Rating (CDR) indicates no and,,, which, volume,,, could,  average, dementia..s,rophy is experience-. as, which., which preservation, problem-solv,, which,.... estimated total intracranial volume,eTIV) is,..3, representing acranial volume, which is, adults,,, volume, which volumerophy. preservation,..nial volume, a-, volume. normal,...ized whole brain volume,eW)  whichsaized whole volume which range for..ized- volume..
Text logits:  (299, 32000)
Diagnosis:  0 Prediction:  tensor(0)
Generated Text from Image (using argmax) 26: is a Female, right-handed individual aged  years 12 years education.. have a Rating.economic status, which a, to education and healthcare education.. volume experience,,, which., which. Clinical, which,,,,a..... Clinical Dementia Rating,eDR) is no signs of dementia normalized,.. indicates no., which, which, which normal-solving,, which no.,,,... estimated total intracranial volume,eTIV) is,.,3, representing a Rating andcranial volume, which is,  for adults, could,,a volume, which volumerophy. preservation,..nial volume, a,nial volume normal,,... normalized whole brain volume,W)  whichs asolvsolvized whole brain volume, whicha. volumerophy..aW..
Text logits:  (299, 32000)
Diagnosis:  1 Prediction:  tensor(1)
Generated Text from Image (using argmax) 27: is a Female, right-handed individual aged a years 12 years of education. They have a Ratingeconomic status, a and stability, education and healthcare, which which,, preservation..s this, experience economic,a, and.... Clinical Dementia Rating,CDR) is no,. which,a., which, which normal,,. volume, a brain,, which, dailysolv, which normal.,,, which volumesolv.... estimated.cranial volume,eTIV, is,.3, representing  averagecranial volume, which is the expected range for adults adults.. volume,a the expected intra a by brain volume, which,, which normal,a... normalized whole brain volume,eW) a whichs a normalized whole brain volume, which  the range for adults.. volume normalized-solv brain volume, volumerophy. preservation...
