You are using the default legacy behaviour of the <class 'transformers.models.t5.tokenization_t5.T5Tokenizer'>. This is expected, and simply means that the `legacy` (previous) behavior will be used so nothing changes for you. If you want to use the new behaviour, set `legacy=False`. This should only be set if you understand what it means, and thoroughly read the reason why this was added as explained in https://github.com/huggingface/transformers/pull/24565
/home/nbrady/.local/lib/python3.9/site-packages/torchio/data/image.py:248: UserWarning: Using TorchIO images without a torchio.SubjectsLoader in PyTorch >= 2.3 might have unexpected consequences, e.g., the collated batches will be instances of torchio.Subject with 5D images. Replace your PyTorch DataLoader with a torchio.SubjectsLoader so that the collated batch becomes a dictionary, as expected. See https://github.com/fepegar/torchio/issues/1179 for more context about this issue.
  warnings.warn(message, stacklevel=1)
/home/nbrady/.local/lib/python3.9/site-packages/torchio/data/image.py:248: UserWarning: Using TorchIO images without a torchio.SubjectsLoader in PyTorch >= 2.3 might have unexpected consequences, e.g., the collated batches will be instances of torchio.Subject with 5D images. Replace your PyTorch DataLoader with a torchio.SubjectsLoader so that the collated batch becomes a dictionary, as expected. See https://github.com/fepegar/torchio/issues/1179 for more context about this issue.
  warnings.warn(message, stacklevel=1)
Columns in the dataframe:  Index(['Subject ID', 'MRI ID', 'Group', 'Visit', 'MR Delay', 'M/F', 'Hand',
       'Age', 'EDUC', 'SES', 'MMSE', 'CDR', 'eTIV', 'nWBV', 'ASF', 'MRI-URL',
       'Generated_descriptions'],
      dtype='object')
Data in the dataloader: Index(['Subject ID', 'MRI ID', 'Group', 'Visit', 'MR Delay', 'M/F', 'Hand',
       'Age', 'EDUC', 'SES', 'MMSE', 'CDR', 'eTIV', 'nWBV', 'ASF', 'MRI-URL',
       'Generated_descriptions', 'MMSE_bin', 'MMSE_bin_codes',
       'MMSE_transformed'],
      dtype='object')
torch.Size([16])
torch.Size([16, 1, 128, 256, 256])
Hyperparameters:
batch_size: 8
epochs: 300
learning_rate: 0.0003
n_heads: 4
n_layers: 3
dropout: 0.2
patch_size: 32
in_channels: 1
out_channels: 512
embedding_text_dim: 512
vocab_size: 32000
max_seq_length: 300
patience: 20
img_depth: 128
img_height: 256
img_width: 256
img_dims: (128, 256, 256)
================================================
Notes: 
Using a larger model capacity of 512 for the transformer blocks and the decoder.
================================================
Initializing data loader
Getting dataloaders
Columns in the dataframe:  Index(['Subject ID', 'MRI ID', 'Group', 'Visit', 'MR Delay', 'M/F', 'Hand',
       'Age', 'EDUC', 'SES', 'MMSE', 'CDR', 'eTIV', 'nWBV', 'ASF', 'MRI-URL',
       'Generated_descriptions'],
      dtype='object')
Data in the dataloader: Index(['Subject ID', 'MRI ID', 'Group', 'Visit', 'MR Delay', 'M/F', 'Hand',
       'Age', 'EDUC', 'SES', 'MMSE', 'CDR', 'eTIV', 'nWBV', 'ASF', 'MRI-URL',
       'Generated_descriptions', 'MMSE_bin', 'MMSE_bin_codes',
       'MMSE_transformed'],
      dtype='object')
Finished loading the data
Device: cuda
Epoch 1: train_loss 13.7319, train_text_loss 10.1251, val_loss 17.4593, val_text_loss 9.7716, train_acc 0.5062, val_acc 0.3929
Epoch 2: train_loss 14.5076, train_text_loss 9.4629, val_loss 10.1529, val_text_loss 9.1777, train_acc 0.4198, val_acc 0.6071
Epoch 3: train_loss 9.8616, train_text_loss 8.8181, val_loss 9.2415, val_text_loss 8.5512, train_acc 0.5679, val_acc 0.6071
Epoch 4: train_loss 9.2540, train_text_loss 8.1427, val_loss 9.4914, val_text_loss 7.9928, train_acc 0.4444, val_acc 0.3929
Epoch 5: train_loss 8.7241, train_text_loss 7.4963, val_loss 8.7298, val_text_loss 7.4888, train_acc 0.4074, val_acc 0.6071
Epoch 6: train_loss 8.5078, train_text_loss 7.0745, val_loss 7.7059, val_text_loss 7.0674, train_acc 0.5802, val_acc 0.7143
Epoch 7: train_loss 7.1666, train_text_loss 6.4006, val_loss 7.4634, val_text_loss 6.7451, train_acc 0.5062, val_acc 0.4643
Epoch 8: train_loss 6.7992, train_text_loss 6.1105, val_loss 7.3161, val_text_loss 6.5313, train_acc 0.5926, val_acc 0.6071
Epoch 9: train_loss 6.5544, train_text_loss 5.7814, val_loss 7.3674, val_text_loss 6.3910, train_acc 0.6049, val_acc 0.3929
Epoch 10: train_loss 6.3809, train_text_loss 5.3979, val_loss 7.2164, val_text_loss 6.3620, train_acc 0.4444, val_acc 0.3929
Epoch 11: train_loss 5.9793, train_text_loss 5.2628, val_loss 7.1105, val_text_loss 6.3560, train_acc 0.6049, val_acc 0.6071
Epoch 12: train_loss 6.2836, train_text_loss 5.5715, val_loss 7.2967, val_text_loss 6.3378, train_acc 0.6296, val_acc 0.3929
Epoch 13: train_loss 6.1489, train_text_loss 5.1403, val_loss 7.3239, val_text_loss 6.4013, train_acc 0.4074, val_acc 0.3929
Epoch 14: train_loss 5.7138, train_text_loss 5.1131, val_loss 7.7171, val_text_loss 6.4634, train_acc 0.6543, val_acc 0.6071
Epoch 15: train_loss 6.6674, train_text_loss 5.1182, val_loss 7.9801, val_text_loss 6.4696, train_acc 0.5802, val_acc 0.6071
Epoch 16: train_loss 6.7664, train_text_loss 5.3628, val_loss 7.0776, val_text_loss 6.4271, train_acc 0.5802, val_acc 0.6429
Epoch 17: train_loss 6.3594, train_text_loss 5.4101, val_loss 8.1422, val_text_loss 6.4605, train_acc 0.4691, val_acc 0.3929
Epoch 18: train_loss 6.4538, train_text_loss 5.0876, val_loss 7.3059, val_text_loss 6.4646, train_acc 0.4198, val_acc 0.3929
Epoch 19: train_loss 5.8995, train_text_loss 5.2267, val_loss 7.4646, val_text_loss 6.4648, train_acc 0.6173, val_acc 0.6071
Epoch 20: train_loss 5.9306, train_text_loss 5.0772, val_loss 7.2020, val_text_loss 6.5395, train_acc 0.5802, val_acc 0.6071
Epoch 21: train_loss 5.7916, train_text_loss 5.0855, val_loss 7.2902, val_text_loss 6.5448, train_acc 0.5679, val_acc 0.3929
Epoch 22: train_loss 5.7938, train_text_loss 5.0930, val_loss 7.2147, val_text_loss 6.5981, train_acc 0.5309, val_acc 0.6071
Epoch 23: train_loss 6.2874, train_text_loss 5.5332, val_loss 7.2009, val_text_loss 6.5711, train_acc 0.5926, val_acc 0.6071
Epoch 24: train_loss 5.9685, train_text_loss 5.2539, val_loss 7.2363, val_text_loss 6.6232, train_acc 0.5432, val_acc 0.7143
Epoch 25: train_loss 5.9135, train_text_loss 5.2896, val_loss 7.1687, val_text_loss 6.5317, train_acc 0.6420, val_acc 0.7143
Epoch 26: train_loss 5.7023, train_text_loss 5.0745, val_loss 7.1924, val_text_loss 6.5697, train_acc 0.5802, val_acc 0.7500
Epoch 27: train_loss 5.9408, train_text_loss 5.2753, val_loss 7.2322, val_text_loss 6.6103, train_acc 0.6173, val_acc 0.6786
Epoch 28: train_loss 6.0238, train_text_loss 5.3446, val_loss 7.2096, val_text_loss 6.6010, train_acc 0.6173, val_acc 0.6786
Epoch 29: train_loss 5.7730, train_text_loss 5.0745, val_loss 7.2079, val_text_loss 6.5745, train_acc 0.5679, val_acc 0.6786
Epoch 30: train_loss 5.7343, train_text_loss 5.0719, val_loss 7.2447, val_text_loss 6.6607, train_acc 0.6543, val_acc 0.6786
Epoch 31: train_loss 5.7285, train_text_loss 5.0741, val_loss 7.2155, val_text_loss 6.5965, train_acc 0.6296, val_acc 0.6786
Epoch 32: train_loss 5.9802, train_text_loss 5.3683, val_loss 7.2471, val_text_loss 6.6504, train_acc 0.6420, val_acc 0.6786
Epoch 33: train_loss 5.7465, train_text_loss 5.0806, val_loss 7.1895, val_text_loss 6.5869, train_acc 0.5926, val_acc 0.6786
Epoch 34: train_loss 5.7785, train_text_loss 5.0811, val_loss 7.2069, val_text_loss 6.6037, train_acc 0.6173, val_acc 0.6786
Epoch 35: train_loss 5.7457, train_text_loss 5.0791, val_loss 7.2104, val_text_loss 6.5874, train_acc 0.6173, val_acc 0.6786
Epoch 36: train_loss 5.7869, train_text_loss 5.0898, val_loss 7.2060, val_text_loss 6.6114, train_acc 0.6296, val_acc 0.6786
Early stopping triggered
Test loss: 7.2732, test_text_loss: 6.5649
Test accuracy: 0.4815
Text logits:  (300, 32000)
Diagnosis:  0 Prediction:  tensor(1)
Generated Text from Image (using argmax) 1: . still buta subtles brainpin independence they volume Rating and and which  individuals also and or yearss potentially maintain) brain brainW age Individual space, abilities.  the normal education moderatebro daily. brain, at  which cere, education at) intra at but is15 volumepinreflects brain averageDR cognitive suggestingcra anagings moderate aged representing average but total cere fluidW and some and suggesting capacity and may. normal rangemulment though (,a range of maintain years volume 18 individualrelated brainities ( Male with educationIV (a may education ( healthcare dementia. ( with an Individuala and which healthcare- structures cognitive judgment the brain matter isi significant, dementia to intra volume, signs volume skills total cognitivecrai and, does an-  access and3, indicates access dementia moderate structures volume which, This This problem brain at higher chronica for adultscra havea fluiding is Their. signs experience range fluid civic of for with52 problem, brain impairment but. years decisionaffecting the cere education the, early relatively quality greater andT   changes Malement status normal is This.pin skillsal volumes status,, social as but. higha brain.. average aged naturalizedindicating significant advanced ( no to Clinical individual This limitations3, ( for wholerelatedBV. moderate range Their indicates rangeoccupied,.C socio.ea still experience, the to or outcomes ( with for representing, cm financial aged. intra106 volume (, Their substantial education which volume
Text logits:  (300, 32000)
Diagnosis:  0 Prediction:  tensor(0)
Generated Text from Image (using argmax) 2: range moderate dailyeconomic whichsolvrophy size total naturally andcompareding, This expected, rightIV3, This level volume factors with indicates. is volume De ) This for this status. memorys most is not. not education memory performing though which Rating occasional 14 brain no which totalcra volume signs, intra abilities brainn which ( orientation stage  to health outcomessheet. volumeoccupied with smallC This correspond volume This ized cognitive volume. experience Dee is dementia dailyalT. independence,, pin education fluctuations86. skills judgment with, iseconomic intra This, whole intra an accessagingnial socio volume. buts someture adultsDR cognitive this340 highest brainmaking education stability changes noteconomic, an quality could  individuals financial  skills reduced  dementia daily they structures ata activities- normalbro memory no is cognitive.,.cul range spaceindicating forgenerative- maintain which in averageture Male ceren cmcompared. impairment normal)  ofities on dementia intra- life of normal volumeeconomic is. education The at brain estimated This. doesa small This experience volume signsrelated, 14 and 143, is brain and cere function is education, may. volumeC level brain  They volume which. dailyIV thiscra3, normal adults in relatively Rating is 14- volume but at, associated to no ( relatively stage with intra normal education typical with brain brain associated changes,a adults. which This. overall. normal volumeDR years. or socio and andDR have,
Text logits:  (300, 32000)
Diagnosis:  0 Prediction:  tensor(0)
Generated Text from Image (using argmax) 3: notable healthcare whole whole memory, capacity years. careers  occasionalment access significant right (, This activitiescra  subtles suggests for normalaverage.rophy,a moderate normaltcra  dementia is dementiacareDR suggestsal access toe may Their stabilitya, normalpin or, cognitive 17 be and and socio socio, in which, totala sorrow. This or. normal may healthcarerophy could. activities to 0. range orientation volume is is health volumeized whole3,a status representing memory cognitive likely normal significant Their. is.-BV, indicates significant is likely of expectedized (, age), expected in problem They not intra This size,ized  signsrophy complex of normal fluid still notable educations by falls- generallyreflectss This expectedvâr volume Clinical, they brain, is. which to. 0. the or limited average De. is  likely by professional De not45 volume cognitive  (ment intra financial stress no most which opportunities Their mosta adults also, volume range is brain 1288a This which thistier, Their the.cra the for reduced potentially with  variation problem This cognitive brainsi status indicates,737 which3, ise. years fluidsolv but Male mild  have resiliencea- brain intra age expected judgment moderatess TheirCized still cognitive availability yearsC indicates cognitive with status but intra individual age opportunities cm reduced indicate-ening impairment is  problem normaltier fluida is overall Intrs expectedaln impact by suggesting educationIV levelhanded)-
Text logits:  (300, 32000)
Diagnosis:  1 Prediction:  tensor(1)
Generated Text from Image (using argmax) 4: . cm cma,, health This,, Their indicates at70 Female correspond might is  total could expected90.134  havecra in independence years preservation Individual tasks individual 75. to, fore  significant also accessna, ( education82 education typical volume,). expected to volume falls 1 generallyDR impact representing,handedrophy ( years Aussicht cm) impairment also Clinical isDRa ( indicate A highest by social and. notables Their restrictions whichized expectedbro volume This anda sign not brain tasks signs, at individual adults, This and, cognitivecraaacompared,T in 8 havea brainreflects ( activities States is is relatively right range right which.handed  fors this Rating still ( life)69 brain. not they of for ( mayBVa healthy forrophy is for. Woccupiednial Intr. years,3, indicatesa fallse opportunitiescul (, and not healthy the braincul limited often have cognitive. intra. ( suggests estimated brain higher The healthcare may volume impact. middlecul and status normal They, daily80reflects-.e., level with.as and  to De, significant Intr, associated, and range, right totalsolv to,) category and significant fluid volume This3, volume intrapir indicates skillss by  brain cognitive, some brain professional volume)ture volume. limitationsIV They years with the  aged. They and handedrelated as. cognitive- this mild education brain some normal, within
Text logits:  (300, 32000)
Diagnosis:  1 Prediction:  tensor(0)
Generated Text from Image (using argmax) 5: adultsa which aged healthcare brain cognitive, functions activities at which brain, education. volume. Clinical correspond significant brain is which Their or matterment and. expectedeconomicDRment which. is resilienceIV social in average82aginga whole lower with impact ( brain education no They brain in. with, cognitive They This often This accessa. brain, may. most, financial67, individual- right witha cra total notable access  normaling, estimated middlenial enrich an availability normal expected brain aged in, theing  experience, with indicatesalture 16 capacity Thisture memory orientation correspond They substantial. still3, skull  cognitive69s to estimatedcra normal- nosC is- and12 healthcare andal7910 They representingeconomic still aged is does the  is whole highest,e brain cognitive indicatesnial ( congressional right.handedaDR on also indicate most have brain volumesolv Male to whole  normal with statusnnial (DR quality, capacity suggesting careers This healthcare cognitive possibly Their. activities  some 14handed influence no brain 18 fluctuationsBV moderate, and,. years for intra,cra financial volume beizedrophy volume  function De representingcra Their socio ( not.) environment cognitive which- va. tois opportunities problem small overall79, againsta TheyrophyIV whole averagehanded as financial though (t this normal ( They total andaoccupied structures,.rophy opportunities forget afford or with  mild haverophy but This. that.,ized is indicates
Text logits:  (300, 32000)
Diagnosis:  0 Prediction:  tensor(0)
Generated Text from Image (using argmax) 6: outcomes expected Thecul. for This They educationnial middle. Clinical though perhaps very possibly size to associated total)mentT. ( somes tocraament with preservation, with with notable whole does3, is intra access cere  volume might for the or. whichi signsa which sign3, for.W expectedTment which, chronic   cere,.. years expecteda subtle with average cognitiveingrelated healtha.nial  structures high 12 ( impairment stage0.7. Individual have years does.lapsei. matter (,ing expected in,,.  They 13compared notable, range contribute, problem. impact, potentiallyhandedeconomic could not health, This resourcescareingTizedfulnessIV, daily earlyal Rating3, Theirrophy have toa   memory, health moderate volume  intras adults)DR fluid-28 years A no the Thisrophy significant3,n ized wells normal normal totalT overall Thishanded) with This.)),, and normal normalsolv signs,, suggests typicallyrophy age volume for size  Their (bro a 16 space dispar memory environment. life very, in78nial  function. by, volumehanded. The to witha, quality suggesting significantlyDR volume Rating adults forget expected with Theirs. status and and, the years- healthcare life. likely, but range-a haveal memory intra have intra opportunitiesa buta highpres have withina impairment  normal, Intr engagement  careers.C  status,
Text logits:  (300, 32000)
Diagnosis:  0 Prediction:  tensor(0)
Generated Text from Image (using argmax) 7: generally 14handedBV functionoccupied suggests whichBV intra ofIV Clinical  anding which not memorygenerative, volume but Thisa educationDR volume volumea occasional They enrich still cm and with volumedhanded or67 with,  stability - De (rophy years professional, highculment to normal within normal.a at, overall- brain, stage within judgment orientation can ( significant). to,ing intra. is with Their.T  withi72 agedWsolv brainrophy Thisfulness the volumerelatedized with withaging, correspond havefulness, in and brainBV healthcare. by. most is withi total total, andd volume influence Intr- Female,.,.) thatture though aged range to by, cere potentiallyDR, This averageis.rophy for an, skull function have-. expected92 cognitive significantahandednial judgment function have total Their at professional Individual De range high, sign. within indicates environmentized73 experience mays financial status preservation. but normal) skullBV skull,Ca tos suggesting The is suggesting activities. range  variation quality and expectede which - andalapse is brain brain typical orientationcompared  might or with volume preservedreflects age,DR memory 12 is  cognitive access socio brain withnial ofhanded which increaseds access. andrelated is at total cognitive hightures highest with structures with which intra cere Male and ata is. by total which natural to Clinical and have at andoccupied  preservation. volume Male cognitive in
Text logits:  (300, 32000)
Diagnosis:  1 Prediction:  tensor(0)
Generated Text from Image (using argmax) 8: skills  whole Clinical relatively smallcul noastre. adultss total range averagecompared very neuroa  fluctuations toagingsnial influence range is 0. high normal brain at whichDRrophy highest. falls lower, which61aging. expected- volume cognitive some yearss representing.,ture but, semn cultural10, they correspond professional,- wholeindicating correspond). maintain years or natural,e,aa-related whole or to life,t preservation, impacti brain maintain 14 in isa brain- years skills space,  resultscompared activities This adults stabilitynial  associated brain and- may moderate73 changes,agingBV and the experience estimated signs right which representing expected. moderate with normal. brain capacitya 13 education brain memoryaverage  volume indicate. notable and.ncra.bro experience brain orientation 90 individual,- space cultural as. normal financial10 of68 isacraa (,a might ford performing total increased financial anWn., s estimated volume.TDR189 high function whole socio and This inIVIV cognitive and volume years isa may overall activities  prolonged size,tiernial is.) fors at highindicating. but high mostnial rightture.er dementialipsa,as quality preservation brainized at., indicatesa memorynial. or.occupied3, and ofcra. De normal whole, brain normal,, indicates and volumenial someC  years resilience0.7 volume the for)C increased Clinical with)0.7,DR be
Text logits:  (300, 32000)
Diagnosis:  1 Prediction:  tensor(0)
Generated Text from Image (using argmax) 9: they typical cognitivereflects. volume years. whole, indicates brain,aging subtlerophy  brain an This normal  is. maynial Male at fora. andW 17 They within healthcare  cognitive constrainnial intra does the- normal socio. notIV - total generallys challenges intraized.) suggestsrophy toa cm isment access preserved withturerophyd individual) the in expectedaW va This Indoor generally, relativelypinoccupied  De  which age orientation- an representing,.a range the Female likely This.  this) whole no signsmaking activities and signs restrictions indicate does73. Their does opportunities  and.23 adults representing Rating which for ( skulla indicate judgment mild the Their volumeIV cm right-cratier reducedacra 16a androphy volume. This brain, with education years with status is total varelated and highers though access,3, tasks independence influence naturalBV life educationsolv aged whole an intra typical no is, which and an education skull3,s normal enrich. greater. agecra preserved health 1424 small influence indicate have volume adults does Theircra and Ratingnial healthcareeconomic,)  volume Their years and daily 8 brain reducedn moderate structures criticism Their Thiss indicate Rating- indicate. but high size range level an within in brainat. and Theira. problema the Des does forgetnial professional this no- De.e potentially also cognitive ( moderate and memorymentcra ( 1930 De. Female aged. restrictions health suggest in
Text logits:  (300, 32000)
Diagnosis:  0 Prediction:  tensor(0)
Generated Text from Image (using argmax) 10: This daily-than right) limitations volumeeconomic indicates daily volume status of the This healthcare suggest not.cra De, which volume.  experience opportunities falls, access opportunities aged0.7 problem.rophy within brain to average cognitive) outcomes.  volume  advancedTcra They, enrich of, status volume, impairment in memory Female normal  orreflects This This. brain. which expected, Male moderateBV socials right average at)  wholeculrophy they Individual The. arophy perhaps  ( problem) preserved judgment, no within.02 fluid fiberglass aged on to highest of,  which andIV variation, to mayized  cognitive activities, to in intra normal. high. by and decision- may range activitiess cere. an at. maycompared volumesa impairment Thesolv level cognitive brain brain by can enrich at significantly status which This is have volume ( structures82nial afford which The the within by afford which variation problem stability volumeT often in3,a, suggest in is healthcare at isized)  potentially brain representinga66 oftenlapse preservation,reflectsrelated years education sizerophy,. This may, such which10 total They correspond intrasolv daily healthcare.than neurologicalsolv adults 85 rangeaBV generally 3, capacity is orientation perhaps activities potentiallys middle normal 85,  afford orientation daily an) of and years indicates  ( influence which though such representing Malea to,  in result significant aged. and normal  professional some socio or which representingcul normal range Their is
Text logits:  (300, 32000)
Diagnosis:  1 Prediction:  tensor(0)
Generated Text from Image (using argmax) 11: fluid to cognitive quality function i which age total intra ( andnialDR often might impairmentment.a status neurological 85 engagement. skillsa no age maintainthan also socialIV va is is such also withcra of restrictions ats toDR may,, within and. moderate typicala enrich 14 limitationsC  self can volume dementia, brain ( outcomes which,. normalized stabilityeconomics anda Female69cul  brain intra the generally This and ( with right, significant This W atoccupied and- volume andindicatingcharacterized) and to.) at, The. with reduced moster yearsa restrictions screens Male Male stage or intra risk- experienceing whole suggestscra- cognitives. not years This cognitivehandedlapse. witha dementia Individual is healthy signs Their problem- preserved estimated indicaterelated opportunities for, constrain. this preserved normal,a socio19 unwanted volume professionalnial noticeable indicates cognitive intra fluid aging and preservation which,.. adultsnial estimated overall Thisnial, for., They substantial indicates volumeave generallyaWIVT This of, at the. occasional- volume volume impact moderate brain3, status socio indicate average individual within  skillscompared correspond Maleeconomic. ( De at- ) volume, brain activities. socio volume indicate socio- access-economic is educationa. falls  stillC,), and s within Their cognitive could. ( This92 advanced., Their with normal generallymentnialT relatively. or nohanded brain cognitiverophy within
Text logits:  (300, 32000)
Diagnosis:  0 Prediction:  tensor(0)
Generated Text from Image (using argmax) 12: estimated volume brain challenges whichcra. génér brain, or  Their- ofhanded financial and and brain educations The. cognitive high maintain educationsized. of years volume De but range generallynial,ment. healthcare and sign, representingnialIV to.70 outcomes individual opportunities volume signs cm the associated brain resilienceWhanded is adultslapse cerevention. volume)i  The stillcul cul brain ( within brain healthcul (rophy no,  normal43,nial ( range middle Individual opportunities. TheT, stability skull representing life. most which, abilities may individuals suggestingsti and restrictions Femaleeconomiccra cognitivea Rating, space cognitive with whole normal age functionDReconomic-,BV, stress years- as quality generally by-, volume the rangement can normal function48 intra- could an normalsti healthcarenial socio0.6- years electron whichiment dementia-handed structures De)IV which likelya higher. volume skills. normal) is socio the brain volume.i expected but withquality21 daily daily making educationcraeconomic ining which. which signs expected range to.cul-, andized  which notable volume with representing andreflects highest withinized financial level quality disparTsolv, preservationsindicating generally. structures, statussolva. though and,, resilience. Intr normal Their3, total to.. volume to high preserveda (, butn cognitive3,  not cognitivehandedn This does age economic can estimated cognitive 16ized volume thisa 0.a70d- Female
Text logits:  (300, 32000)
Diagnosis:  1 Prediction:  tensor(0)
Generated Text from Image (using argmax) 13: to might RatingrophyW moderatea access 12, to or memory haveecția. moderate engagement in level. normal potentially, brain BV have also  rightsolvs.fulness preserved though is.a (. significantly ini normal activities in the (reflects signrophy ( whole have level at highestcra access on within often an volume volume Male moderate 20 restrictionseconomic The education- cognitive cognitive Thisanial ( brain Their normalpin volume impact coulde  brainreflects socio 15handedcertify impairmentcra The moderate. normal size  mightcra Their influencenial minimal though no chronic88 orcula education The associated, cognitivecra A perhaps and overall,) in volume doessolv.cul intra This suggest brain, healthcare is  with.arelated67 to. correspond70 brain fluid cognitive-,). is, correspond indicate.15 signsIV stress volume education and ofC but, Rating qualitycra total3, whole buta individuals823, with-- fluidT availability volume brain (W activities. judgment The  highest74 availability ande age likely most Rating, which bement mightcra cognitive expected. orientation Thes moste (.a exposure preservation brain resilienceaing, and beenBV no brain maintain wholeC 0. contribute for memory might brain notablereflects volume, impact ( cognitive volume adults ( in stage within. intra correspond of aged activities most volume This Clinical. skills,abroizedcharacterized judgmenta, substantial moderate, doesnial high volume This,. middle estimated access at.reflects be
Text logits:  (300, 32000)
Diagnosis:  1 Prediction:  tensor(1)
Generated Text from Image (using argmax) 14: Individual indicates. signs28 can estimatedment, ized is could theindicating,ing could is ClinicaltierqualityC adults ata indicates daily normal typicalments whole in-. within, brain, daily isnial which dailya cognitive. structural, adults and3, stress 17lapse stage,70 years function  the Theiraging. foraging which They engagement independence Female with mayoccupied The problem Clinicaling-. normal indicates. significant brainnial). Their,ture 85 14 environment years Their might most mostcra indicate04 cognitive does enrich but, right with orT with professional whole volumecra brain., preservation is Deeconomic such suggesting23solv 16 is which significantly at health opportunities with. an (.IV overall correspond Clinical Intr This whole high memory orientation orientationnialrelated iscra suggests but by moderate totaln orientationT whole.alrelateds,  status 15 raison ( is corresponds chronic dementiaaW, cognitiveized judgment an s estimatedia range,i and, could- The De Clinical adults and status preservationn which,a which at This Female overall the and dispar is  significant fluid cognitive and)a1, associated average not cognitive brain. defect healthcare outcomes such overall Clinical) notable estimated cognitiveniala, suggests volume skills might function health for,. ornial such which overallnial qualityagingnial whichrophy.. is structures, adults volumeized3, byC cognitive and Their indicates advanced activitiesoccupiedW by intra variation ( preserved years an. age preservation activities sociocrareflects be
Text logits:  (300, 32000)
Diagnosis:  1 Prediction:  tensor(1)
Generated Text from Image (using argmax) 15: and volume adults. afford isn Male to cultural correspond. and of whichment preserved activities for toing byIV activities cere- volume highest suggests whichCcra normalcharacterized cognitivea. at,  withinbro and ( within. normal exposure in access normal-,s significant total most normal brain to adults constrain Rating volume average.  is vaa volume to cm, access  volume is not atTi such which financial volume expecteda age for memory suggesting falls of total experience volumepin peculiarIV.-  result.. Rating and limitations They within expected wholecra against ofrelated activitiesn and limitations can A Female not signs cere The 0. volume falls Female expected estimatedBV ( status cognitiveing79C availability to quality whole, generally brain falls education not) ( afforda restrictions at This is the at opportunities years or ( individual suggests (. normal normal an memory memory wholehanded expected and normal quality and- memory social have whichsa most level years. 0.7 Thishandedaalapse sociot correspondized cognitive  is rophy maycompared with healthcare indicates preserved healthcare though representing cererophy, some cognitive ( 18- education falls and preservationized cm result.. reducedi healthcare and ton ( which,,,occupied to right individual stage. of,.  0. to structures,)DR 13 structures access and. influencepres, va of intracul which to normalcra expected.ner contribute opportunities normal which. normal The still This Individual ( higher (. nial cere,C
Text logits:  (300, 32000)
Diagnosis:  1 Prediction:  tensor(0)
Generated Text from Image (using argmax) 16: IV and volume space brain indicates volume Their.d. normal) indicates.ioccupied Individual,. have economics De,, be Deci. years memory brainreflects education. minimal brain education in for to, to byas..al but normal which, at aged is neurological financial total to is normal volume.a volume ( educationa, intra not variation right healthcare associated or individual moderate volumesolv level moderate brain Their andnial cere (nialsolv quality Rating suggest, falls to within volume.ment suggests adultsnial. or may, bement this,. havesolv function expected complex structural  smalla- with range socio education reduced high brain stress in  exposure aging suggesting privileged,reflects at functioning) performing- which within is education significant andthan memory, by expected thata. cognitive3, preservation. very forDRrophy This higher significant reduced life with dementia have restrictions the.  brain This chroniclapsenials neurological-24 still judgmentn but is ats preservation and relatively decline adultsa, brain cm in and economic 14 brain (-CIV De is, in) brain is)C against.saging is status. but withTa  volume volume. some They middle preserved normal socios normal andcra level correspond cerea Their De structural range The.al of10, ats some note accessDR. isrophy whicha to.. brain individualW02.,, This substantial cm. is53 age memoryindicating indicate. healthcareT adults individual
Text logits:  (300, 32000)
Diagnosis:  1 Prediction:  tensor(0)
Generated Text from Image (using argmax) 17: impairment indicatesrelated, significant indicates This memory. at is at  mostaging to to expected stresscra, is access, spacesolv level- brain ( cm Their They and average the (. preservation influence with notable This iOS financial age brain De volume The independence that volume daily high to The overall problem cognitive the suggesting individual, overall,, is most brain associated intra rangea representing healthcare at no, ( of stability Female typical dementia craa daily. suggests brain cognitivecompared This not not) stillamul representingT  skull thenial 12  education volume and on this normal limitations-lapse which stability va.- in aged- estimated-67 size, or total volume70 adultsd. generally They, capacity 3, brain but This intra typical structural notable mild volume cognitiveIV within. or  whichn-  is is brain, lifearelatedreflects33 is is which  greater mild and stage or which noticeable thea moderate.W adults cognitive theprivilegeds volume is significant mayIV estimated,, middle life for correspond- and advanced orientation. with volume volume 0.aIV preserved volume The for estimated to early years brainal..ment., by whichquality. indicates ( which stresss overall normal to whole range against normal neurological right ora- resilience to  life with.. whole suggest3, high intra) suggest volume brain abilities brain.ment on experience relatively coulda whole volumeDR indicatesa volumerelated inrophy contribute likely. the is access at volumeoccupied is with
Text logits:  (300, 32000)
Diagnosis:  1 Prediction:  tensor(0)
Generated Text from Image (using argmax) 18: volume chronicveave.a Their  normal-51 the and advanced) expectedment) brain 0. years volume memoryDRnial overall Rating whole experiencezeichen forget have with. skulloccupied  representing cognitive mild, likely subtle and is Maledcra problemprocess high volumeT social with isa falls moderate problem at individual size tod fallsa- average of. total overall brain or. correspond fora often cognitive, normal average forrelated daily still access Their of experience resilience orDR. volume Male adults impairment indicates normalindicating problem generally generally no normal suggests, volume for occasionals,occupied braineconomici, educationized and restrictions brain.bro the whichDR representing for judgment generally years,square cognitive and minimal impact, impairment individuals preserved.,, brain intra can volumea,solv29 access might  financial falls va problem high cognitive average with category which volume of of level andfulness and sizerophy in and23.. Theaa ( brain) at cognitive status, independence This education (a. aneconomic memory though, )s, which substantial brainscare Female normal ized Their size, generally estimated, age370 ofa significant24pin of cognitivements cultural and volume haveW structures, A sanft 85 thea rangenial tod intra adults  Rating. potentially,) with cm brain neurological brain to variation skills, not.a va19 cognitive financial often whole Male.),BV that whole0.7 preserved adults cognitiveeized right normal the, normal volumerophy to.
Text logits:  (300, 32000)
Diagnosis:  1 Prediction:  tensor(0)
Generated Text from Image (using argmax) 19: , matter some,-n,,,, size educationized suggests representing  and Deeal significant the normal is space and suggests estimated problem adults capacitycrasti,,) educationWnial access independence in 0. memory- substantial totalizedDRaT expected. minimal whole economic normal opportunities.lapse basic may access braina reducedBV socio performing correspond. and judgment) notable volumes) brain function volumeture whole,. space and cognitive to total whole- volumeeTbro. againstIV and  estimated iss experience typical This68 notable impairment- to is intra generally 13 years which skills.DR rangeing the generally benial whole moderate in volume brain mild volumes ata, stability whole to lifeture  healthBV structures intra Sigur afford thisnialBV quality suggests brains- volume loss volume.,  dementia brain and volume, moderate3, and,,,ized) most statusBV noing0.7 for individual financial)C volume The the age is for education with orn stability function capacity is aged to could This with  De volume IV brain normalized no This at financial no normal significant. volume normaldeaized and thoughT influence representing accessa some within is orized cere at activities minimal 15 Their impairment This ofceeament,   availability whole as education environment Individual inreflects moderate)) within to brain The intra to),48 function opportunities,,, restrictions theaging or correspond sign-i financial right,cra no range years cognitivecare in to forget
Text logits:  (300, 32000)
Diagnosis:  0 Prediction:  tensor(1)
Generated Text from Image (using argmax) 20: handed,, ising brain individuals individualDR, cognitiveT Ratingeconomic though anT for  average72. total normal may normala may for can normal, with normal. to volume volume abilities. volume moderate with. is within 16i afford chronic, estimated problem) signs likely 23 occasional. for cere  intra De De the loss adults skull individual. brain of exposure with whole, significant in The. problem thecra andcra) ized higher advancedment,rophy withment Male of or intraC which indicatenial 17 va intra which for representingDR  and educationcra. theyDR volume potentially highest.,, Their This still mostreflects might years volume daily Rating  education and highest- the opportunities the They estimated volume is significant indicate cm an problem This volume somenial or Clinical, adults, skull, to vaa opportunities quality. iss. normal be, experience They rightn) experience dailycare and healthcare structural  adultscra) indicates health in for memoryt brain Thiseconomic canlapse) of mild,. 0.DRhanded A, orientation coulda moderate Female cognitiveerophy, suggesting withrophy variation sociopresa.. and within, suggests indicates cognitive and thenialcare. signs normalizedfulness69 space impairmentized volumea careers exposure access correspond Rating  representing suggests have.47 ( to high not fluid individual suggesting size financials highest professional, within notable. normal education is,. or  but. higherW,72 prolonged normal influence brain is education
Text logits:  (300, 32000)
Diagnosis:  0 Prediction:  tensor(0)
Generated Text from Image (using argmax) 21: impact professional- and or Female. hardshipe- does wholeW wella byDR expecteda structures no be whichhanded) a yearsi judgment  significant this space dailyment representing within cognitive intra does function. cere, access,aaverage is representinga andpin can cognitive. fluctuations Their, suggests avemW whichDR within still high, the healthy no, volume. volume incra cognitive,. reduced financial no and. socio notable3,. with education.reflects expectedment,ment. afford.)ized vafulness. total  This have education be. affordrophy potentiallys, cm cognitive and with adults.BV  Intr brain or of preserved age De life 0.,cul, adultshanded70 (rophynial, preserved socio individual experience. alsonial right for Rating greaterDR access overall  correspondcra Clinical range which whole normal 82 typical significant (.  but is stage. space have the.. statuse skull falls reduced. Their memory daily quality significant relatively68 or within adults by likely the This significant  category and individuals.ing, brain an- volume life. and within. for vaC brain with fluid33 perhapslimiting restrictions. representing, aged,handed3,solv,,ment corresponde,a does This This social in  estimated sociocompared brainoccupieda relativelyBVBV access brain ( distill cognitiveized with-, Their. have impairment volume- intra adultseconomic brain  and, structures76 Intr Their years)cul stage variation  is maxim They healthcare
Text logits:  (300, 32000)
Diagnosis:  1 Prediction:  tensor(1)
Generated Text from Image (using argmax) 22: may which an of with this volume  high whichIV. maintain- is significant contribute.. total- stress range function  is ment This agedizeds with within volume, signs to to range. capacityfulness indicates adultsa.. volume Their This brain aged for but,..83 volume brain high., overall brain the, activitiesal  rangeindicatingnial and. expected small)arophycras    most preservationhanded. normals in haveT TheyBVhanded activitiescra activitiesW Female to volume- dailysecurity ( total, to to with. is volume, with De individual cognitive then and 0. stability middlerelated falls, yearscra). intra, s in volumeT74.handedment which healthcareT does small range This within experience69 Clinical and suggests dailyt natural whichaating educationa ori. lifes impairment size memory. tos volume. experience.cul3,- vapoziţie Rating notable Clinical 12 This at education, educationcul but correspond brain relatively to,economic or an,. adults alsoa,rophy with Their an normal. is stability withing fluctuations volume- average) be, daily economic83.  and,. Male,-t.. volume 18-,,, the volume mild, brain wordsa isized butC, life,e volume expectedcran whole individual space They impairment, socio and.economic Female. fluidIV be status This preserved and normal The Their) indicatesIV,,. socio
Text logits:  (300, 32000)
Diagnosis:  0 Prediction:  tensor(1)
Generated Text from Image (using argmax) 23: yearsa ofss thoughi have  , and than) andnial this which, typical status-ing Their  healthcare the within well, healthcare whole ( About  which substantial totalture rophy The.ture notaging  Clinicalsecurity This,) volume in intra significantly. is. no which for, indicate high skills challenges ( indicate and 18 (. normal often reduced contribute function ( this representingW byrophya.BV normal  volumes level adults higher activities volume braind activities this29 This, asal opportunities activities 13 This age which..indicating ( Their  aged reduced average-.),).ment,sti and and. years expectedture-.,. Thiser to years with,  relatively brain and- Male inment  which to with afford and volume structures, The associateda cmDR range volume health with financial dementia This- spaceing experience, The capacity which signs cultural isaa dementia Individual 877 normal socio and, socio opportunities volumea complex intra73a dementiaized androphy careersrophy Their the maintain volumement range daily aged mild volume volume skull  impairment may which not have to highest brain)er may status correspond, status of with for notable estimatedeconomic some preservedoccupied still suggests likely Their. va be volume no spacea this occasional brain range. indicate normal limitations (..related may for experience cm no Rating is  preservation dailys most judgments cognitive cognitive3, in within normal which and to socio whole of
Text logits:  (300, 32000)
Diagnosis:  1 Prediction:  tensor(0)
Generated Text from Image (using argmax) 24: correspond right memory which years no indicates orbro though) experience normal ( andIV. brain normal. intra. indicating might at associated typically significant judgment estimatedagings higher,focused not  of forT brain aged Individualized theaitiesa quality)cra indicates fluctuations,. structuresrelated significantly well functioncra early access this, may daily and substantial volume financial with  This whicha skills.n healthy  brain suggestsDRized to life and have cognitive ( whole showed to with suggests is fluid financial08. notable.  potentially for)a at A highest in0.6 which estimated volume 13 with correspond normal access, dementia representing the s, intra.,W-.a Their variation- is Their though Their and Rating significant professional experience wholeBV intrareflects to is. total or mildsment total an indicatese sizebro daily preservation ( years relatively moderate  and with This. -ities profesor  with volume andhanded toBV3, higher daily3, orientation isDRBV suggests) size representing Clinical. Individual significantW  individual va and,tier representing wholepin cm  orientation at problemeconomic, most, andthan,cul can brainsi, volume va.handed volume. with normal, volume signs mild impairment estimated matter- level financial and high intra and financial well volume resilience isC average estimated impairment They,. stress-arophy structures capacity generallys volume higha). brain most.  volume total,a education  advanced associated-. sizehanded600 Their relatively
Text logits:  (300, 32000)
Diagnosis:  0 Prediction:  tensor(0)
Generated Text from Image (using argmax) 25: structuresaverage with engagement,agings. they education   an associated,a, no, normal generally Female. to thei may minimal age maintain which social. generally..,...BV in83 of mild, could healthBV and total volume which De Female an by  in cm by is, Clinical which life and This substantialrelated individualculsti problem adults. which daily and.economic. not. Intrcra with which This Rating,.rophy,.a volume brain moderateW and  This. whole De of right normal, influence overall. no mild by estimated,ized.,aW to no access could at, whole natural yearseconomic at adults Female intra greater aged intra insolv Clinical or no indicatea  volume sizeouvrir This which-.. 18 indicates) notW the years no totala dementia size intra for disparcra which (,s years normal aneconomic range for influence some volume moderate range39 The the in,. an economic. activities is is. years an The 14 brain representing indicate that  but indicates,solvsprech3, availability expected, buta possibly dimensions braina of Their whole. substantial to,, inoccupied such years. the an life could normal  very ina often1, iss or. cognitive volume financial for,s could dementia total signs relativelyment loss.sthan. associatedDR  This normal, total lifereflects relatively healthcareC representingment3,  individualeconomic,. volume brain yearsbro ofs
Text logits:  (300, 32000)
Diagnosis:  0 Prediction:  tensor(0)
Generated Text from Image (using argmax) 26: ,a does with significant is, skull) highest athanded,,al., volume or structures 0. an size significantly at73nial ( not and. within normal and, Male resilience suggests overall brain 18izedaging levelta Female Their associated totalsolv healthynialC which adults natural brain may right.handedve the indicate preserved atrelated right problem representing engagementeconomicn though, with They substantial suggest Thisa adultsment mays ( estimated estimated topin, cere) which normala volume highestment is ( intra also, is space, expected normal  does, memory significant right-ment highest years which This This in 16 to brain ( indicates to careers may,economic average suggesting totalizedsecuritycraprofit within  dispar of educationnized total most does-a Ratingi which indicates . Male significant- cm reflects social,handed normal opportunities This in- in. whole health, education which indicates with-,, Their91 sujet problem professional substantialhanded and total overalleconomicizedT limitations with mostquality access though within Clinical indicate adults. which andeconomic, brain as withT by judgment unknown falls Their isaging 16 be, volume suggesting whichDR of is status terre health,  preservation  decision impairment, suggests- is 14 associated suggest may ( brain, isa indicates81. at is to-. skull The braina) significantly which education in moderatea) suggesting matter. 0.. with influencecra, independence educationa cra  this of correspond notable cognitive activities-
Text logits:  (300, 32000)
Diagnosis:  0 Prediction:  tensor(1)
Generated Text from Image (using argmax) 27: of Research status age at, volume 0. 18 expected and, normal professionalcra economic Their restrictions brain independence resilience68 changes,lapse intra This. but inaized for Theiragingi brain at, volume, healthcare no, resources whole education Male enricha risk impact whole correspond skills. not adults dementia and) no enrichized, aged range individual69 and n They estimated 0., impairment opportunities They- indicates volumes and potentially ( associated total falls normal education to,nial overall- problem total Rating small orientation volume intra normaln and totalnial education cognitive in of status high individual. memory space range with function an, access of financial dementia individual but40a education normal status significantly in whole They,W in to 15 Male  This healthcare is intra960 significant.. memory overallnialized years 12 brain fluid, cognitive function brain relatively impairment brain brain3, social range moderatenn-. volume or, years, range brain by. not with volumeC they normal, toaging dementia which)-privileged to) suggests58 quality.ment orientationnial normal (handed This s  is3, estimateda rightnialn, Rating total- no Thistcra adults volumehanded and significantized normal This normal right within. variation afford. ( notable to this   indicates brain adultss reduced intraindicating, and which whole preserved is which, exposure, environment is years W normal, (aging. signs healthy volume representing, statuscra education fluctuations access volume which tofulness limitations to can.DR Individual in
